Archive member included to satisfy reference by file (symbol)

C:/ST/STM32CubeIDE_1.18.1/STM32CubeIDE/plugins/com.st.stm32cube.ide.mcu.externaltools.gnu-tools-for-stm32.13.3.rel1.win32_1.0.0.202411081344/tools/bin/../lib/gcc/arm-none-eabi/13.3.1/../../../../arm-none-eabi/lib/thumb/v7e-m+fp/hard\libc_nano.a(libc_a-exit.o)
                              C:/ST/STM32CubeIDE_1.18.1/STM32CubeIDE/plugins/com.st.stm32cube.ide.mcu.externaltools.gnu-tools-for-stm32.13.3.rel1.win32_1.0.0.202411081344/tools/bin/../lib/gcc/arm-none-eabi/13.3.1/../../../../arm-none-eabi/lib/thumb/v7e-m+fp/hard/crt0.o (exit)
C:/ST/STM32CubeIDE_1.18.1/STM32CubeIDE/plugins/com.st.stm32cube.ide.mcu.externaltools.gnu-tools-for-stm32.13.3.rel1.win32_1.0.0.202411081344/tools/bin/../lib/gcc/arm-none-eabi/13.3.1/../../../../arm-none-eabi/lib/thumb/v7e-m+fp/hard\libc_nano.a(libc_a-findfp.o)
                              C:/ST/STM32CubeIDE_1.18.1/STM32CubeIDE/plugins/com.st.stm32cube.ide.mcu.externaltools.gnu-tools-for-stm32.13.3.rel1.win32_1.0.0.202411081344/tools/bin/../lib/gcc/arm-none-eabi/13.3.1/../../../../arm-none-eabi/lib/thumb/v7e-m+fp/hard\libc_nano.a(libc_a-exit.o) (__stdio_exit_handler)
C:/ST/STM32CubeIDE_1.18.1/STM32CubeIDE/plugins/com.st.stm32cube.ide.mcu.externaltools.gnu-tools-for-stm32.13.3.rel1.win32_1.0.0.202411081344/tools/bin/../lib/gcc/arm-none-eabi/13.3.1/../../../../arm-none-eabi/lib/thumb/v7e-m+fp/hard\libc_nano.a(libc_a-fwalk.o)
                              C:/ST/STM32CubeIDE_1.18.1/STM32CubeIDE/plugins/com.st.stm32cube.ide.mcu.externaltools.gnu-tools-for-stm32.13.3.rel1.win32_1.0.0.202411081344/tools/bin/../lib/gcc/arm-none-eabi/13.3.1/../../../../arm-none-eabi/lib/thumb/v7e-m+fp/hard\libc_nano.a(libc_a-findfp.o) (_fwalk_sglue)
C:/ST/STM32CubeIDE_1.18.1/STM32CubeIDE/plugins/com.st.stm32cube.ide.mcu.externaltools.gnu-tools-for-stm32.13.3.rel1.win32_1.0.0.202411081344/tools/bin/../lib/gcc/arm-none-eabi/13.3.1/../../../../arm-none-eabi/lib/thumb/v7e-m+fp/hard\libc_nano.a(libc_a-sprintf.o)
                              ./Core/Src/main.o (sprintf)
C:/ST/STM32CubeIDE_1.18.1/STM32CubeIDE/plugins/com.st.stm32cube.ide.mcu.externaltools.gnu-tools-for-stm32.13.3.rel1.win32_1.0.0.202411081344/tools/bin/../lib/gcc/arm-none-eabi/13.3.1/../../../../arm-none-eabi/lib/thumb/v7e-m+fp/hard\libc_nano.a(libc_a-stdio.o)
                              C:/ST/STM32CubeIDE_1.18.1/STM32CubeIDE/plugins/com.st.stm32cube.ide.mcu.externaltools.gnu-tools-for-stm32.13.3.rel1.win32_1.0.0.202411081344/tools/bin/../lib/gcc/arm-none-eabi/13.3.1/../../../../arm-none-eabi/lib/thumb/v7e-m+fp/hard\libc_nano.a(libc_a-findfp.o) (__sread)
C:/ST/STM32CubeIDE_1.18.1/STM32CubeIDE/plugins/com.st.stm32cube.ide.mcu.externaltools.gnu-tools-for-stm32.13.3.rel1.win32_1.0.0.202411081344/tools/bin/../lib/gcc/arm-none-eabi/13.3.1/../../../../arm-none-eabi/lib/thumb/v7e-m+fp/hard\libc_nano.a(libc_a-memset.o)
                              C:/ST/STM32CubeIDE_1.18.1/STM32CubeIDE/plugins/com.st.stm32cube.ide.mcu.externaltools.gnu-tools-for-stm32.13.3.rel1.win32_1.0.0.202411081344/tools/bin/../lib/gcc/arm-none-eabi/13.3.1/../../../../arm-none-eabi/lib/thumb/v7e-m+fp/hard/crt0.o (memset)
C:/ST/STM32CubeIDE_1.18.1/STM32CubeIDE/plugins/com.st.stm32cube.ide.mcu.externaltools.gnu-tools-for-stm32.13.3.rel1.win32_1.0.0.202411081344/tools/bin/../lib/gcc/arm-none-eabi/13.3.1/../../../../arm-none-eabi/lib/thumb/v7e-m+fp/hard\libc_nano.a(libc_a-closer.o)
                              C:/ST/STM32CubeIDE_1.18.1/STM32CubeIDE/plugins/com.st.stm32cube.ide.mcu.externaltools.gnu-tools-for-stm32.13.3.rel1.win32_1.0.0.202411081344/tools/bin/../lib/gcc/arm-none-eabi/13.3.1/../../../../arm-none-eabi/lib/thumb/v7e-m+fp/hard\libc_nano.a(libc_a-stdio.o) (_close_r)
C:/ST/STM32CubeIDE_1.18.1/STM32CubeIDE/plugins/com.st.stm32cube.ide.mcu.externaltools.gnu-tools-for-stm32.13.3.rel1.win32_1.0.0.202411081344/tools/bin/../lib/gcc/arm-none-eabi/13.3.1/../../../../arm-none-eabi/lib/thumb/v7e-m+fp/hard\libc_nano.a(libc_a-reent.o)
                              C:/ST/STM32CubeIDE_1.18.1/STM32CubeIDE/plugins/com.st.stm32cube.ide.mcu.externaltools.gnu-tools-for-stm32.13.3.rel1.win32_1.0.0.202411081344/tools/bin/../lib/gcc/arm-none-eabi/13.3.1/../../../../arm-none-eabi/lib/thumb/v7e-m+fp/hard\libc_nano.a(libc_a-closer.o) (errno)
C:/ST/STM32CubeIDE_1.18.1/STM32CubeIDE/plugins/com.st.stm32cube.ide.mcu.externaltools.gnu-tools-for-stm32.13.3.rel1.win32_1.0.0.202411081344/tools/bin/../lib/gcc/arm-none-eabi/13.3.1/../../../../arm-none-eabi/lib/thumb/v7e-m+fp/hard\libc_nano.a(libc_a-impure.o)
                              C:/ST/STM32CubeIDE_1.18.1/STM32CubeIDE/plugins/com.st.stm32cube.ide.mcu.externaltools.gnu-tools-for-stm32.13.3.rel1.win32_1.0.0.202411081344/tools/bin/../lib/gcc/arm-none-eabi/13.3.1/../../../../arm-none-eabi/lib/thumb/v7e-m+fp/hard\libc_nano.a(libc_a-sprintf.o) (_impure_ptr)
[...]
Memory Configuration

Name             Origin             Length             Attributes
CCMRAM           0x10000000         0x00010000         xrw
RAM              0x20000000         0x00020000         xrw
FLASH            0x08000000         0x00100000         xr
*default*        0x00000000         0xffffffff

Linker script and memory map

LOAD C:/ST/STM32CubeIDE_1.18.1/STM32CubeIDE/plugins/com.st.stm32cube.ide.mcu.externaltools.gnu-tools-for-stm32.13.3.rel1.win32_1.0.0.202411081344/tools/bin/../lib/gcc/arm-none-eabi/13.3.1/thumb/v7e-m+fp/hard/crti.o
LOAD C:/ST/STM32CubeIDE_1.18.1/STM32CubeIDE/plugins/com.st.stm32cube.ide.mcu.externaltools.gnu-tools-for-stm32.13.3.rel1.win32_1.0.0.202411081344/tools/bin/../lib/gcc/arm-none-eabi/13.3.1/thumb/v7e-m+fp/hard/crtbegin.o
LOAD C:/ST/STM32CubeIDE_1.18.1/STM32CubeIDE/plugins/com.st.stm32cube.ide.mcu.externaltools.gnu-tools-for-stm32.13.3.rel1.win32_1.0.0.202411081344/tools/bin/../lib/gcc/arm-none-eabi/13.3.1/../../../../arm-none-eabi/lib/thumb/v7e-m+fp/hard/crt0.o
LOAD ./Core/Src/I2C_Codec.o
LOAD ./Core/Src/main.o
LOAD ./Core/Src/ssd1306.o
LOAD ./Core/Src/ssd1306_fonts.o
LOAD ./Core/Src/stm32f4xx_hal_msp.o
LOAD ./Core/Src/stm32f4xx_it.o
LOAD ./Core/Src/syscalls.o
LOAD ./Core/Src/sysmem.o
LOAD ./Core/Src/system_stm32f4xx.o
LOAD ./Core/Startup/startup_stm32f405rgtx.o
LOAD ./Drivers/STM32F4xx_HAL_Driver/Src/stm32f4xx_hal.o
LOAD ./Drivers/STM32F4xx_HAL_Driver/Src/stm32f4xx_hal_adc.o
LOAD ./Drivers/STM32F4xx_HAL_Driver/Src/stm32f4xx_hal_adc_ex.o
LOAD ./Drivers/STM32F4xx_HAL_Driver/Src/stm32f4xx_hal_cortex.o
LOAD ./Drivers/STM32F4xx_HAL_Driver/Src/stm32f4xx_hal_dma.o
LOAD ./Drivers/STM32F4xx_HAL_Driver/Src/stm32f4xx_hal_dma_ex.o
LOAD ./Drivers/STM32F4xx_HAL_Driver/Src/stm32f4xx_hal_exti.o
LOAD ./Drivers/STM32F4xx_HAL_Driver/Src/stm32f4xx_hal_flash.o
LOAD ./Drivers/STM32F4xx_HAL_Driver/Src/stm32f4xx_hal_flash_ex.o
LOAD ./Drivers/STM32F4xx_HAL_Driver/Src/stm32f4xx_hal_flash_ramfunc.o
LOAD ./Drivers/STM32F4xx_HAL_Driver/Src/stm32f4xx_hal_gpio.o
LOAD ./Drivers/STM32F4xx_HAL_Driver/Src/stm32f4xx_hal_i2c.o
LOAD ./Drivers/STM32F4xx_HAL_Driver/Src/stm32f4xx_hal_i2c_ex.o
LOAD ./Drivers/STM32F4xx_HAL_Driver/Src/stm32f4xx_hal_i2s.o
LOAD ./Drivers/STM32F4xx_HAL_Driver/Src/stm32f4xx_hal_i2s_ex.o
LOAD ./Drivers/STM32F4xx_HAL_Driver/Src/stm32f4xx_hal_pcd.o
LOAD ./Drivers/STM32F4xx_HAL_Driver/Src/stm32f4xx_hal_pcd_ex.o
LOAD ./Drivers/STM32F4xx_HAL_Driver/Src/stm32f4xx_hal_pwr.o
LOAD ./Drivers/STM32F4xx_HAL_Driver/Src/stm32f4xx_hal_pwr_ex.o
LOAD ./Drivers/STM32F4xx_HAL_Driver/Src/stm32f4xx_hal_rcc.o
LOAD ./Drivers/STM32F4xx_HAL_Driver/Src/stm32f4xx_hal_rcc_ex.o
LOAD ./Drivers/STM32F4xx_HAL_Driver/Src/stm32f4xx_hal_tim.o
LOAD ./Drivers/STM32F4xx_HAL_Driver/Src/stm32f4xx_hal_tim_ex.o
LOAD ./Drivers/STM32F4xx_HAL_Driver/Src/stm32f4xx_ll_adc.o
LOAD ./Drivers/STM32F4xx_HAL_Driver/Src/stm32f4xx_ll_usb.o
LOAD ./Middlewares/ST/STM32_USB_Device_Library/Class/CDC/Src/usbd_cdc.o
LOAD ./Middlewares/ST/STM32_USB_Device_Library/Core/Src/usbd_core.o
LOAD ./Middlewares/ST/STM32_USB_Device_Library/Core/Src/usbd_ctlreq.o
LOAD ./Middlewares/ST/STM32_USB_Device_Library/Core/Src/usbd_ioreq.o
LOAD ./USB_DEVICE/App/usb_device.o
LOAD ./USB_DEVICE/App/usbd_cdc_if.o
LOAD ./USB_DEVICE/App/usbd_desc.o
LOAD ./USB_DEVICE/Target/usbd_conf.o
START GROUP
LOAD C:/ST/STM32CubeIDE_1.18.1/STM32CubeIDE/plugins/com.st.stm32cube.ide.mcu.externaltools.gnu-tools-for-stm32.13.3.rel1.win32_1.0.0.202411081344/tools/bin/../lib/gcc/arm-none-eabi/13.3.1/../../../../arm-none-eabi/lib/thumb/v7e-m+fp/hard\libc_nano.a
LOAD C:/ST/STM32CubeIDE_1.18.1/STM32CubeIDE/plugins/com.st.stm32cube.ide.mcu.externaltools.gnu-tools-for-stm32.13.3.rel1.win32_1.0.0.202411081344/tools/bin/../lib/gcc/arm-none-eabi/13.3.1/../../../../arm-none-eabi/lib/thumb/v7e-m+fp/hard\libm.a
END GROUP
START GROUP
LOAD C:/ST/STM32CubeIDE_1.18.1/STM32CubeIDE/plugins/com.st.stm32cube.ide.mcu.externaltools.gnu-tools-for-stm32.13.3.rel1.win32_1.0.0.202411081344/tools/bin/../lib/gcc/arm-none-eabi/13.3.1/thumb/v7e-m+fp/hard\libgcc.a
LOAD C:/ST/STM32CubeIDE_1.18.1/STM32CubeIDE/plugins/com.st.stm32cube.ide.mcu.externaltools.gnu-tools-for-stm32.13.3.rel1.win32_1.0.0.202411081344/tools/bin/../lib/gcc/arm-none-eabi/13.3.1/../../../../arm-none-eabi/lib/thumb/v7e-m+fp/hard\libc_nano.a
END GROUP
START GROUP
LOAD C:/ST/STM32CubeIDE_1.18.1/STM32CubeIDE/plugins/com.st.stm32cube.ide.mcu.externaltools.gnu-tools-for-stm32.13.3.rel1.win32_1.0.0.202411081344/tools/bin/../lib/gcc/arm-none-eabi/13.3.1/thumb/v7e-m+fp/hard\libgcc.a
LOAD C:/ST/STM32CubeIDE_1.18.1/STM32CubeIDE/plugins/com.st.stm32cube.ide.mcu.externaltools.gnu-tools-for-stm32.13.3.rel1.win32_1.0.0.202411081344/tools/bin/../lib/gcc/arm-none-eabi/13.3.1/../../../../arm-none-eabi/lib/thumb/v7e-m+fp/hard\libc_nano.a
LOAD C:/ST/STM32CubeIDE_1.18.1/STM32CubeIDE/plugins/com.st.stm32cube.ide.mcu.externaltools.gnu-tools-for-stm32.13.3.rel1.win32_1.0.0.202411081344/tools/bin/../lib/gcc/arm-none-eabi/13.3.1/../../../../arm-none-eabi/lib/thumb/v7e-m+fp/hard\libnosys.a
END GROUP
START GROUP
LOAD C:/ST/STM32CubeIDE_1.18.1/STM32CubeIDE/plugins/com.st.stm32cube.ide.mcu.externaltools.gnu-tools-for-stm32.13.3.rel1.win32_1.0.0.202411081344/tools/bin/../lib/gcc/arm-none-eabi/13.3.1/thumb/v7e-m+fp/hard\libgcc.a
LOAD C:/ST/STM32CubeIDE_1.18.1/STM32CubeIDE/plugins/com.st.stm32cube.ide.mcu.externaltools.gnu-tools-for-stm32.13.3.rel1.win32_1.0.0.202411081344/tools/bin/../lib/gcc/arm-none-eabi/13.3.1/../../../../arm-none-eabi/lib/thumb/v7e-m+fp/hard\libc_nano.a
LOAD C:/ST/STM32CubeIDE_1.18.1/STM32CubeIDE/plugins/com.st.stm32cube.ide.mcu.externaltools.gnu-tools-for-stm32.13.3.rel1.win32_1.0.0.202411081344/tools/bin/../lib/gcc/arm-none-eabi/13.3.1/../../../../arm-none-eabi/lib/thumb/v7e-m+fp/hard\libnosys.a
END GROUP
LOAD C:/ST/STM32CubeIDE_1.18.1/STM32CubeIDE/plugins/com.st.stm32cube.ide.mcu.externaltools.gnu-tools-for-stm32.13.3.rel1.win32_1.0.0.202411081344/tools/bin/../lib/gcc/arm-none-eabi/13.3.1/thumb/v7e-m+fp/hard/crtend.o
LOAD C:/ST/STM32CubeIDE_1.18.1/STM32CubeIDE/plugins/com.st.stm32cube.ide.mcu.externaltools.gnu-tools-for-stm32.13.3.rel1.win32_1.0.0.202411081344/tools/bin/../lib/gcc/arm-none-eabi/13.3.1/thumb/v7e-m+fp/hard/crtn.o
                0x20020000                        _estack = (ORIGIN (RAM) + LENGTH (RAM))
                0x00000200                        _Min_Heap_Size = 0x200
                0x00000400                        _Min_Stack_Size = 0x400

.isr_vector     0x08000000      0x188
                0x08000000                        . = ALIGN (0x4)
 *(.isr_vector)
 .isr_vector    0x08000000      0x188 ./Core/Startup/startup_stm32f405rgtx.o
                0x08000000                g_pfnVectors
                0x08000188                        . = ALIGN (0x4)

.text           0x08000190     0xc348
                0x08000190                        . = ALIGN (0x4)
 *(.text)
 .text          0x08000190       0x40 C:/ST/STM32CubeIDE_1.18.1/STM32CubeIDE/plugins/com.st.stm32cube.ide.mcu.externaltools.gnu-tools-for-stm32.13.3.rel1.win32_1.0.0.202411081344/tools/bin/../lib/gcc/arm-none-eabi/13.3.1/thumb/v7e-m+fp/hard/crtbegin.o
 .text          0x080001d0       0xa0 C:/ST/STM32CubeIDE_1.18.1/STM32CubeIDE/plugins/com.st.stm32cube.ide.mcu.externaltools.gnu-tools-for-stm32.13.3.rel1.win32_1.0.0.202411081344/tools/bin/../lib/gcc/arm-none-eabi/13.3.1/../../../../arm-none-eabi/lib/thumb/v7e-m+fp/hard\libc_nano.a(libc_a-memchr.o)
                0x080001d0                memchr
 .text          0x08000270       0x30 C:/ST/STM32CubeIDE_1.18.1/STM32CubeIDE/plugins/com.st.stm32cube.ide.mcu.externaltools.gnu-tools-for-stm32.13.3.rel1.win32_1.0.0.202411081344/tools/bin/../lib/gcc/arm-none-eabi/13.3.1/thumb/v7e-m+fp/hard\libgcc.a(_aeabi_uldivmod.o)
                0x08000270                __aeabi_uldivmod
 .text          0x080002a0      0x2f8 C:/ST/STM32CubeIDE_1.18.1/STM32CubeIDE/plugins/com.st.stm32cube.ide.mcu.externaltools.gnu-tools-for-stm32.13.3.rel1.win32_1.0.0.202411081344/tools/bin/../lib/gcc/arm-none-eabi/13.3.1/thumb/v7e-m+fp/hard\libgcc.a(_udivmoddi4.o)
                0x080002a0                __udivmoddi4
 .text          0x08000598        0x4 C:/ST/STM32CubeIDE_1.18.1/STM32CubeIDE/plugins/com.st.stm32cube.ide.mcu.externaltools.gnu-tools-for-stm32.13.3.rel1.win32_1.0.0.202411081344/tools/bin/../lib/gcc/arm-none-eabi/13.3.1/thumb/v7e-m+fp/hard\libgcc.a(_dvmd_tls.o)
                0x08000598                __aeabi_idiv0
                0x08000598                __aeabi_ldiv0
 *(.text*)
 .text.Codec_Init
                0x0800059c      0x100 ./Core/Src/I2C_Codec.o
                0x0800059c                Codec_Init
 .text.Codec_WriteRegister
                0x0800069c       0x38 ./Core/Src/I2C_Codec.o
                0x0800069c                Codec_WriteRegister
 .text.DisplayPotBars
                0x080006d4       0xf4 ./Core/Src/main.o
                0x080006d4                DisplayPotBars
 .text.HAL_I2SEx_TxRxHalfCpltCallback
                0x080007c8       0x3c ./Core/Src/main.o
                0x080007c8                HAL_I2SEx_TxRxHalfCpltCallback
 .text.HAL_I2SEx_TxRxCpltCallback
                0x08000804       0x3c ./Core/Src/main.o
                0x08000804                HAL_I2SEx_TxRxCpltCallback
 .text.ProcessData
                0x08000840      0x158 ./Core/Src/main.o
                0x08000840                ProcessData
 .text.main     0x08000998       0xc8 ./Core/Src/main.o
                0x08000998                main
 .text.SystemClock_Config
                0x08000a60       0xd0 ./Core/Src/main.o
                0x08000a60                SystemClock_Config
 .text.MX_ADC1_Init
                0x08000b30       0xdc ./Core/Src/main.o
 .text.MX_I2C1_Init
                0x08000c0c       0x5c ./Core/Src/main.o
 .text.MX_I2C2_Init
                0x08000c68       0x5c ./Core/Src/main.o
 .text.MX_I2S2_Init
                0x08000cc4       0x5c ./Core/Src/main.o
 .text.MX_TIM2_Init
                0x08000d20       0xe8 ./Core/Src/main.o
 .text.MX_DMA_Init
                0x08000e08       0x7c ./Core/Src/main.o
 .text.MX_GPIO_Init
                0x08000e84      0x168 ./Core/Src/main.o
 .text.Error_Handler
                0x08000fec        0xc ./Core/Src/main.o
                0x08000fec                Error_Handler
 .text.ssd1306_Reset
                0x08000ff8        0xe ./Core/Src/ssd1306.o
                0x08000ff8                ssd1306_Reset
 *fill*         0x08001006        0x2 
 .text.ssd1306_WriteCommand
                0x08001008       0x30 ./Core/Src/ssd1306.o
                0x08001008                ssd1306_WriteCommand
 .text.ssd1306_WriteData
                0x08001038       0x34 ./Core/Src/ssd1306.o
                0x08001038                ssd1306_WriteData
 .text.ssd1306_Init
                0x0800106c       0xd4 ./Core/Src/ssd1306.o
                0x0800106c                ssd1306_Init
 .text.ssd1306_Fill
                0x08001140       0x30 ./Core/Src/ssd1306.o
                0x08001140                ssd1306_Fill
 .text.ssd1306_UpdateScreen
                0x08001170       0x50 ./Core/Src/ssd1306.o
                0x08001170                ssd1306_UpdateScreen
 .text.ssd1306_DrawPixel
                0x080011c0       0xa8 ./Core/Src/ssd1306.o
                0x080011c0                ssd1306_DrawPixel
 .text.ssd1306_WriteChar
                0x08001268      0x124 ./Core/Src/ssd1306.o
                0x08001268                ssd1306_WriteChar
 .text.ssd1306_WriteString
                0x0800138c       0x4c ./Core/Src/ssd1306.o
                0x0800138c                ssd1306_WriteString
 .text.ssd1306_SetCursor
                0x080013d8       0x30 ./Core/Src/ssd1306.o
                0x080013d8                ssd1306_SetCursor
 .text.ssd1306_Line
                0x08001408       0xd8 ./Core/Src/ssd1306.o
                0x08001408                ssd1306_Line
 .text.ssd1306_DrawRectangle
                0x080014e0       0x6e ./Core/Src/ssd1306.o
                0x080014e0                ssd1306_DrawRectangle
 .text.ssd1306_SetContrast
                0x0800154e       0x26 ./Core/Src/ssd1306.o
                0x0800154e                ssd1306_SetContrast
 .text.ssd1306_SetDisplayOn
                0x08001574       0x3c ./Core/Src/ssd1306.o
                0x08001574                ssd1306_SetDisplayOn
 .text.HAL_MspInit
                0x080015b0       0x50 ./Core/Src/stm32f4xx_hal_msp.o
                0x080015b0                HAL_MspInit
 .text.HAL_ADC_MspInit
                0x08001600       0xf0 ./Core/Src/stm32f4xx_hal_msp.o
                0x08001600                HAL_ADC_MspInit
 .text.HAL_I2C_MspInit
                0x080016f0       0xf8 ./Core/Src/stm32f4xx_hal_msp.o
                0x080016f0                HAL_I2C_MspInit
 .text.HAL_I2S_MspInit
                0x080017e8      0x1f8 ./Core/Src/stm32f4xx_hal_msp.o
                0x080017e8                HAL_I2S_MspInit
 .text.HAL_TIM_Base_MspInit
                0x080019e0       0x40 ./Core/Src/stm32f4xx_hal_msp.o
                0x080019e0                HAL_TIM_Base_MspInit
 .text.NMI_Handler
                0x08001a20        0x8 ./Core/Src/stm32f4xx_it.o
                0x08001a20                NMI_Handler
 .text.HardFault_Handler
                0x08001a28        0x8 ./Core/Src/stm32f4xx_it.o
                0x08001a28                HardFault_Handler
 .text.MemManage_Handler
                0x08001a30        0x8 ./Core/Src/stm32f4xx_it.o
                0x08001a30                MemManage_Handler
 .text.BusFault_Handler
                0x08001a38        0x8 ./Core/Src/stm32f4xx_it.o
                0x08001a38                BusFault_Handler
 .text.UsageFault_Handler
                0x08001a40        0x8 ./Core/Src/stm32f4xx_it.o
                0x08001a40                UsageFault_Handler
 .text.SVC_Handler
                0x08001a48        0xe ./Core/Src/stm32f4xx_it.o
                0x08001a48                SVC_Handler
 .text.DebugMon_Handler
                0x08001a56        0xe ./Core/Src/stm32f4xx_it.o
                0x08001a56                DebugMon_Handler
 .text.PendSV_Handler
                0x08001a64        0xe ./Core/Src/stm32f4xx_it.o
                0x08001a64                PendSV_Handler
 .text.SysTick_Handler
                0x08001a72        0xc ./Core/Src/stm32f4xx_it.o
                0x08001a72                SysTick_Handler
 *fill*         0x08001a7e        0x2 
 .text.DMA1_Stream3_IRQHandler
                0x08001a80       0x14 ./Core/Src/stm32f4xx_it.o
                0x08001a80                DMA1_Stream3_IRQHandler
 .text.DMA1_Stream4_IRQHandler
                0x08001a94       0x14 ./Core/Src/stm32f4xx_it.o
                0x08001a94                DMA1_Stream4_IRQHandler
 .text.DMA2_Stream0_IRQHandler
                0x08001aa8       0x14 ./Core/Src/stm32f4xx_it.o
                0x08001aa8                DMA2_Stream0_IRQHandler
 .text.OTG_FS_IRQHandler
                0x08001abc       0x14 ./Core/Src/stm32f4xx_it.o
                0x08001abc                OTG_FS_IRQHandler
 .text._sbrk    0x08001ad0       0x6c ./Core/Src/sysmem.o
                0x08001ad0                _sbrk
 .text.SystemInit
                0x08001b3c       0x24 ./Core/Src/system_stm32f4xx.o
                0x08001b3c                SystemInit
 .text.Reset_Handler
                0x08001b60       0x50 ./Core/Startup/startup_stm32f405rgtx.o
                0x08001b60                Reset_Handler
 .text.Default_Handler
                0x08001bb0        0x2 ./Core/Startup/startup_stm32f405rgtx.o
                0x08001bb0                RTC_Alarm_IRQHandler
                0x08001bb0                HASH_RNG_IRQHandler
                0x08001bb0                EXTI2_IRQHandler
                0x08001bb0                TIM8_CC_IRQHandler
                0x08001bb0                TIM1_CC_IRQHandler
                0x08001bb0                DMA2_Stream5_IRQHandler
                0x08001bb0                DMA1_Stream5_IRQHandler
                0x08001bb0                PVD_IRQHandler
                0x08001bb0                SDIO_IRQHandler
                0x08001bb0                TAMP_STAMP_IRQHandler
                0x08001bb0                CAN2_RX1_IRQHandler
                0x08001bb0                EXTI3_IRQHandler
                0x08001bb0                TIM8_TRG_COM_TIM14_IRQHandler
                0x08001bb0                TIM1_UP_TIM10_IRQHandler
                0x08001bb0                TIM8_UP_TIM13_IRQHandler
                0x08001bb0                I2C3_ER_IRQHandler
                0x08001bb0                EXTI0_IRQHandler
                0x08001bb0                I2C2_EV_IRQHandler
                0x08001bb0                DMA1_Stream2_IRQHandler
                0x08001bb0                CAN1_RX0_IRQHandler
                0x08001bb0                FPU_IRQHandler
                0x08001bb0                OTG_HS_WKUP_IRQHandler
                0x08001bb0                CAN2_SCE_IRQHandler
                0x08001bb0                DMA2_Stream2_IRQHandler
                0x08001bb0                SPI1_IRQHandler
                0x08001bb0                TIM6_DAC_IRQHandler
                0x08001bb0                TIM1_BRK_TIM9_IRQHandler
                0x08001bb0                CAN2_RX0_IRQHandler
                0x08001bb0                DMA2_Stream3_IRQHandler
                0x08001bb0                USART6_IRQHandler
                0x08001bb0                USART3_IRQHandler
                0x08001bb0                CAN1_RX1_IRQHandler
                0x08001bb0                UART5_IRQHandler
                0x08001bb0                TIM4_IRQHandler
                0x08001bb0                I2C1_EV_IRQHandler
                0x08001bb0                DMA1_Stream6_IRQHandler
                0x08001bb0                DMA1_Stream1_IRQHandler
                0x08001bb0                UART4_IRQHandler
                0x08001bb0                TIM3_IRQHandler
                0x08001bb0                RCC_IRQHandler
                0x08001bb0                TIM8_BRK_TIM12_IRQHandler
                0x08001bb0                Default_Handler
                0x08001bb0                EXTI15_10_IRQHandler
                0x08001bb0                ADC_IRQHandler
                0x08001bb0                DMA1_Stream7_IRQHandler
                0x08001bb0                TIM7_IRQHandler
                0x08001bb0                CAN2_TX_IRQHandler
                0x08001bb0                TIM5_IRQHandler
                0x08001bb0                DMA2_Stream7_IRQHandler
                0x08001bb0                I2C3_EV_IRQHandler
                0x08001bb0                EXTI9_5_IRQHandler
                0x08001bb0                RTC_WKUP_IRQHandler
                0x08001bb0                SPI2_IRQHandler
                0x08001bb0                OTG_HS_EP1_IN_IRQHandler
                0x08001bb0                DMA1_Stream0_IRQHandler
                0x08001bb0                CAN1_TX_IRQHandler
                0x08001bb0                EXTI4_IRQHandler
                0x08001bb0                FSMC_IRQHandler
                0x08001bb0                OTG_HS_EP1_OUT_IRQHandler
                0x08001bb0                WWDG_IRQHandler
                0x08001bb0                TIM2_IRQHandler
                0x08001bb0                OTG_FS_WKUP_IRQHandler
                0x08001bb0                TIM1_TRG_COM_TIM11_IRQHandler
                0x08001bb0                OTG_HS_IRQHandler
                0x08001bb0                EXTI1_IRQHandler
                0x08001bb0                USART2_IRQHandler
                0x08001bb0                I2C2_ER_IRQHandler
                0x08001bb0                DMA2_Stream1_IRQHandler
                0x08001bb0                CAN1_SCE_IRQHandler
                0x08001bb0                FLASH_IRQHandler
                0x08001bb0                DMA2_Stream4_IRQHandler
                0x08001bb0                USART1_IRQHandler
                0x08001bb0                SPI3_IRQHandler
                0x08001bb0                I2C1_ER_IRQHandler
                0x08001bb0                DMA2_Stream6_IRQHandler
 *fill*         0x08001bb2        0x2 
 .text.HAL_Init
                0x08001bb4       0x44 ./Drivers/STM32F4xx_HAL_Driver/Src/stm32f4xx_hal.o
                0x08001bb4                HAL_Init
 .text.HAL_InitTick
                0x08001bf8       0x60 ./Drivers/STM32F4xx_HAL_Driver/Src/stm32f4xx_hal.o
                0x08001bf8                HAL_InitTick
 .text.HAL_IncTick
                0x08001c58       0x28 ./Drivers/STM32F4xx_HAL_Driver/Src/stm32f4xx_hal.o
                0x08001c58                HAL_IncTick
 .text.HAL_GetTick
                0x08001c80       0x18 ./Drivers/STM32F4xx_HAL_Driver/Src/stm32f4xx_hal.o
                0x08001c80                HAL_GetTick
 .text.HAL_Delay
                0x08001c98       0x48 ./Drivers/STM32F4xx_HAL_Driver/Src/stm32f4xx_hal.o
                0x08001c98                HAL_Delay
 .text.HAL_ADC_Init
                0x08001ce0       0x86 ./Drivers/STM32F4xx_HAL_Driver/Src/stm32f4xx_hal_adc.o
                0x08001ce0                HAL_ADC_Init
 *fill*         0x08001d66        0x2 
 .text.HAL_ADC_Start_DMA
                0x08001d68      0x228 ./Drivers/STM32F4xx_HAL_Driver/Src/stm32f4xx_hal_adc.o
                0x08001d68                HAL_ADC_Start_DMA
 .text.HAL_ADC_ConvCpltCallback
                0x08001f90       0x14 ./Drivers/STM32F4xx_HAL_Driver/Src/stm32f4xx_hal_adc.o
                0x08001f90                HAL_ADC_ConvCpltCallback
 .text.HAL_ADC_ConvHalfCpltCallback
                0x08001fa4       0x14 ./Drivers/STM32F4xx_HAL_Driver/Src/stm32f4xx_hal_adc.o
                0x08001fa4                HAL_ADC_ConvHalfCpltCallback
 .text.HAL_ADC_ErrorCallback
                0x08001fb8       0x14 ./Drivers/STM32F4xx_HAL_Driver/Src/stm32f4xx_hal_adc.o
                0x08001fb8                HAL_ADC_ErrorCallback
 .text.HAL_ADC_ConfigChannel
                0x08001fcc      0x244 ./Drivers/STM32F4xx_HAL_Driver/Src/stm32f4xx_hal_adc.o
                0x08001fcc                HAL_ADC_ConfigChannel
 .text.ADC_Init
                0x08002210      0x1f8 ./Drivers/STM32F4xx_HAL_Driver/Src/stm32f4xx_hal_adc.o
 .text.ADC_DMAConvCplt
                0x08002408       0xba ./Drivers/STM32F4xx_HAL_Driver/Src/stm32f4xx_hal_adc.o
 .text.ADC_DMAHalfConvCplt
                0x080024c2       0x1c ./Drivers/STM32F4xx_HAL_Driver/Src/stm32f4xx_hal_adc.o
 .text.ADC_DMAError
                0x080024de       0x2e ./Drivers/STM32F4xx_HAL_Driver/Src/stm32f4xx_hal_adc.o
 .text.__NVIC_SetPriorityGrouping
                0x0800250c       0x48 ./Drivers/STM32F4xx_HAL_Driver/Src/stm32f4xx_hal_cortex.o
 .text.__NVIC_GetPriorityGrouping
                0x08002554       0x1c ./Drivers/STM32F4xx_HAL_Driver/Src/stm32f4xx_hal_cortex.o
 .text.__NVIC_EnableIRQ
                0x08002570       0x3c ./Drivers/STM32F4xx_HAL_Driver/Src/stm32f4xx_hal_cortex.o
 .text.__NVIC_SetPriority
                0x080025ac       0x54 ./Drivers/STM32F4xx_HAL_Driver/Src/stm32f4xx_hal_cortex.o
 .text.NVIC_EncodePriority
                0x08002600       0x66 ./Drivers/STM32F4xx_HAL_Driver/Src/stm32f4xx_hal_cortex.o
 *fill*         0x08002666        0x2 
 .text.SysTick_Config
                0x08002668       0x44 ./Drivers/STM32F4xx_HAL_Driver/Src/stm32f4xx_hal_cortex.o
 .text.HAL_NVIC_SetPriorityGrouping
                0x080026ac       0x16 ./Drivers/STM32F4xx_HAL_Driver/Src/stm32f4xx_hal_cortex.o
                0x080026ac                HAL_NVIC_SetPriorityGrouping
 .text.HAL_NVIC_SetPriority
                0x080026c2       0x38 ./Drivers/STM32F4xx_HAL_Driver/Src/stm32f4xx_hal_cortex.o
                0x080026c2                HAL_NVIC_SetPriority
 .text.HAL_NVIC_EnableIRQ
                0x080026fa       0x1c ./Drivers/STM32F4xx_HAL_Driver/Src/stm32f4xx_hal_cortex.o
                0x080026fa                HAL_NVIC_EnableIRQ
 .text.HAL_SYSTICK_Config
                0x08002716       0x18 ./Drivers/STM32F4xx_HAL_Driver/Src/stm32f4xx_hal_cortex.o
                0x08002716                HAL_SYSTICK_Config
 *fill*         0x0800272e        0x2 
 .text.HAL_DMA_Init
                0x08002730      0x15c ./Drivers/STM32F4xx_HAL_Driver/Src/stm32f4xx_hal_dma.o
                0x08002730                HAL_DMA_Init
 .text.HAL_DMA_Start_IT
                0x0800288c       0xb0 ./Drivers/STM32F4xx_HAL_Driver/Src/stm32f4xx_hal_dma.o
                0x0800288c                HAL_DMA_Start_IT
 .text.HAL_DMA_IRQHandler
                0x0800293c      0x314 ./Drivers/STM32F4xx_HAL_Driver/Src/stm32f4xx_hal_dma.o
                0x0800293c                HAL_DMA_IRQHandler
 .text.DMA_SetConfig
                0x08002c50       0x5c ./Drivers/STM32F4xx_HAL_Driver/Src/stm32f4xx_hal_dma.o
 .text.DMA_CalcBaseAndBitshift
                0x08002cac       0x6c ./Drivers/STM32F4xx_HAL_Driver/Src/stm32f4xx_hal_dma.o
 .text.DMA_CheckFifoParam
                0x08002d18       0xf8 ./Drivers/STM32F4xx_HAL_Driver/Src/stm32f4xx_hal_dma.o
 .text.HAL_GPIO_Init
                0x08002e10      0x338 ./Drivers/STM32F4xx_HAL_Driver/Src/stm32f4xx_hal_gpio.o
                0x08002e10                HAL_GPIO_Init
 .text.HAL_GPIO_WritePin
                0x08003148       0x32 ./Drivers/STM32F4xx_HAL_Driver/Src/stm32f4xx_hal_gpio.o
                0x08003148                HAL_GPIO_WritePin
 .text.HAL_GPIO_TogglePin
                0x0800317a       0x34 ./Drivers/STM32F4xx_HAL_Driver/Src/stm32f4xx_hal_gpio.o
                0x0800317a                HAL_GPIO_TogglePin
 *fill*         0x080031ae        0x2 
 .text.HAL_I2C_Init
                0x080031b0      0x288 ./Drivers/STM32F4xx_HAL_Driver/Src/stm32f4xx_hal_i2c.o
                0x080031b0                HAL_I2C_Init
 .text.HAL_I2C_Mem_Write
                0x08003438      0x1f4 ./Drivers/STM32F4xx_HAL_Driver/Src/stm32f4xx_hal_i2c.o
                0x08003438                HAL_I2C_Mem_Write
 .text.HAL_I2C_Mem_Read
                0x0800362c      0x464 ./Drivers/STM32F4xx_HAL_Driver/Src/stm32f4xx_hal_i2c.o
                0x0800362c                HAL_I2C_Mem_Read
 .text.I2C_RequestMemoryWrite
                0x08003a90      0x12c ./Drivers/STM32F4xx_HAL_Driver/Src/stm32f4xx_hal_i2c.o
 .text.I2C_RequestMemoryRead
                0x08003bbc      0x1d0 ./Drivers/STM32F4xx_HAL_Driver/Src/stm32f4xx_hal_i2c.o
 .text.I2C_WaitOnFlagUntilTimeout
                0x08003d8c       0xf4 ./Drivers/STM32F4xx_HAL_Driver/Src/stm32f4xx_hal_i2c.o
 .text.I2C_WaitOnMasterAddressFlagUntilTimeout
                0x08003e80      0x140 ./Drivers/STM32F4xx_HAL_Driver/Src/stm32f4xx_hal_i2c.o
 .text.I2C_WaitOnTXEFlagUntilTimeout
                0x08003fc0       0x90 ./Drivers/STM32F4xx_HAL_Driver/Src/stm32f4xx_hal_i2c.o
 .text.I2C_WaitOnBTFFlagUntilTimeout
                0x08004050       0x90 ./Drivers/STM32F4xx_HAL_Driver/Src/stm32f4xx_hal_i2c.o
 .text.I2C_WaitOnRXNEFlagUntilTimeout
                0x080040e0       0xba ./Drivers/STM32F4xx_HAL_Driver/Src/stm32f4xx_hal_i2c.o
 .text.I2C_IsAcknowledgeFailed
                0x0800419a       0x5e ./Drivers/STM32F4xx_HAL_Driver/Src/stm32f4xx_hal_i2c.o
 .text.HAL_I2S_Init
                0x080041f8      0x280 ./Drivers/STM32F4xx_HAL_Driver/Src/stm32f4xx_hal_i2s.o
                0x080041f8                HAL_I2S_Init
 .text.HAL_I2S_TxCpltCallback
                0x08004478       0x14 ./Drivers/STM32F4xx_HAL_Driver/Src/stm32f4xx_hal_i2s.o
                0x08004478                HAL_I2S_TxCpltCallback
 .text.HAL_I2S_RxCpltCallback
                0x0800448c       0x14 ./Drivers/STM32F4xx_HAL_Driver/Src/stm32f4xx_hal_i2s.o
                0x0800448c                HAL_I2S_RxCpltCallback
 .text.HAL_I2S_ErrorCallback
                0x080044a0       0x14 ./Drivers/STM32F4xx_HAL_Driver/Src/stm32f4xx_hal_i2s.o
                0x080044a0                HAL_I2S_ErrorCallback
 .text.I2S_Transmit_IT
                0x080044b4       0x5c ./Drivers/STM32F4xx_HAL_Driver/Src/stm32f4xx_hal_i2s.o
 .text.I2S_Receive_IT
                0x08004510       0x5e ./Drivers/STM32F4xx_HAL_Driver/Src/stm32f4xx_hal_i2s.o
 .text.I2S_IRQHandler
                0x0800456e      0x114 ./Drivers/STM32F4xx_HAL_Driver/Src/stm32f4xx_hal_i2s.o
 *fill*         0x08004682        0x2 
 .text.HAL_I2SEx_TransmitReceive_DMA
                0x08004684      0x2cc ./Drivers/STM32F4xx_HAL_Driver/Src/stm32f4xx_hal_i2s_ex.o
                0x08004684                HAL_I2SEx_TransmitReceive_DMA
 .text.HAL_I2SEx_FullDuplex_IRQHandler
                0x08004950      0x2a8 ./Drivers/STM32F4xx_HAL_Driver/Src/stm32f4xx_hal_i2s_ex.o
                0x08004950                HAL_I2SEx_FullDuplex_IRQHandler
 .text.I2SEx_TxRxDMAHalfCplt
                0x08004bf8       0x1c ./Drivers/STM32F4xx_HAL_Driver/Src/stm32f4xx_hal_i2s_ex.o
 .text.I2SEx_TxRxDMACplt
                0x08004c14       0xd8 ./Drivers/STM32F4xx_HAL_Driver/Src/stm32f4xx_hal_i2s_ex.o
 .text.I2SEx_TxRxDMAError
                0x08004cec       0x80 ./Drivers/STM32F4xx_HAL_Driver/Src/stm32f4xx_hal_i2s_ex.o
 .text.I2SEx_TxISR_I2S
                0x08004d6c       0x62 ./Drivers/STM32F4xx_HAL_Driver/Src/stm32f4xx_hal_i2s_ex.o
 *fill*         0x08004dce        0x2 
 .text.I2SEx_TxISR_I2SExt
                0x08004dd0       0x98 ./Drivers/STM32F4xx_HAL_Driver/Src/stm32f4xx_hal_i2s_ex.o
 .text.I2SEx_RxISR_I2S
                0x08004e68       0x64 ./Drivers/STM32F4xx_HAL_Driver/Src/stm32f4xx_hal_i2s_ex.o
 .text.I2SEx_RxISR_I2SExt
                0x08004ecc       0x98 ./Drivers/STM32F4xx_HAL_Driver/Src/stm32f4xx_hal_i2s_ex.o
 .text.HAL_PCD_Init
                0x08004f64      0x21e ./Drivers/STM32F4xx_HAL_Driver/Src/stm32f4xx_hal_pcd.o
                0x08004f64                HAL_PCD_Init
 .text.HAL_PCD_Start
                0x08005182       0x6a ./Drivers/STM32F4xx_HAL_Driver/Src/stm32f4xx_hal_pcd.o
                0x08005182                HAL_PCD_Start
 .text.HAL_PCD_IRQHandler
                0x080051ec      0x942 ./Drivers/STM32F4xx_HAL_Driver/Src/stm32f4xx_hal_pcd.o
                0x080051ec                HAL_PCD_IRQHandler
 .text.HAL_PCD_SetAddress
                0x08005b2e       0x48 ./Drivers/STM32F4xx_HAL_Driver/Src/stm32f4xx_hal_pcd.o
                0x08005b2e                HAL_PCD_SetAddress
 .text.HAL_PCD_EP_Open
                0x08005b76       0xd4 ./Drivers/STM32F4xx_HAL_Driver/Src/stm32f4xx_hal_pcd.o
                0x08005b76                HAL_PCD_EP_Open
 .text.HAL_PCD_EP_Close
                0x08005c4a       0x94 ./Drivers/STM32F4xx_HAL_Driver/Src/stm32f4xx_hal_pcd.o
                0x08005c4a                HAL_PCD_EP_Close
 .text.HAL_PCD_EP_Receive
                0x08005cde       0x76 ./Drivers/STM32F4xx_HAL_Driver/Src/stm32f4xx_hal_pcd.o
                0x08005cde                HAL_PCD_EP_Receive
 .text.HAL_PCD_EP_GetRxCount
                0x08005d54       0x30 ./Drivers/STM32F4xx_HAL_Driver/Src/stm32f4xx_hal_pcd.o
                0x08005d54                HAL_PCD_EP_GetRxCount
 .text.HAL_PCD_EP_Transmit
                0x08005d84       0x74 ./Drivers/STM32F4xx_HAL_Driver/Src/stm32f4xx_hal_pcd.o
                0x08005d84                HAL_PCD_EP_Transmit
 .text.HAL_PCD_EP_SetStall
                0x08005df8       0xc6 ./Drivers/STM32F4xx_HAL_Driver/Src/stm32f4xx_hal_pcd.o
                0x08005df8                HAL_PCD_EP_SetStall
 .text.HAL_PCD_EP_ClrStall
                0x08005ebe       0xac ./Drivers/STM32F4xx_HAL_Driver/Src/stm32f4xx_hal_pcd.o
                0x08005ebe                HAL_PCD_EP_ClrStall
 .text.HAL_PCD_EP_Abort
                0x08005f6a       0x62 ./Drivers/STM32F4xx_HAL_Driver/Src/stm32f4xx_hal_pcd.o
                0x08005f6a                HAL_PCD_EP_Abort
 .text.PCD_WriteEmptyTxFifo
                0x08005fcc      0x118 ./Drivers/STM32F4xx_HAL_Driver/Src/stm32f4xx_hal_pcd.o
 .text.PCD_EP_OutXfrComplete_int
                0x080060e4      0x1d0 ./Drivers/STM32F4xx_HAL_Driver/Src/stm32f4xx_hal_pcd.o
 .text.PCD_EP_OutSetupPacket_int
                0x080062b4       0x8c ./Drivers/STM32F4xx_HAL_Driver/Src/stm32f4xx_hal_pcd.o
 .text.HAL_PCDEx_SetTxFiFo
                0x08006340       0x8e ./Drivers/STM32F4xx_HAL_Driver/Src/stm32f4xx_hal_pcd_ex.o
                0x08006340                HAL_PCDEx_SetTxFiFo
 .text.HAL_PCDEx_SetRxFiFo
                0x080063ce       0x22 ./Drivers/STM32F4xx_HAL_Driver/Src/stm32f4xx_hal_pcd_ex.o
                0x080063ce                HAL_PCDEx_SetRxFiFo
 .text.HAL_PCDEx_LPM_Callback
                0x080063f0       0x18 ./Drivers/STM32F4xx_HAL_Driver/Src/stm32f4xx_hal_pcd_ex.o
                0x080063f0                HAL_PCDEx_LPM_Callback
 .text.HAL_RCC_OscConfig
                0x08006408      0x4f0 ./Drivers/STM32F4xx_HAL_Driver/Src/stm32f4xx_hal_rcc.o
                0x08006408                HAL_RCC_OscConfig
 .text.HAL_RCC_ClockConfig
                0x080068f8      0x1cc ./Drivers/STM32F4xx_HAL_Driver/Src/stm32f4xx_hal_rcc.o
                0x080068f8                HAL_RCC_ClockConfig
 .text.HAL_RCC_GetSysClockFreq
                0x08006ac4      0x208 ./Drivers/STM32F4xx_HAL_Driver/Src/stm32f4xx_hal_rcc.o
                0x08006ac4                HAL_RCC_GetSysClockFreq
 .text.HAL_RCC_GetHCLKFreq
                0x08006ccc       0x18 ./Drivers/STM32F4xx_HAL_Driver/Src/stm32f4xx_hal_rcc.o
                0x08006ccc                HAL_RCC_GetHCLKFreq
 .text.HAL_RCC_GetPCLK1Freq
                0x08006ce4       0x28 ./Drivers/STM32F4xx_HAL_Driver/Src/stm32f4xx_hal_rcc.o
                0x08006ce4                HAL_RCC_GetPCLK1Freq
 .text.HAL_RCCEx_PeriphCLKConfig
                0x08006d0c      0x1c4 ./Drivers/STM32F4xx_HAL_Driver/Src/stm32f4xx_hal_rcc_ex.o
                0x08006d0c                HAL_RCCEx_PeriphCLKConfig
 .text.HAL_RCCEx_GetPeriphCLKFreq
                0x08006ed0       0xbc ./Drivers/STM32F4xx_HAL_Driver/Src/stm32f4xx_hal_rcc_ex.o
                0x08006ed0                HAL_RCCEx_GetPeriphCLKFreq
 .text.HAL_TIM_Base_Init
                0x08006f8c       0x9e ./Drivers/STM32F4xx_HAL_Driver/Src/stm32f4xx_hal_tim.o
                0x08006f8c                HAL_TIM_Base_Init
 *fill*         0x0800702a        0x2 
 .text.HAL_TIM_Base_Start
                0x0800702c       0xd0 ./Drivers/STM32F4xx_HAL_Driver/Src/stm32f4xx_hal_tim.o
                0x0800702c                HAL_TIM_Base_Start
 .text.HAL_TIM_PWM_Init
                0x080070fc       0x9e ./Drivers/STM32F4xx_HAL_Driver/Src/stm32f4xx_hal_tim.o
                0x080070fc                HAL_TIM_PWM_Init
 .text.HAL_TIM_PWM_MspInit
                0x0800719a       0x14 ./Drivers/STM32F4xx_HAL_Driver/Src/stm32f4xx_hal_tim.o
                0x0800719a                HAL_TIM_PWM_MspInit
 *fill*         0x080071ae        0x2 
 .text.HAL_TIM_PWM_ConfigChannel
                0x080071b0      0x184 ./Drivers/STM32F4xx_HAL_Driver/Src/stm32f4xx_hal_tim.o
                0x080071b0                HAL_TIM_PWM_ConfigChannel
 .text.HAL_TIM_ConfigClockSource
                0x08007334      0x18e ./Drivers/STM32F4xx_HAL_Driver/Src/stm32f4xx_hal_tim.o
                0x08007334                HAL_TIM_ConfigClockSource
 *fill*         0x080074c2        0x2 
 .text.TIM_Base_SetConfig
                0x080074c4      0x14c ./Drivers/STM32F4xx_HAL_Driver/Src/stm32f4xx_hal_tim.o
                0x080074c4                TIM_Base_SetConfig
 .text.TIM_OC1_SetConfig
                0x08007610       0xe0 ./Drivers/STM32F4xx_HAL_Driver/Src/stm32f4xx_hal_tim.o
 .text.TIM_OC2_SetConfig
                0x080076f0       0xec ./Drivers/STM32F4xx_HAL_Driver/Src/stm32f4xx_hal_tim.o
                0x080076f0                TIM_OC2_SetConfig
 .text.TIM_OC3_SetConfig
                0x080077dc       0xe8 ./Drivers/STM32F4xx_HAL_Driver/Src/stm32f4xx_hal_tim.o
 .text.TIM_OC4_SetConfig
                0x080078c4       0xac ./Drivers/STM32F4xx_HAL_Driver/Src/stm32f4xx_hal_tim.o
 .text.TIM_TI1_ConfigInputStage
                0x08007970       0x5e ./Drivers/STM32F4xx_HAL_Driver/Src/stm32f4xx_hal_tim.o
 .text.TIM_TI2_ConfigInputStage
                0x080079ce       0x60 ./Drivers/STM32F4xx_HAL_Driver/Src/stm32f4xx_hal_tim.o
 .text.TIM_ITRx_SetConfig
                0x08007a2e       0x36 ./Drivers/STM32F4xx_HAL_Driver/Src/stm32f4xx_hal_tim.o
 .text.TIM_ETR_SetConfig
                0x08007a64       0x40 ./Drivers/STM32F4xx_HAL_Driver/Src/stm32f4xx_hal_tim.o
                0x08007a64                TIM_ETR_SetConfig
 .text.HAL_TIMEx_MasterConfigSynchronization
                0x08007aa4       0xf8 ./Drivers/STM32F4xx_HAL_Driver/Src/stm32f4xx_hal_tim_ex.o
                0x08007aa4                HAL_TIMEx_MasterConfigSynchronization
 .text.USB_CoreInit
                0x08007b9c       0xc8 ./Drivers/STM32F4xx_HAL_Driver/Src/stm32f4xx_ll_usb.o
                0x08007b9c                USB_CoreInit
 .text.USB_SetTurnaroundTime
                0x08007c64      0x144 ./Drivers/STM32F4xx_HAL_Driver/Src/stm32f4xx_ll_usb.o
                0x08007c64                USB_SetTurnaroundTime
 .text.USB_EnableGlobalInt
                0x08007da8       0x22 ./Drivers/STM32F4xx_HAL_Driver/Src/stm32f4xx_ll_usb.o
                0x08007da8                USB_EnableGlobalInt
 .text.USB_DisableGlobalInt
                0x08007dca       0x22 ./Drivers/STM32F4xx_HAL_Driver/Src/stm32f4xx_ll_usb.o
                0x08007dca                USB_DisableGlobalInt
 .text.USB_SetCurrentMode
                0x08007dec       0x98 ./Drivers/STM32F4xx_HAL_Driver/Src/stm32f4xx_ll_usb.o
                0x08007dec                USB_SetCurrentMode
 .text.USB_DevInit
                0x08007e84      0x2c8 ./Drivers/STM32F4xx_HAL_Driver/Src/stm32f4xx_ll_usb.o
                0x08007e84                USB_DevInit
 .text.USB_FlushTxFifo
                0x0800814c       0x64 ./Drivers/STM32F4xx_HAL_Driver/Src/stm32f4xx_ll_usb.o
                0x0800814c                USB_FlushTxFifo
 .text.USB_FlushRxFifo
                0x080081b0       0x5c ./Drivers/STM32F4xx_HAL_Driver/Src/stm32f4xx_ll_usb.o
                0x080081b0                USB_FlushRxFifo
 .text.USB_SetDevSpeed
                0x0800820c       0x32 ./Drivers/STM32F4xx_HAL_Driver/Src/stm32f4xx_ll_usb.o
                0x0800820c                USB_SetDevSpeed
 .text.USB_GetDevSpeed
                0x0800823e       0x4a ./Drivers/STM32F4xx_HAL_Driver/Src/stm32f4xx_ll_usb.o
                0x0800823e                USB_GetDevSpeed
 .text.USB_ActivateEndpoint
                0x08008288      0x10e ./Drivers/STM32F4xx_HAL_Driver/Src/stm32f4xx_ll_usb.o
                0x08008288                USB_ActivateEndpoint
 *fill*         0x08008396        0x2 
 .text.USB_DeactivateEndpoint
                0x08008398      0x1b8 ./Drivers/STM32F4xx_HAL_Driver/Src/stm32f4xx_ll_usb.o
                0x08008398                USB_DeactivateEndpoint
 .text.USB_EPStartXfer
                0x08008550      0x53c ./Drivers/STM32F4xx_HAL_Driver/Src/stm32f4xx_ll_usb.o
                0x08008550                USB_EPStartXfer
 .text.USB_EPStopXfer
                0x08008a8c      0x154 ./Drivers/STM32F4xx_HAL_Driver/Src/stm32f4xx_ll_usb.o
                0x08008a8c                USB_EPStopXfer
 .text.USB_WritePacket
                0x08008be0       0x7c ./Drivers/STM32F4xx_HAL_Driver/Src/stm32f4xx_ll_usb.o
                0x08008be0                USB_WritePacket
 .text.USB_ReadPacket
                0x08008c5c       0xb0 ./Drivers/STM32F4xx_HAL_Driver/Src/stm32f4xx_ll_usb.o
                0x08008c5c                USB_ReadPacket
 .text.USB_EPSetStall
                0x08008d0c       0xdc ./Drivers/STM32F4xx_HAL_Driver/Src/stm32f4xx_ll_usb.o
                0x08008d0c                USB_EPSetStall
 .text.USB_EPClearStall
                0x08008de8       0xcc ./Drivers/STM32F4xx_HAL_Driver/Src/stm32f4xx_ll_usb.o
                0x08008de8                USB_EPClearStall
 .text.USB_SetDevAddress
                0x08008eb4       0x4c ./Drivers/STM32F4xx_HAL_Driver/Src/stm32f4xx_ll_usb.o
                0x08008eb4                USB_SetDevAddress
 .text.USB_DevConnect
                0x08008f00       0x42 ./Drivers/STM32F4xx_HAL_Driver/Src/stm32f4xx_ll_usb.o
                0x08008f00                USB_DevConnect
 .text.USB_DevDisconnect
                0x08008f42       0x42 ./Drivers/STM32F4xx_HAL_Driver/Src/stm32f4xx_ll_usb.o
                0x08008f42                USB_DevDisconnect
 .text.USB_ReadInterrupts
                0x08008f84       0x26 ./Drivers/STM32F4xx_HAL_Driver/Src/stm32f4xx_ll_usb.o
                0x08008f84                USB_ReadInterrupts
 .text.USB_ReadDevAllOutEpInterrupt
                0x08008faa       0x34 ./Drivers/STM32F4xx_HAL_Driver/Src/stm32f4xx_ll_usb.o
                0x08008faa                USB_ReadDevAllOutEpInterrupt
 .text.USB_ReadDevAllInEpInterrupt
                0x08008fde       0x34 ./Drivers/STM32F4xx_HAL_Driver/Src/stm32f4xx_ll_usb.o
                0x08008fde                USB_ReadDevAllInEpInterrupt
 .text.USB_ReadDevOutEPInterrupt
                0x08009012       0x3c ./Drivers/STM32F4xx_HAL_Driver/Src/stm32f4xx_ll_usb.o
                0x08009012                USB_ReadDevOutEPInterrupt
 .text.USB_ReadDevInEPInterrupt
                0x0800904e       0x5c ./Drivers/STM32F4xx_HAL_Driver/Src/stm32f4xx_ll_usb.o
                0x0800904e                USB_ReadDevInEPInterrupt
 .text.USB_GetMode
                0x080090aa       0x1c ./Drivers/STM32F4xx_HAL_Driver/Src/stm32f4xx_ll_usb.o
                0x080090aa                USB_GetMode
 .text.USB_ActivateSetup
                0x080090c6       0x46 ./Drivers/STM32F4xx_HAL_Driver/Src/stm32f4xx_ll_usb.o
                0x080090c6                USB_ActivateSetup
 .text.USB_EP0_OutStart
                0x0800910c       0xbc ./Drivers/STM32F4xx_HAL_Driver/Src/stm32f4xx_ll_usb.o
                0x0800910c                USB_EP0_OutStart
 .text.USB_CoreReset
                0x080091c8       0x70 ./Drivers/STM32F4xx_HAL_Driver/Src/stm32f4xx_ll_usb.o
 .text.USBD_CDC_Init
                0x08009238      0x1f0 ./Middlewares/ST/STM32_USB_Device_Library/Class/CDC/Src/usbd_cdc.o
 .text.USBD_CDC_DeInit
                0x08009428      0x104 ./Middlewares/ST/STM32_USB_Device_Library/Class/CDC/Src/usbd_cdc.o
 .text.USBD_CDC_Setup
                0x0800952c      0x1b8 ./Middlewares/ST/STM32_USB_Device_Library/Class/CDC/Src/usbd_cdc.o
 .text.USBD_CDC_DataIn
                0x080096e4       0xfe ./Middlewares/ST/STM32_USB_Device_Library/Class/CDC/Src/usbd_cdc.o
 .text.USBD_CDC_DataOut
                0x080097e2       0x70 ./Middlewares/ST/STM32_USB_Device_Library/Class/CDC/Src/usbd_cdc.o
 .text.USBD_CDC_EP0_RxReady
                0x08009852       0x74 ./Middlewares/ST/STM32_USB_Device_Library/Class/CDC/Src/usbd_cdc.o
 *fill*         0x080098c6        0x2 
 .text.USBD_CDC_GetFSCfgDesc
                0x080098c8       0x70 ./Middlewares/ST/STM32_USB_Device_Library/Class/CDC/Src/usbd_cdc.o
 .text.USBD_CDC_GetHSCfgDesc
                0x08009938       0x70 ./Middlewares/ST/STM32_USB_Device_Library/Class/CDC/Src/usbd_cdc.o
 .text.USBD_CDC_GetOtherSpeedCfgDesc
                0x080099a8       0x70 ./Middlewares/ST/STM32_USB_Device_Library/Class/CDC/Src/usbd_cdc.o
 .text.USBD_CDC_GetDeviceQualifierDescriptor
                0x08009a18       0x20 ./Middlewares/ST/STM32_USB_Device_Library/Class/CDC/Src/usbd_cdc.o
                0x08009a18                USBD_CDC_GetDeviceQualifierDescriptor
 .text.USBD_CDC_RegisterInterface
                0x08009a38       0x34 ./Middlewares/ST/STM32_USB_Device_Library/Class/CDC/Src/usbd_cdc.o
                0x08009a38                USBD_CDC_RegisterInterface
 .text.USBD_CDC_SetTxBuffer
                0x08009a6c       0x44 ./Middlewares/ST/STM32_USB_Device_Library/Class/CDC/Src/usbd_cdc.o
                0x08009a6c                USBD_CDC_SetTxBuffer
 .text.USBD_CDC_SetRxBuffer
                0x08009ab0       0x3a ./Middlewares/ST/STM32_USB_Device_Library/Class/CDC/Src/usbd_cdc.o
                0x08009ab0                USBD_CDC_SetRxBuffer
 *fill*         0x08009aea        0x2 
 .text.USBD_CDC_ReceivePacket
                0x08009aec       0x6c ./Middlewares/ST/STM32_USB_Device_Library/Class/CDC/Src/usbd_cdc.o
                0x08009aec                USBD_CDC_ReceivePacket
 .text.USBD_Init
                0x08009b58       0x60 ./Middlewares/ST/STM32_USB_Device_Library/Core/Src/usbd_core.o
                0x08009b58                USBD_Init
 .text.USBD_RegisterClass
                0x08009bb8       0x6c ./Middlewares/ST/STM32_USB_Device_Library/Core/Src/usbd_core.o
                0x08009bb8                USBD_RegisterClass
 .text.USBD_Start
                0x08009c24       0x18 ./Middlewares/ST/STM32_USB_Device_Library/Core/Src/usbd_core.o
                0x08009c24                USBD_Start
 .text.USBD_RunTestMode
                0x08009c3c       0x16 ./Middlewares/ST/STM32_USB_Device_Library/Core/Src/usbd_core.o
                0x08009c3c                USBD_RunTestMode
 .text.USBD_SetClassConfig
                0x08009c52       0x38 ./Middlewares/ST/STM32_USB_Device_Library/Core/Src/usbd_core.o
                0x08009c52                USBD_SetClassConfig
 .text.USBD_ClrClassConfig
                0x08009c8a       0x34 ./Middlewares/ST/STM32_USB_Device_Library/Core/Src/usbd_core.o
                0x08009c8a                USBD_ClrClassConfig
 .text.USBD_LL_SetupStage
                0x08009cbe       0xaa ./Middlewares/ST/STM32_USB_Device_Library/Core/Src/usbd_core.o
                0x08009cbe                USBD_LL_SetupStage
 .text.USBD_LL_DataOutStage
                0x08009d68      0x178 ./Middlewares/ST/STM32_USB_Device_Library/Core/Src/usbd_core.o
                0x08009d68                USBD_LL_DataOutStage
 .text.USBD_LL_DataInStage
                0x08009ee0      0x176 ./Middlewares/ST/STM32_USB_Device_Library/Core/Src/usbd_core.o
                0x08009ee0                USBD_LL_DataInStage
 .text.USBD_LL_Reset
                0x0800a056       0xa6 ./Middlewares/ST/STM32_USB_Device_Library/Core/Src/usbd_core.o
                0x0800a056                USBD_LL_Reset
 .text.USBD_LL_SetSpeed
                0x0800a0fc       0x20 ./Middlewares/ST/STM32_USB_Device_Library/Core/Src/usbd_core.o
                0x0800a0fc                USBD_LL_SetSpeed
 .text.USBD_LL_Suspend
                0x0800a11c       0x38 ./Middlewares/ST/STM32_USB_Device_Library/Core/Src/usbd_core.o
                0x0800a11c                USBD_LL_Suspend
 .text.USBD_LL_Resume
                0x0800a154       0x30 ./Middlewares/ST/STM32_USB_Device_Library/Core/Src/usbd_core.o
                0x0800a154                USBD_LL_Resume
 .text.USBD_LL_SOF
                0x0800a184       0x40 ./Middlewares/ST/STM32_USB_Device_Library/Core/Src/usbd_core.o
                0x0800a184                USBD_LL_SOF
 .text.USBD_LL_IsoINIncomplete
                0x0800a1c4       0x64 ./Middlewares/ST/STM32_USB_Device_Library/Core/Src/usbd_core.o
                0x0800a1c4                USBD_LL_IsoINIncomplete
 .text.USBD_LL_IsoOUTIncomplete
                0x0800a228       0x64 ./Middlewares/ST/STM32_USB_Device_Library/Core/Src/usbd_core.o
                0x0800a228                USBD_LL_IsoOUTIncomplete
 .text.USBD_LL_DevConnected
                0x0800a28c       0x16 ./Middlewares/ST/STM32_USB_Device_Library/Core/Src/usbd_core.o
                0x0800a28c                USBD_LL_DevConnected
 .text.USBD_LL_DevDisconnected
                0x0800a2a2       0x46 ./Middlewares/ST/STM32_USB_Device_Library/Core/Src/usbd_core.o
                0x0800a2a2                USBD_LL_DevDisconnected
 .text.USBD_CoreFindIF
                0x0800a2e8       0x1a ./Middlewares/ST/STM32_USB_Device_Library/Core/Src/usbd_core.o
                0x0800a2e8                USBD_CoreFindIF
 .text.USBD_CoreFindEP
                0x0800a302       0x1a ./Middlewares/ST/STM32_USB_Device_Library/Core/Src/usbd_core.o
                0x0800a302                USBD_CoreFindEP
 .text.USBD_GetEpDesc
                0x0800a31c       0x70 ./Middlewares/ST/STM32_USB_Device_Library/Core/Src/usbd_core.o
                0x0800a31c                USBD_GetEpDesc
 .text.USBD_GetNextDesc
                0x0800a38c       0x38 ./Middlewares/ST/STM32_USB_Device_Library/Core/Src/usbd_core.o
                0x0800a38c                USBD_GetNextDesc
 .text.SWAPBYTE
                0x0800a3c4       0x3e ./Middlewares/ST/STM32_USB_Device_Library/Core/Src/usbd_ctlreq.o
 *fill*         0x0800a402        0x2 
 .text.USBD_StdDevReq
                0x0800a404       0xe4 ./Middlewares/ST/STM32_USB_Device_Library/Core/Src/usbd_ctlreq.o
                0x0800a404                USBD_StdDevReq
 .text.USBD_StdItfReq
                0x0800a4e8       0xd8 ./Middlewares/ST/STM32_USB_Device_Library/Core/Src/usbd_ctlreq.o
                0x0800a4e8                USBD_StdItfReq
 .text.USBD_StdEPReq
                0x0800a5c0      0x33e ./Middlewares/ST/STM32_USB_Device_Library/Core/Src/usbd_ctlreq.o
                0x0800a5c0                USBD_StdEPReq
 *fill*         0x0800a8fe        0x2 
 .text.USBD_GetDescriptor
                0x0800a900      0x2d4 ./Middlewares/ST/STM32_USB_Device_Library/Core/Src/usbd_ctlreq.o
 .text.USBD_SetAddress
                0x0800abd4       0x88 ./Middlewares/ST/STM32_USB_Device_Library/Core/Src/usbd_ctlreq.o
 .text.USBD_SetConfig
                0x0800ac5c      0x154 ./Middlewares/ST/STM32_USB_Device_Library/Core/Src/usbd_ctlreq.o
 .text.USBD_GetConfig
                0x0800adb0       0x6c ./Middlewares/ST/STM32_USB_Device_Library/Core/Src/usbd_ctlreq.o
 .text.USBD_GetStatus
                0x0800ae1c       0x68 ./Middlewares/ST/STM32_USB_Device_Library/Core/Src/usbd_ctlreq.o
 .text.USBD_SetFeature
                0x0800ae84       0x52 ./Middlewares/ST/STM32_USB_Device_Library/Core/Src/usbd_ctlreq.o
 .text.USBD_ClrFeature
                0x0800aed6       0x44 ./Middlewares/ST/STM32_USB_Device_Library/Core/Src/usbd_ctlreq.o
 .text.USBD_ParseSetupRequest
                0x0800af1a       0x74 ./Middlewares/ST/STM32_USB_Device_Library/Core/Src/usbd_ctlreq.o
                0x0800af1a                USBD_ParseSetupRequest
 .text.USBD_CtlError
                0x0800af8e       0x22 ./Middlewares/ST/STM32_USB_Device_Library/Core/Src/usbd_ctlreq.o
                0x0800af8e                USBD_CtlError
 .text.USBD_GetString
                0x0800afb0       0xa4 ./Middlewares/ST/STM32_USB_Device_Library/Core/Src/usbd_ctlreq.o
                0x0800afb0                USBD_GetString
 .text.USBD_GetLen
                0x0800b054       0x34 ./Middlewares/ST/STM32_USB_Device_Library/Core/Src/usbd_ctlreq.o
 .text.USBD_CtlSendData
                0x0800b088       0x3c ./Middlewares/ST/STM32_USB_Device_Library/Core/Src/usbd_ioreq.o
                0x0800b088                USBD_CtlSendData
 .text.USBD_CtlContinueSendData
                0x0800b0c4       0x22 ./Middlewares/ST/STM32_USB_Device_Library/Core/Src/usbd_ioreq.o
                0x0800b0c4                USBD_CtlContinueSendData
 .text.USBD_CtlPrepareRx
                0x0800b0e6       0x42 ./Middlewares/ST/STM32_USB_Device_Library/Core/Src/usbd_ioreq.o
                0x0800b0e6                USBD_CtlPrepareRx
 .text.USBD_CtlContinueRx
                0x0800b128       0x22 ./Middlewares/ST/STM32_USB_Device_Library/Core/Src/usbd_ioreq.o
                0x0800b128                USBD_CtlContinueRx
 .text.USBD_CtlSendStatus
                0x0800b14a       0x26 ./Middlewares/ST/STM32_USB_Device_Library/Core/Src/usbd_ioreq.o
                0x0800b14a                USBD_CtlSendStatus
 .text.USBD_CtlReceiveStatus
                0x0800b170       0x26 ./Middlewares/ST/STM32_USB_Device_Library/Core/Src/usbd_ioreq.o
                0x0800b170                USBD_CtlReceiveStatus
 *fill*         0x0800b196        0x2 
 .text.MX_USB_DEVICE_Init
                0x0800b198       0x60 ./USB_DEVICE/App/usb_device.o
                0x0800b198                MX_USB_DEVICE_Init
 .text.CDC_Init_FS
                0x0800b1f8       0x28 ./USB_DEVICE/App/usbd_cdc_if.o
 .text.CDC_DeInit_FS
                0x0800b220       0x10 ./USB_DEVICE/App/usbd_cdc_if.o
 .text.CDC_Control_FS
                0x0800b230       0xbc ./USB_DEVICE/App/usbd_cdc_if.o
 .text.CDC_Receive_FS
                0x0800b2ec       0x28 ./USB_DEVICE/App/usbd_cdc_if.o
 .text.CDC_TransmitCplt_FS
                0x0800b314       0x22 ./USB_DEVICE/App/usbd_cdc_if.o
 *fill*         0x0800b336        0x2 
 .text.USBD_FS_DeviceDescriptor
                0x0800b338       0x24 ./USB_DEVICE/App/usbd_desc.o
                0x0800b338                USBD_FS_DeviceDescriptor
 .text.USBD_FS_LangIDStrDescriptor
                0x0800b35c       0x24 ./USB_DEVICE/App/usbd_desc.o
                0x0800b35c                USBD_FS_LangIDStrDescriptor
 .text.USBD_FS_ProductStrDescriptor
                0x0800b380       0x3c ./USB_DEVICE/App/usbd_desc.o
                0x0800b380                USBD_FS_ProductStrDescriptor
 .text.USBD_FS_ManufacturerStrDescriptor
                0x0800b3bc       0x28 ./USB_DEVICE/App/usbd_desc.o
                0x0800b3bc                USBD_FS_ManufacturerStrDescriptor
 .text.USBD_FS_SerialStrDescriptor
                0x0800b3e4       0x24 ./USB_DEVICE/App/usbd_desc.o
                0x0800b3e4                USBD_FS_SerialStrDescriptor
 .text.USBD_FS_ConfigStrDescriptor
                0x0800b408       0x3c ./USB_DEVICE/App/usbd_desc.o
                0x0800b408                USBD_FS_ConfigStrDescriptor
 .text.USBD_FS_InterfaceStrDescriptor
                0x0800b444       0x3c ./USB_DEVICE/App/usbd_desc.o
                0x0800b444                USBD_FS_InterfaceStrDescriptor
 .text.Get_SerialNum
                0x0800b480       0x58 ./USB_DEVICE/App/usbd_desc.o
 .text.IntToUnicode
                0x0800b4d8       0x7e ./USB_DEVICE/App/usbd_desc.o
 *fill*         0x0800b556        0x2 
 .text.HAL_PCD_MspInit
                0x0800b558       0xa8 ./USB_DEVICE/Target/usbd_conf.o
                0x0800b558                HAL_PCD_MspInit
 .text.HAL_PCD_SetupStageCallback
                0x0800b600       0x24 ./USB_DEVICE/Target/usbd_conf.o
                0x0800b600                HAL_PCD_SetupStageCallback
 .text.HAL_PCD_DataOutStageCallback
                0x0800b624       0x36 ./USB_DEVICE/Target/usbd_conf.o
                0x0800b624                HAL_PCD_DataOutStageCallback
 .text.HAL_PCD_DataInStageCallback
                0x0800b65a       0x34 ./USB_DEVICE/Target/usbd_conf.o
                0x0800b65a                HAL_PCD_DataInStageCallback
 .text.HAL_PCD_SOFCallback
                0x0800b68e       0x1c ./USB_DEVICE/Target/usbd_conf.o
                0x0800b68e                HAL_PCD_SOFCallback
 .text.HAL_PCD_ResetCallback
                0x0800b6aa       0x50 ./USB_DEVICE/Target/usbd_conf.o
                0x0800b6aa                HAL_PCD_ResetCallback
 *fill*         0x0800b6fa        0x2 
 .text.HAL_PCD_SuspendCallback
                0x0800b6fc       0x4c ./USB_DEVICE/Target/usbd_conf.o
                0x0800b6fc                HAL_PCD_SuspendCallback
 .text.HAL_PCD_ResumeCallback
                0x0800b748       0x1c ./USB_DEVICE/Target/usbd_conf.o
                0x0800b748                HAL_PCD_ResumeCallback
 .text.HAL_PCD_ISOOUTIncompleteCallback
                0x0800b764       0x24 ./USB_DEVICE/Target/usbd_conf.o
                0x0800b764                HAL_PCD_ISOOUTIncompleteCallback
 .text.HAL_PCD_ISOINIncompleteCallback
                0x0800b788       0x24 ./USB_DEVICE/Target/usbd_conf.o
                0x0800b788                HAL_PCD_ISOINIncompleteCallback
 .text.HAL_PCD_ConnectCallback
                0x0800b7ac       0x1c ./USB_DEVICE/Target/usbd_conf.o
                0x0800b7ac                HAL_PCD_ConnectCallback
 .text.HAL_PCD_DisconnectCallback
                0x0800b7c8       0x1c ./USB_DEVICE/Target/usbd_conf.o
                0x0800b7c8                HAL_PCD_DisconnectCallback
 .text.USBD_LL_Init
                0x0800b7e4       0x98 ./USB_DEVICE/Target/usbd_conf.o
                0x0800b7e4                USBD_LL_Init
 .text.USBD_LL_Start
                0x0800b87c       0x36 ./USB_DEVICE/Target/usbd_conf.o
                0x0800b87c                USBD_LL_Start
 .text.USBD_LL_OpenEP
                0x0800b8b2       0x4c ./USB_DEVICE/Target/usbd_conf.o
                0x0800b8b2                USBD_LL_OpenEP
 .text.USBD_LL_CloseEP
                0x0800b8fe       0x3e ./USB_DEVICE/Target/usbd_conf.o
                0x0800b8fe                USBD_LL_CloseEP
 .text.USBD_LL_StallEP
                0x0800b93c       0x3e ./USB_DEVICE/Target/usbd_conf.o
                0x0800b93c                USBD_LL_StallEP
 .text.USBD_LL_ClearStallEP
                0x0800b97a       0x3e ./USB_DEVICE/Target/usbd_conf.o
                0x0800b97a                USBD_LL_ClearStallEP
 .text.USBD_LL_IsStallEP
                0x0800b9b8       0x58 ./USB_DEVICE/Target/usbd_conf.o
                0x0800b9b8                USBD_LL_IsStallEP
 .text.USBD_LL_SetUSBAddress
                0x0800ba10       0x3e ./USB_DEVICE/Target/usbd_conf.o
                0x0800ba10                USBD_LL_SetUSBAddress
 .text.USBD_LL_Transmit
                0x0800ba4e       0x42 ./USB_DEVICE/Target/usbd_conf.o
                0x0800ba4e                USBD_LL_Transmit
 .text.USBD_LL_PrepareReceive
                0x0800ba90       0x42 ./USB_DEVICE/Target/usbd_conf.o
                0x0800ba90                USBD_LL_PrepareReceive
 .text.USBD_LL_GetRxDataSize
                0x0800bad2       0x26 ./USB_DEVICE/Target/usbd_conf.o
                0x0800bad2                USBD_LL_GetRxDataSize
 .text.USBD_static_malloc
                0x0800baf8       0x1c ./USB_DEVICE/Target/usbd_conf.o
                0x0800baf8                USBD_static_malloc
 .text.USBD_static_free
                0x0800bb14       0x14 ./USB_DEVICE/Target/usbd_conf.o
                0x0800bb14                USBD_static_free
 .text.USBD_Get_USB_Status
                0x0800bb28       0x58 ./USB_DEVICE/Target/usbd_conf.o
                0x0800bb28                USBD_Get_USB_Status
 .text.sprintf  0x0800bb80       0x44 C:/ST/STM32CubeIDE_1.18.1/STM32CubeIDE/plugins/com.st.stm32cube.ide.mcu.externaltools.gnu-tools-for-stm32.13.3.rel1.win32_1.0.0.202411081344/tools/bin/../lib/gcc/arm-none-eabi/13.3.1/../../../../arm-none-eabi/lib/thumb/v7e-m+fp/hard\libc_nano.a(libc_a-sprintf.o)
                0x0800bb80                siprintf
                0x0800bb80                sprintf
 .text.memset   0x0800bbc4       0x10 C:/ST/STM32CubeIDE_1.18.1/STM32CubeIDE/plugins/com.st.stm32cube.ide.mcu.externaltools.gnu-tools-for-stm32.13.3.rel1.win32_1.0.0.202411081344/tools/bin/../lib/gcc/arm-none-eabi/13.3.1/../../../../arm-none-eabi/lib/thumb/v7e-m+fp/hard\libc_nano.a(libc_a-memset.o)
                0x0800bbc4                memset
 .text.__errno  0x0800bbd4        0xc C:/ST/STM32CubeIDE_1.18.1/STM32CubeIDE/plugins/com.st.stm32cube.ide.mcu.externaltools.gnu-tools-for-stm32.13.3.rel1.win32_1.0.0.202411081344/tools/bin/../lib/gcc/arm-none-eabi/13.3.1/../../../../arm-none-eabi/lib/thumb/v7e-m+fp/hard\libc_nano.a(libc_a-errno.o)
                0x0800bbd4                __errno
 .text.__libc_init_array
                0x0800bbe0       0x48 C:/ST/STM32CubeIDE_1.18.1/STM32CubeIDE/plugins/com.st.stm32cube.ide.mcu.externaltools.gnu-tools-for-stm32.13.3.rel1.win32_1.0.0.202411081344/tools/bin/../lib/gcc/arm-none-eabi/13.3.1/../../../../arm-none-eabi/lib/thumb/v7e-m+fp/hard\libc_nano.a(libc_a-init.o)
                0x0800bbe0                __libc_init_array
 .text.__retarget_lock_acquire_recursive
                0x0800bc28        0x2 C:/ST/STM32CubeIDE_1.18.1/STM32CubeIDE/plugins/com.st.stm32cube.ide.mcu.externaltools.gnu-tools-for-stm32.13.3.rel1.win32_1.0.0.202411081344/tools/bin/../lib/gcc/arm-none-eabi/13.3.1/../../../../arm-none-eabi/lib/thumb/v7e-m+fp/hard\libc_nano.a(libc_a-lock.o)
                0x0800bc28                __retarget_lock_acquire_recursive
 .text.__retarget_lock_release_recursive
                0x0800bc2a        0x2 C:/ST/STM32CubeIDE_1.18.1/STM32CubeIDE/plugins/com.st.stm32cube.ide.mcu.externaltools.gnu-tools-for-stm32.13.3.rel1.win32_1.0.0.202411081344/tools/bin/../lib/gcc/arm-none-eabi/13.3.1/../../../../arm-none-eabi/lib/thumb/v7e-m+fp/hard\libc_nano.a(libc_a-lock.o)
                0x0800bc2a                __retarget_lock_release_recursive
 .text.memcpy   0x0800bc2c       0x1c C:/ST/STM32CubeIDE_1.18.1/STM32CubeIDE/plugins/com.st.stm32cube.ide.mcu.externaltools.gnu-tools-for-stm32.13.3.rel1.win32_1.0.0.202411081344/tools/bin/../lib/gcc/arm-none-eabi/13.3.1/../../../../arm-none-eabi/lib/thumb/v7e-m+fp/hard\libc_nano.a(libc_a-memcpy-stub.o)
                0x0800bc2c                memcpy
 .text._free_r  0x0800bc48       0x94 C:/ST/STM32CubeIDE_1.18.1/STM32CubeIDE/plugins/com.st.stm32cube.ide.mcu.externaltools.gnu-tools-for-stm32.13.3.rel1.win32_1.0.0.202411081344/tools/bin/../lib/gcc/arm-none-eabi/13.3.1/../../../../arm-none-eabi/lib/thumb/v7e-m+fp/hard\libc_nano.a(libc_a-freer.o)
                0x0800bc48                _free_r
 .text.sbrk_aligned
                0x0800bcdc       0x44 C:/ST/STM32CubeIDE_1.18.1/STM32CubeIDE/plugins/com.st.stm32cube.ide.mcu.externaltools.gnu-tools-for-stm32.13.3.rel1.win32_1.0.0.202411081344/tools/bin/../lib/gcc/arm-none-eabi/13.3.1/../../../../arm-none-eabi/lib/thumb/v7e-m+fp/hard\libc_nano.a(libc_a-mallocr.o)
 .text._malloc_r
                0x0800bd20      0x100 C:/ST/STM32CubeIDE_1.18.1/STM32CubeIDE/plugins/com.st.stm32cube.ide.mcu.externaltools.gnu-tools-for-stm32.13.3.rel1.win32_1.0.0.202411081344/tools/bin/../lib/gcc/arm-none-eabi/13.3.1/../../../../arm-none-eabi/lib/thumb/v7e-m+fp/hard\libc_nano.a(libc_a-mallocr.o)
                0x0800bd20                _malloc_r
 .text.__malloc_lock
                0x0800be20        0xc C:/ST/STM32CubeIDE_1.18.1/STM32CubeIDE/plugins/com.st.stm32cube.ide.mcu.externaltools.gnu-tools-for-stm32.13.3.rel1.win32_1.0.0.202411081344/tools/bin/../lib/gcc/arm-none-eabi/13.3.1/../../../../arm-none-eabi/lib/thumb/v7e-m+fp/hard\libc_nano.a(libc_a-mlock.o)
                0x0800be20                __malloc_lock
 .text.__malloc_unlock
                0x0800be2c        0xc C:/ST/STM32CubeIDE_1.18.1/STM32CubeIDE/plugins/com.st.stm32cube.ide.mcu.externaltools.gnu-tools-for-stm32.13.3.rel1.win32_1.0.0.202411081344/tools/bin/../lib/gcc/arm-none-eabi/13.3.1/../../../../arm-none-eabi/lib/thumb/v7e-m+fp/hard\libc_nano.a(libc_a-mlock.o)
                0x0800be2c                __malloc_unlock
 .text.__ssputs_r
                0x0800be38       0xb6 C:/ST/STM32CubeIDE_1.18.1/STM32CubeIDE/plugins/com.st.stm32cube.ide.mcu.externaltools.gnu-tools-for-stm32.13.3.rel1.win32_1.0.0.202411081344/tools/bin/../lib/gcc/arm-none-eabi/13.3.1/../../../../arm-none-eabi/lib/thumb/v7e-m+fp/hard\libc_nano.a(libc_a-nano-svfprintf.o)
                0x0800be38                __ssputs_r
 *fill*         0x0800beee        0x2 
 .text._svfprintf_r
                0x0800bef0      0x1f8 C:/ST/STM32CubeIDE_1.18.1/STM32CubeIDE/plugins/com.st.stm32cube.ide.mcu.externaltools.gnu-tools-for-stm32.13.3.rel1.win32_1.0.0.202411081344/tools/bin/../lib/gcc/arm-none-eabi/13.3.1/../../../../arm-none-eabi/lib/thumb/v7e-m+fp/hard\libc_nano.a(libc_a-nano-svfprintf.o)
                0x0800bef0                _svfiprintf_r
                0x0800bef0                _svfprintf_r
 .text._printf_common
                0x0800c0e8       0xda C:/ST/STM32CubeIDE_1.18.1/STM32CubeIDE/plugins/com.st.stm32cube.ide.mcu.externaltools.gnu-tools-for-stm32.13.3.rel1.win32_1.0.0.202411081344/tools/bin/../lib/gcc/arm-none-eabi/13.3.1/../../../../arm-none-eabi/lib/thumb/v7e-m+fp/hard\libc_nano.a(libc_a-nano-vfprintf_i.o)
                0x0800c0e8                _printf_common
 *fill*         0x0800c1c2        0x2 
 .text._printf_i
                0x0800c1c4      0x23c C:/ST/STM32CubeIDE_1.18.1/STM32CubeIDE/plugins/com.st.stm32cube.ide.mcu.externaltools.gnu-tools-for-stm32.13.3.rel1.win32_1.0.0.202411081344/tools/bin/../lib/gcc/arm-none-eabi/13.3.1/../../../../arm-none-eabi/lib/thumb/v7e-m+fp/hard\libc_nano.a(libc_a-nano-vfprintf_i.o)
                0x0800c1c4                _printf_i
 .text.memmove  0x0800c400       0x34 C:/ST/STM32CubeIDE_1.18.1/STM32CubeIDE/plugins/com.st.stm32cube.ide.mcu.externaltools.gnu-tools-for-stm32.13.3.rel1.win32_1.0.0.202411081344/tools/bin/../lib/gcc/arm-none-eabi/13.3.1/../../../../arm-none-eabi/lib/thumb/v7e-m+fp/hard\libc_nano.a(libc_a-memmove.o)
                0x0800c400                memmove
 .text._sbrk_r  0x0800c434       0x20 C:/ST/STM32CubeIDE_1.18.1/STM32CubeIDE/plugins/com.st.stm32cube.ide.mcu.externaltools.gnu-tools-for-stm32.13.3.rel1.win32_1.0.0.202411081344/tools/bin/../lib/gcc/arm-none-eabi/13.3.1/../../../../arm-none-eabi/lib/thumb/v7e-m+fp/hard\libc_nano.a(libc_a-sbrkr.o)
                0x0800c434                _sbrk_r
 .text._realloc_r
                0x0800c454       0x5c C:/ST/STM32CubeIDE_1.18.1/STM32CubeIDE/plugins/com.st.stm32cube.ide.mcu.externaltools.gnu-tools-for-stm32.13.3.rel1.win32_1.0.0.202411081344/tools/bin/../lib/gcc/arm-none-eabi/13.3.1/../../../../arm-none-eabi/lib/thumb/v7e-m+fp/hard\libc_nano.a(libc_a-reallocr.o)
                0x0800c454                _realloc_r
 .text._malloc_usable_size_r
                0x0800c4b0       0x10 C:/ST/STM32CubeIDE_1.18.1/STM32CubeIDE/plugins/com.st.stm32cube.ide.mcu.externaltools.gnu-tools-for-stm32.13.3.rel1.win32_1.0.0.202411081344/tools/bin/../lib/gcc/arm-none-eabi/13.3.1/../../../../arm-none-eabi/lib/thumb/v7e-m+fp/hard\libc_nano.a(libc_a-msizer.o)
                0x0800c4b0                _malloc_usable_size_r
 *(.glue_7)
 .glue_7        0x0800c4c0        0x0 linker stubs
 *(.glue_7t)
 .glue_7t       0x0800c4c0        0x0 linker stubs
 *(.eh_frame)
 .eh_frame      0x0800c4c0        0x0 C:/ST/STM32CubeIDE_1.18.1/STM32CubeIDE/plugins/com.st.stm32cube.ide.mcu.externaltools.gnu-tools-for-stm32.13.3.rel1.win32_1.0.0.202411081344/tools/bin/../lib/gcc/arm-none-eabi/13.3.1/thumb/v7e-m+fp/hard/crtbegin.o
 *(.init)
 .init          0x0800c4c0        0x4 C:/ST/STM32CubeIDE_1.18.1/STM32CubeIDE/plugins/com.st.stm32cube.ide.mcu.externaltools.gnu-tools-for-stm32.13.3.rel1.win32_1.0.0.202411081344/tools/bin/../lib/gcc/arm-none-eabi/13.3.1/thumb/v7e-m+fp/hard/crti.o
                0x0800c4c0                _init
 .init          0x0800c4c4        0x8 C:/ST/STM32CubeIDE_1.18.1/STM32CubeIDE/plugins/com.st.stm32cube.ide.mcu.externaltools.gnu-tools-for-stm32.13.3.rel1.win32_1.0.0.202411081344/tools/bin/../lib/gcc/arm-none-eabi/13.3.1/thumb/v7e-m+fp/hard/crtn.o
 *(.fini)
 .fini          0x0800c4cc        0x4 C:/ST/STM32CubeIDE_1.18.1/STM32CubeIDE/plugins/com.st.stm32cube.ide.mcu.externaltools.gnu-tools-for-stm32.13.3.rel1.win32_1.0.0.202411081344/tools/bin/../lib/gcc/arm-none-eabi/13.3.1/thumb/v7e-m+fp/hard/crti.o
                0x0800c4cc                _fini
 .fini          0x0800c4d0        0x8 C:/ST/STM32CubeIDE_1.18.1/STM32CubeIDE/plugins/com.st.stm32cube.ide.mcu.externaltools.gnu-tools-for-stm32.13.3.rel1.win32_1.0.0.202411081344/tools/bin/../lib/gcc/arm-none-eabi/13.3.1/thumb/v7e-m+fp/hard/crtn.o
                0x0800c4d8                        . = ALIGN (0x4)
                0x0800c4d8                        _etext = .

.vfp11_veneer   0x0800c4d8        0x0
 .vfp11_veneer  0x0800c4d8        0x0 linker stubs

.v4_bx          0x0800c4d8        0x0
 .v4_bx         0x0800c4d8        0x0 linker stubs

.iplt           0x0800c4d8        0x0
 .iplt          0x0800c4d8        0x0 C:/ST/STM32CubeIDE_1.18.1/STM32CubeIDE/plugins/com.st.stm32cube.ide.mcu.externaltools.gnu-tools-for-stm32.13.3.rel1.win32_1.0.0.202411081344/tools/bin/../lib/gcc/arm-none-eabi/13.3.1/thumb/v7e-m+fp/hard/crtbegin.o

.rodata         0x0800c4d8      0xe2c
                0x0800c4d8                        . = ALIGN (0x4)
 *(.rodata)
 .rodata        0x0800c4d8       0x28 ./Core/Src/main.o
 .rodata        0x0800c500       0x46 ./USB_DEVICE/App/usbd_desc.o
 *(.rodata*)
 *fill*         0x0800c546        0x2 
 .rodata.Font11x18
                0x0800c548      0xd5c ./Core/Src/ssd1306_fonts.o
 .rodata.Font_11x18
                0x0800d2a4        0xc ./Core/Src/ssd1306_fonts.o
                0x0800d2a4                Font_11x18
 .rodata.AHBPrescTable
                0x0800d2b0       0x10 ./Core/Src/system_stm32f4xx.o
                0x0800d2b0                AHBPrescTable
 .rodata.APBPrescTable
                0x0800d2c0        0x8 ./Core/Src/system_stm32f4xx.o
                0x0800d2c0                APBPrescTable
 .rodata.flagBitshiftOffset.0
                0x0800d2c8        0x8 ./Drivers/STM32F4xx_HAL_Driver/Src/stm32f4xx_hal_dma.o
 .rodata._svfprintf_r.str1.1
                0x0800d2d0       0x33 C:/ST/STM32CubeIDE_1.18.1/STM32CubeIDE/plugins/com.st.stm32cube.ide.mcu.externaltools.gnu-tools-for-stm32.13.3.rel1.win32_1.0.0.202411081344/tools/bin/../lib/gcc/arm-none-eabi/13.3.1/../../../../arm-none-eabi/lib/thumb/v7e-m+fp/hard\libc_nano.a(libc_a-nano-svfprintf.o)
                                 0x11 (size before relaxing)
 .rodata._printf_i.str1.1
                0x0800d303       0x22 C:/ST/STM32CubeIDE_1.18.1/STM32CubeIDE/plugins/com.st.stm32cube.ide.mcu.externaltools.gnu-tools-for-stm32.13.3.rel1.win32_1.0.0.202411081344/tools/bin/../lib/gcc/arm-none-eabi/13.3.1/../../../../arm-none-eabi/lib/thumb/v7e-m+fp/hard\libc_nano.a(libc_a-nano-vfprintf_i.o)
                0x0800d328                        . = ALIGN (0x4)
 *fill*         0x0800d303        0x1 

.ARM.extab      0x0800d304        0x0
                0x0800d304                        . = ALIGN (0x4)
 *(.ARM.extab* .gnu.linkonce.armextab.*)
                0x0800d304                        . = ALIGN (0x4)

.ARM            0x0800d304        0x8
                0x0800d304                        . = ALIGN (0x4)
                0x0800d304                        __exidx_start = .
 *(.ARM.exidx*)
 .ARM.exidx     0x0800d304        0x8 C:/ST/STM32CubeIDE_1.18.1/STM32CubeIDE/plugins/com.st.stm32cube.ide.mcu.externaltools.gnu-tools-for-stm32.13.3.rel1.win32_1.0.0.202411081344/tools/bin/../lib/gcc/arm-none-eabi/13.3.1/../../../../arm-none-eabi/lib/thumb/v7e-m+fp/hard\libc_nano.a(libc_a-memchr.o)
 .ARM.exidx     0x0800d30c        0x0 C:/ST/STM32CubeIDE_1.18.1/STM32CubeIDE/plugins/com.st.stm32cube.ide.mcu.externaltools.gnu-tools-for-stm32.13.3.rel1.win32_1.0.0.202411081344/tools/bin/../lib/gcc/arm-none-eabi/13.3.1/thumb/v7e-m+fp/hard\libgcc.a(_udivmoddi4.o)
                                  0x8 (size before relaxing)
                0x0800d30c                        __exidx_end = .
                0x0800d30c                        . = ALIGN (0x4)

.preinit_array  0x0800d30c        0x0
                0x0800d30c                        . = ALIGN (0x4)
                0x0800d30c                        PROVIDE (__preinit_array_start = .)
 *(.preinit_array*)
                0x0800d30c                        PROVIDE (__preinit_array_end = .)
                0x0800d30c                        . = ALIGN (0x4)

.init_array     0x0800d30c        0x4
                0x0800d30c                        . = ALIGN (0x4)
                0x0800d30c                        PROVIDE (__init_array_start = .)
 *(SORT_BY_NAME(.init_array.*))
 *(.init_array*)
 .init_array    0x0800d30c        0x4 C:/ST/STM32CubeIDE_1.18.1/STM32CubeIDE/plugins/com.st.stm32cube.ide.mcu.externaltools.gnu-tools-for-stm32.13.3.rel1.win32_1.0.0.202411081344/tools/bin/../lib/gcc/arm-none-eabi/13.3.1/thumb/v7e-m+fp/hard/crtbegin.o
                0x0800d310                        PROVIDE (__init_array_end = .)
                0x0800d310                        . = ALIGN (0x4)

.fini_array     0x0800d310        0x4
                0x0800d310                        . = ALIGN (0x4)
                [!provide]                        PROVIDE (__fini_array_start = .)
 *(SORT_BY_NAME(.fini_array.*))
 *(.fini_array*)
 .fini_array    0x0800d310        0x4 C:/ST/STM32CubeIDE_1.18.1/STM32CubeIDE/plugins/com.st.stm32cube.ide.mcu.externaltools.gnu-tools-for-stm32.13.3.rel1.win32_1.0.0.202411081344/tools/bin/../lib/gcc/arm-none-eabi/13.3.1/thumb/v7e-m+fp/hard/crtbegin.o
                [!provide]                        PROVIDE (__fini_array_end = .)
                0x0800d314                        . = ALIGN (0x4)
                0x0800d314                        _sidata = LOADADDR (.data)

.rel.dyn        0x0800d314        0x0
 .rel.iplt      0x0800d314        0x0 C:/ST/STM32CubeIDE_1.18.1/STM32CubeIDE/plugins/com.st.stm32cube.ide.mcu.externaltools.gnu-tools-for-stm32.13.3.rel1.win32_1.0.0.202411081344/tools/bin/../lib/gcc/arm-none-eabi/13.3.1/thumb/v7e-m+fp/hard/crtbegin.o

.data           0x20000000      0x150 load address 0x0800d314
                0x20000000                        . = ALIGN (0x4)
                0x20000000                        _sdata = .
 *(.data)
 *(.data*)
 .data.outBufPtr
                0x20000000        0x4 ./Core/Src/main.o
 .data.SystemCoreClock
                0x20000004        0x4 ./Core/Src/system_stm32f4xx.o
                0x20000004                SystemCoreClock
 .data.uwTickPrio
                0x20000008        0x4 ./Drivers/STM32F4xx_HAL_Driver/Src/stm32f4xx_hal.o
                0x20000008                uwTickPrio
 .data.uwTickFreq
                0x2000000c        0x1 ./Drivers/STM32F4xx_HAL_Driver/Src/stm32f4xx_hal.o
                0x2000000c                uwTickFreq
 *fill*         0x2000000d        0x3 
 .data.USBD_CDC_DeviceQualifierDesc
                0x20000010        0xa ./Middlewares/ST/STM32_USB_Device_Library/Class/CDC/Src/usbd_cdc.o
 *fill*         0x2000001a        0x2 
 .data.USBD_CDC
                0x2000001c       0x38 ./Middlewares/ST/STM32_USB_Device_Library/Class/CDC/Src/usbd_cdc.o
                0x2000001c                USBD_CDC
 .data.USBD_CDC_CfgDesc
                0x20000054       0x43 ./Middlewares/ST/STM32_USB_Device_Library/Class/CDC/Src/usbd_cdc.o
 .data.CDCInEpAdd
                0x20000097        0x1 ./Middlewares/ST/STM32_USB_Device_Library/Class/CDC/Src/usbd_cdc.o
 .data.CDCOutEpAdd
                0x20000098        0x1 ./Middlewares/ST/STM32_USB_Device_Library/Class/CDC/Src/usbd_cdc.o
 .data.CDCCmdEpAdd
                0x20000099        0x1 ./Middlewares/ST/STM32_USB_Device_Library/Class/CDC/Src/usbd_cdc.o
 *fill*         0x2000009a        0x2 
 .data.USBD_Interface_fops_FS
                0x2000009c       0x14 ./USB_DEVICE/App/usbd_cdc_if.o
                0x2000009c                USBD_Interface_fops_FS
 .data.FS_Desc  0x200000b0       0x1c ./USB_DEVICE/App/usbd_desc.o
                0x200000b0                FS_Desc
 .data.USBD_FS_DeviceDesc
                0x200000cc       0x12 ./USB_DEVICE/App/usbd_desc.o
                0x200000cc                USBD_FS_DeviceDesc
 *fill*         0x200000de        0x2 
 .data.USBD_LangIDDesc
                0x200000e0        0x4 ./USB_DEVICE/App/usbd_desc.o
                0x200000e0                USBD_LangIDDesc
 .data.USBD_StringSerial
                0x200000e4       0x1a ./USB_DEVICE/App/usbd_desc.o
                0x200000e4                USBD_StringSerial
 *fill*         0x200000fe        0x2 
 .data._impure_ptr
                0x20000100        0x4 C:/ST/STM32CubeIDE_1.18.1/STM32CubeIDE/plugins/com.st.stm32cube.ide.mcu.externaltools.gnu-tools-for-stm32.13.3.rel1.win32_1.0.0.202411081344/tools/bin/../lib/gcc/arm-none-eabi/13.3.1/../../../../arm-none-eabi/lib/thumb/v7e-m+fp/hard\libc_nano.a(libc_a-impure.o)
                0x20000100                _impure_ptr
 .data._impure_data
                0x20000104       0x4c C:/ST/STM32CubeIDE_1.18.1/STM32CubeIDE/plugins/com.st.stm32cube.ide.mcu.externaltools.gnu-tools-for-stm32.13.3.rel1.win32_1.0.0.202411081344/tools/bin/../lib/gcc/arm-none-eabi/13.3.1/../../../../arm-none-eabi/lib/thumb/v7e-m+fp/hard\libc_nano.a(libc_a-impure.o)
                0x20000104                _impure_data
 *(.RamFunc)
 *(.RamFunc*)
                0x20000150                        . = ALIGN (0x4)
                0x20000150                        _edata = .
                0x0800d464                        _siccmram = LOADADDR (.ccmram)

.igot.plt       0x20000150        0x0 load address 0x0800d464
 .igot.plt      0x20000150        0x0 C:/ST/STM32CubeIDE_1.18.1/STM32CubeIDE/plugins/com.st.stm32cube.ide.mcu.externaltools.gnu-tools-for-stm32.13.3.rel1.win32_1.0.0.202411081344/tools/bin/../lib/gcc/arm-none-eabi/13.3.1/thumb/v7e-m+fp/hard/crtbegin.o

.ccmram         0x10000000        0x0 load address 0x0800d464
                0x10000000                        . = ALIGN (0x4)
                0x10000000                        _sccmram = .
 *(.ccmram)
 *(.ccmram*)
                0x10000000                        . = ALIGN (0x4)
                0x10000000                        _eccmram = .
                0x10000000                        . = ALIGN (0x4)

.bss            0x20000150     0x2624
                0x20000150                        _sbss = .
                0x20000150                        __bss_start__ = _sbss
 *(.bss)
 .bss           0x20000150       0x1c C:/ST/STM32CubeIDE_1.18.1/STM32CubeIDE/plugins/com.st.stm32cube.ide.mcu.externaltools.gnu-tools-for-stm32.13.3.rel1.win32_1.0.0.202411081344/tools/bin/../lib/gcc/arm-none-eabi/13.3.1/thumb/v7e-m+fp/hard/crtbegin.o
 *(.bss*)
 .bss.hadc1     0x2000016c       0x48 ./Core/Src/main.o
                0x2000016c                hadc1
 .bss.hdma_adc1
                0x200001b4       0x60 ./Core/Src/main.o
                0x200001b4                hdma_adc1
 .bss.hi2c1     0x20000214       0x54 ./Core/Src/main.o
                0x20000214                hi2c1
 .bss.hi2c2     0x20000268       0x54 ./Core/Src/main.o
                0x20000268                hi2c2
 .bss.hi2s2     0x200002bc       0x48 ./Core/Src/main.o
                0x200002bc                hi2s2
 .bss.hdma_spi2_tx
                0x20000304       0x60 ./Core/Src/main.o
                0x20000304                hdma_spi2_tx
 .bss.hdma_i2s2_ext_rx
                0x20000364       0x60 ./Core/Src/main.o
                0x20000364                hdma_i2s2_ext_rx
 .bss.htim2     0x200003c4       0x48 ./Core/Src/main.o
                0x200003c4                htim2
 .bss.codec     0x2000040c        0xc ./Core/Src/main.o
                0x2000040c                codec
 .bss.adcData   0x20000418      0x100 ./Core/Src/main.o
                0x20000418                adcData
 .bss.dacData   0x20000518      0x100 ./Core/Src/main.o
                0x20000518                dacData
 .bss.adcControlData
                0x20000618        0x6 ./Core/Src/main.o
                0x20000618                adcControlData
 *fill*         0x2000061e        0x2 
 .bss.inBufPtr  0x20000620        0x4 ./Core/Src/main.o
 .bss.dataReadyFlag
                0x20000624        0x1 ./Core/Src/main.o
                0x20000624                dataReadyFlag
 *fill*         0x20000625        0x3 
 .bss.leftIn.3  0x20000628        0x4 ./Core/Src/main.o
 .bss.leftOut.2
                0x2000062c        0x4 ./Core/Src/main.o
 .bss.rightIn.1
                0x20000630        0x4 ./Core/Src/main.o
 .bss.rightOut.0
                0x20000634        0x4 ./Core/Src/main.o
 .bss.SSD1306_Buffer
                0x20000638      0x400 ./Core/Src/ssd1306.o
 .bss.SSD1306   0x20000a38        0x6 ./Core/Src/ssd1306.o
 *fill*         0x20000a3e        0x2 
 .bss.__sbrk_heap_end
                0x20000a40        0x4 ./Core/Src/sysmem.o
 .bss.uwTick    0x20000a44        0x4 ./Drivers/STM32F4xx_HAL_Driver/Src/stm32f4xx_hal.o
                0x20000a44                uwTick
 .bss.cfgidx.0  0x20000a48        0x1 ./Middlewares/ST/STM32_USB_Device_Library/Core/Src/usbd_ctlreq.o
 *fill*         0x20000a49        0x3 
 .bss.hUsbDeviceFS
                0x20000a4c      0x2dc ./USB_DEVICE/App/usb_device.o
                0x20000a4c                hUsbDeviceFS
 .bss.UserRxBufferFS
                0x20000d28      0x800 ./USB_DEVICE/App/usbd_cdc_if.o
                0x20000d28                UserRxBufferFS
 .bss.UserTxBufferFS
                0x20001528      0x800 ./USB_DEVICE/App/usbd_cdc_if.o
                0x20001528                UserTxBufferFS
 .bss.USBD_StrDesc
                0x20001d28      0x200 ./USB_DEVICE/App/usbd_desc.o
                0x20001d28                USBD_StrDesc
 .bss.hpcd_USB_OTG_FS
                0x20001f28      0x4e4 ./USB_DEVICE/Target/usbd_conf.o
                0x20001f28                hpcd_USB_OTG_FS
 .bss.mem.0     0x2000240c      0x220 ./USB_DEVICE/Target/usbd_conf.o
 .bss.__sf      0x2000262c      0x138 C:/ST/STM32CubeIDE_1.18.1/STM32CubeIDE/plugins/com.st.stm32cube.ide.mcu.externaltools.gnu-tools-for-stm32.13.3.rel1.win32_1.0.0.202411081344/tools/bin/../lib/gcc/arm-none-eabi/13.3.1/../../../../arm-none-eabi/lib/thumb/v7e-m+fp/hard\libc_nano.a(libc_a-findfp.o)
                0x2000262c                __sf
 .bss.errno     0x20002764        0x4 C:/ST/STM32CubeIDE_1.18.1/STM32CubeIDE/plugins/com.st.stm32cube.ide.mcu.externaltools.gnu-tools-for-stm32.13.3.rel1.win32_1.0.0.202411081344/tools/bin/../lib/gcc/arm-none-eabi/13.3.1/../../../../arm-none-eabi/lib/thumb/v7e-m+fp/hard\libc_nano.a(libc_a-reent.o)
                0x20002764                errno
 .bss.__lock___malloc_recursive_mutex
                0x20002768        0x1 C:/ST/STM32CubeIDE_1.18.1/STM32CubeIDE/plugins/com.st.stm32cube.ide.mcu.externaltools.gnu-tools-for-stm32.13.3.rel1.win32_1.0.0.202411081344/tools/bin/../lib/gcc/arm-none-eabi/13.3.1/../../../../arm-none-eabi/lib/thumb/v7e-m+fp/hard\libc_nano.a(libc_a-lock.o)
                0x20002768                __lock___malloc_recursive_mutex
 *fill*         0x20002769        0x3 
 .bss.__malloc_sbrk_start
                0x2000276c        0x4 C:/ST/STM32CubeIDE_1.18.1/STM32CubeIDE/plugins/com.st.stm32cube.ide.mcu.externaltools.gnu-tools-for-stm32.13.3.rel1.win32_1.0.0.202411081344/tools/bin/../lib/gcc/arm-none-eabi/13.3.1/../../../../arm-none-eabi/lib/thumb/v7e-m+fp/hard\libc_nano.a(libc_a-mallocr.o)
                0x2000276c                __malloc_sbrk_start
 .bss.__malloc_free_list
                0x20002770        0x4 C:/ST/STM32CubeIDE_1.18.1/STM32CubeIDE/plugins/com.st.stm32cube.ide.mcu.externaltools.gnu-tools-for-stm32.13.3.rel1.win32_1.0.0.202411081344/tools/bin/../lib/gcc/arm-none-eabi/13.3.1/../../../../arm-none-eabi/lib/thumb/v7e-m+fp/hard\libc_nano.a(libc_a-mallocr.o)
                0x20002770                __malloc_free_list
 *(COMMON)
                0x20002774                        . = ALIGN (0x4)
                0x20002774                        _ebss = .
                0x20002774                        __bss_end__ = _ebss

._user_heap_stack
                0x20002774      0x604
                0x20002778                        . = ALIGN (0x8)
 *fill*         0x20002774        0x4 
                [!provide]                        PROVIDE (end = .)
                0x20002778                        PROVIDE (_end = .)
                0x20002978                        . = (. + _Min_Heap_Size)
 *fill*         0x20002778      0x200 
                0x20002d78                        . = (. + _Min_Stack_Size)
 *fill*         0x20002978      0x400 
                0x20002d78                        . = ALIGN (0x8)

/DISCARD/
 libc.a(*)
 libm.a(*)
 libgcc.a(*)

.ARM.attributes
                0x00000000       0x30
 *(.ARM.attributes)
 .ARM.attributes
                0x00000000       0x22 C:/ST/STM32CubeIDE_1.18.1/STM32CubeIDE/plugins/com.st.stm32cube.ide.mcu.externaltools.gnu-tools-for-stm32.13.3.rel1.win32_1.0.0.202411081344/tools/bin/../lib/gcc/arm-none-eabi/13.3.1/thumb/v7e-m+fp/hard/crti.o
 .ARM.attributes
                0x00000022       0x34 C:/ST/STM32CubeIDE_1.18.1/STM32CubeIDE/plugins/com.st.stm32cube.ide.mcu.externaltools.gnu-tools-for-stm32.13.3.rel1.win32_1.0.0.202411081344/tools/bin/../lib/gcc/arm-none-eabi/13.3.1/thumb/v7e-m+fp/hard/crtbegin.o
 .ARM.attributes
                0x00000056       0x34 ./Core/Src/I2C_Codec.o
 .ARM.attributes
                0x0000008a       0x34 ./Core/Src/main.o
 .ARM.attributes
                0x000000be       0x34 ./Core/Src/ssd1306.o
 .ARM.attributes
                0x000000f2       0x34 ./Core/Src/ssd1306_fonts.o
 .ARM.attributes
                0x00000126       0x34 ./Core/Src/stm32f4xx_hal_msp.o
 .ARM.attributes
                0x0000015a       0x34 ./Core/Src/stm32f4xx_it.o
 .ARM.attributes
                0x0000018e       0x34 ./Core/Src/sysmem.o
 .ARM.attributes
                0x000001c2       0x34 ./Core/Src/system_stm32f4xx.o
 .ARM.attributes
                0x000001f6       0x21 ./Core/Startup/startup_stm32f405rgtx.o
 .ARM.attributes
                0x00000217       0x34 ./Drivers/STM32F4xx_HAL_Driver/Src/stm32f4xx_hal.o
 .ARM.attributes
                0x0000024b       0x34 ./Drivers/STM32F4xx_HAL_Driver/Src/stm32f4xx_hal_adc.o
 .ARM.attributes
                0x0000027f       0x34 ./Drivers/STM32F4xx_HAL_Driver/Src/stm32f4xx_hal_cortex.o
 .ARM.attributes
                0x000002b3       0x34 ./Drivers/STM32F4xx_HAL_Driver/Src/stm32f4xx_hal_dma.o
 .ARM.attributes
                0x000002e7       0x34 ./Drivers/STM32F4xx_HAL_Driver/Src/stm32f4xx_hal_gpio.o
 .ARM.attributes
                0x0000031b       0x34 ./Drivers/STM32F4xx_HAL_Driver/Src/stm32f4xx_hal_i2c.o
 .ARM.attributes
                0x0000034f       0x34 ./Drivers/STM32F4xx_HAL_Driver/Src/stm32f4xx_hal_i2s.o
 .ARM.attributes
                0x00000383       0x34 ./Drivers/STM32F4xx_HAL_Driver/Src/stm32f4xx_hal_i2s_ex.o
 .ARM.attributes
                0x000003b7       0x34 ./Drivers/STM32F4xx_HAL_Driver/Src/stm32f4xx_hal_pcd.o
 .ARM.attributes
                0x000003eb       0x34 ./Drivers/STM32F4xx_HAL_Driver/Src/stm32f4xx_hal_pcd_ex.o
 .ARM.attributes
                0x0000041f       0x34 ./Drivers/STM32F4xx_HAL_Driver/Src/stm32f4xx_hal_rcc.o
 .ARM.attributes
                0x00000453       0x34 ./Drivers/STM32F4xx_HAL_Driver/Src/stm32f4xx_hal_rcc_ex.o
 .ARM.attributes
                0x00000487       0x34 ./Drivers/STM32F4xx_HAL_Driver/Src/stm32f4xx_hal_tim.o
 .ARM.attributes
                0x000004bb       0x34 ./Drivers/STM32F4xx_HAL_Driver/Src/stm32f4xx_hal_tim_ex.o
 .ARM.attributes
                0x000004ef       0x34 ./Drivers/STM32F4xx_HAL_Driver/Src/stm32f4xx_ll_usb.o
 .ARM.attributes
                0x00000523       0x34 ./Middlewares/ST/STM32_USB_Device_Library/Class/CDC/Src/usbd_cdc.o
 .ARM.attributes
                0x00000557       0x34 ./Middlewares/ST/STM32_USB_Device_Library/Core/Src/usbd_core.o
 .ARM.attributes
                0x0000058b       0x34 ./Middlewares/ST/STM32_USB_Device_Library/Core/Src/usbd_ctlreq.o
 .ARM.attributes
                0x000005bf       0x34 ./Middlewares/ST/STM32_USB_Device_Library/Core/Src/usbd_ioreq.o
 .ARM.attributes
                0x000005f3       0x34 ./USB_DEVICE/App/usb_device.o
 .ARM.attributes
                0x00000627       0x34 ./USB_DEVICE/App/usbd_cdc_if.o
 .ARM.attributes
                0x0000065b       0x34 ./USB_DEVICE/App/usbd_desc.o
 .ARM.attributes
                0x0000068f       0x34 ./USB_DEVICE/Target/usbd_conf.o
 .ARM.attributes
                0x000006c3       0x34 C:/ST/STM32CubeIDE_1.18.1/STM32CubeIDE/plugins/com.st.stm32cube.ide.mcu.externaltools.gnu-tools-for-stm32.13.3.rel1.win32_1.0.0.202411081344/tools/bin/../lib/gcc/arm-none-eabi/13.3.1/../../../../arm-none-eabi/lib/thumb/v7e-m+fp/hard\libc_nano.a(libc_a-findfp.o)
 .ARM.attributes
                0x000006f7       0x34 C:/ST/STM32CubeIDE_1.18.1/STM32CubeIDE/plugins/com.st.stm32cube.ide.mcu.externaltools.gnu-tools-for-stm32.13.3.rel1.win32_1.0.0.202411081344/tools/bin/../lib/gcc/arm-none-eabi/13.3.1/../../../../arm-none-eabi/lib/thumb/v7e-m+fp/hard\libc_nano.a(libc_a-sprintf.o)
 .ARM.attributes
                0x0000072b       0x34 C:/ST/STM32CubeIDE_1.18.1/STM32CubeIDE/plugins/com.st.stm32cube.ide.mcu.externaltools.gnu-tools-for-stm32.13.3.rel1.win32_1.0.0.202411081344/tools/bin/../lib/gcc/arm-none-eabi/13.3.1/../../../../arm-none-eabi/lib/thumb/v7e-m+fp/hard\libc_nano.a(libc_a-memset.o)
 .ARM.attributes
                0x0000075f       0x34 C:/ST/STM32CubeIDE_1.18.1/STM32CubeIDE/plugins/com.st.stm32cube.ide.mcu.externaltools.gnu-tools-for-stm32.13.3.rel1.win32_1.0.0.202411081344/tools/bin/../lib/gcc/arm-none-eabi/13.3.1/../../../../arm-none-eabi/lib/thumb/v7e-m+fp/hard\libc_nano.a(libc_a-reent.o)
 .ARM.attributes
                0x00000793       0x34 C:/ST/STM32CubeIDE_1.18.1/STM32CubeIDE/plugins/com.st.stm32cube.ide.mcu.externaltools.gnu-tools-for-stm32.13.3.rel1.win32_1.0.0.202411081344/tools/bin/../lib/gcc/arm-none-eabi/13.3.1/../../../../arm-none-eabi/lib/thumb/v7e-m+fp/hard\libc_nano.a(libc_a-impure.o)
 .ARM.attributes
                0x000007c7       0x34 C:/ST/STM32CubeIDE_1.18.1/STM32CubeIDE/plugins/com.st.stm32cube.ide.mcu.externaltools.gnu-tools-for-stm32.13.3.rel1.win32_1.0.0.202411081344/tools/bin/../lib/gcc/arm-none-eabi/13.3.1/../../../../arm-none-eabi/lib/thumb/v7e-m+fp/hard\libc_nano.a(libc_a-errno.o)
 .ARM.attributes
                0x000007fb       0x34 C:/ST/STM32CubeIDE_1.18.1/STM32CubeIDE/plugins/com.st.stm32cube.ide.mcu.externaltools.gnu-tools-for-stm32.13.3.rel1.win32_1.0.0.202411081344/tools/bin/../lib/gcc/arm-none-eabi/13.3.1/../../../../arm-none-eabi/lib/thumb/v7e-m+fp/hard\libc_nano.a(libc_a-init.o)
 .ARM.attributes
                0x0000082f       0x34 C:/ST/STM32CubeIDE_1.18.1/STM32CubeIDE/plugins/com.st.stm32cube.ide.mcu.externaltools.gnu-tools-for-stm32.13.3.rel1.win32_1.0.0.202411081344/tools/bin/../lib/gcc/arm-none-eabi/13.3.1/../../../../arm-none-eabi/lib/thumb/v7e-m+fp/hard\libc_nano.a(libc_a-lock.o)
 .ARM.attributes
                0x00000863       0x34 C:/ST/STM32CubeIDE_1.18.1/STM32CubeIDE/plugins/com.st.stm32cube.ide.mcu.externaltools.gnu-tools-for-stm32.13.3.rel1.win32_1.0.0.202411081344/tools/bin/../lib/gcc/arm-none-eabi/13.3.1/../../../../arm-none-eabi/lib/thumb/v7e-m+fp/hard\libc_nano.a(libc_a-memcpy-stub.o)
 .ARM.attributes
                0x00000897       0x34 C:/ST/STM32CubeIDE_1.18.1/STM32CubeIDE/plugins/com.st.stm32cube.ide.mcu.externaltools.gnu-tools-for-stm32.13.3.rel1.win32_1.0.0.202411081344/tools/bin/../lib/gcc/arm-none-eabi/13.3.1/../../../../arm-none-eabi/lib/thumb/v7e-m+fp/hard\libc_nano.a(libc_a-freer.o)
 .ARM.attributes
                0x000008cb       0x34 C:/ST/STM32CubeIDE_1.18.1/STM32CubeIDE/plugins/com.st.stm32cube.ide.mcu.externaltools.gnu-tools-for-stm32.13.3.rel1.win32_1.0.0.202411081344/tools/bin/../lib/gcc/arm-none-eabi/13.3.1/../../../../arm-none-eabi/lib/thumb/v7e-m+fp/hard\libc_nano.a(libc_a-mallocr.o)
 .ARM.attributes
                0x000008ff       0x34 C:/ST/STM32CubeIDE_1.18.1/STM32CubeIDE/plugins/com.st.stm32cube.ide.mcu.externaltools.gnu-tools-for-stm32.13.3.rel1.win32_1.0.0.202411081344/tools/bin/../lib/gcc/arm-none-eabi/13.3.1/../../../../arm-none-eabi/lib/thumb/v7e-m+fp/hard\libc_nano.a(libc_a-mlock.o)
 .ARM.attributes
                0x00000933       0x34 C:/ST/STM32CubeIDE_1.18.1/STM32CubeIDE/plugins/com.st.stm32cube.ide.mcu.externaltools.gnu-tools-for-stm32.13.3.rel1.win32_1.0.0.202411081344/tools/bin/../lib/gcc/arm-none-eabi/13.3.1/../../../../arm-none-eabi/lib/thumb/v7e-m+fp/hard\libc_nano.a(libc_a-nano-svfprintf.o)
 .ARM.attributes
                0x00000967       0x34 C:/ST/STM32CubeIDE_1.18.1/STM32CubeIDE/plugins/com.st.stm32cube.ide.mcu.externaltools.gnu-tools-for-stm32.13.3.rel1.win32_1.0.0.202411081344/tools/bin/../lib/gcc/arm-none-eabi/13.3.1/../../../../arm-none-eabi/lib/thumb/v7e-m+fp/hard\libc_nano.a(libc_a-nano-vfprintf_i.o)
 .ARM.attributes
                0x0000099b       0x34 C:/ST/STM32CubeIDE_1.18.1/STM32CubeIDE/plugins/com.st.stm32cube.ide.mcu.externaltools.gnu-tools-for-stm32.13.3.rel1.win32_1.0.0.202411081344/tools/bin/../lib/gcc/arm-none-eabi/13.3.1/../../../../arm-none-eabi/lib/thumb/v7e-m+fp/hard\libc_nano.a(libc_a-memmove.o)
 .ARM.attributes
                0x000009cf       0x34 C:/ST/STM32CubeIDE_1.18.1/STM32CubeIDE/plugins/com.st.stm32cube.ide.mcu.externaltools.gnu-tools-for-stm32.13.3.rel1.win32_1.0.0.202411081344/tools/bin/../lib/gcc/arm-none-eabi/13.3.1/../../../../arm-none-eabi/lib/thumb/v7e-m+fp/hard\libc_nano.a(libc_a-sbrkr.o)
 .ARM.attributes
                0x00000a03       0x1c C:/ST/STM32CubeIDE_1.18.1/STM32CubeIDE/plugins/com.st.stm32cube.ide.mcu.externaltools.gnu-tools-for-stm32.13.3.rel1.win32_1.0.0.202411081344/tools/bin/../lib/gcc/arm-none-eabi/13.3.1/../../../../arm-none-eabi/lib/thumb/v7e-m+fp/hard\libc_nano.a(libc_a-memchr.o)
 .ARM.attributes
                0x00000a1f       0x34 C:/ST/STM32CubeIDE_1.18.1/STM32CubeIDE/plugins/com.st.stm32cube.ide.mcu.externaltools.gnu-tools-for-stm32.13.3.rel1.win32_1.0.0.202411081344/tools/bin/../lib/gcc/arm-none-eabi/13.3.1/../../../../arm-none-eabi/lib/thumb/v7e-m+fp/hard\libc_nano.a(libc_a-reallocr.o)
 .ARM.attributes
                0x00000a53       0x34 C:/ST/STM32CubeIDE_1.18.1/STM32CubeIDE/plugins/com.st.stm32cube.ide.mcu.externaltools.gnu-tools-for-stm32.13.3.rel1.win32_1.0.0.202411081344/tools/bin/../lib/gcc/arm-none-eabi/13.3.1/../../../../arm-none-eabi/lib/thumb/v7e-m+fp/hard\libc_nano.a(libc_a-msizer.o)
 .ARM.attributes