Archive member included to satisfy reference by file (symbol)

C:/ST/STM32CubeIDE_1.18.1/STM32CubeIDE/plugins/com.st.stm32cube.ide.mcu.externaltools.gnu-tools-for-stm32.13.3.rel1.win32_1.0.0.202411081344/tools/bin/../lib/gcc/arm-none-eabi/13.3.1/../../../../arm-none-eabi/lib/thumb/v7e-m+fp/hard\libc_nano.a(libc_a-exit.o)
                              C:/ST/STM32CubeIDE_1.18.1/STM32CubeIDE/plugins/com.st.stm32cube.ide.mcu.externaltools.gnu-tools-for-stm32.13.3.rel1.win32_1.0.0.202411081344/tools/bin/../lib/gcc/arm-none-eabi/13.3.1/../../../../arm-none-eabi/lib/thumb/v7e-m+fp/hard/crt0.o (exit)
C:/ST/STM32CubeIDE_1.18.1/STM32CubeIDE/plugins/com.st.stm32cube.ide.mcu.externaltools.gnu-tools-for-stm32.13.3.rel1.win32_1.0.0.202411081344/tools/bin/../lib/gcc/arm-none-eabi/13.3.1/../../../../arm-none-eabi/lib/thumb/v7e-m+fp/hard\libc_nano.a(libc_a-findfp.o)
                              C:/ST/STM32CubeIDE_1.18.1/STM32CubeIDE/plugins/com.st.stm32cube.ide.mcu.externaltools.gnu-tools-for-stm32.13.3.rel1.win32_1.0.0.202411081344/tools/bin/../lib/gcc/arm-none-eabi/13.3.1/../../../../arm-none-eabi/lib/thumb/v7e-m+fp/hard\libc_nano.a(libc_a-exit.o) (__stdio_exit_handler)
C:/ST/STM32CubeIDE_1.18.1/STM32CubeIDE/plugins/com.st.stm32cube.ide.mcu.externaltools.gnu-tools-for-stm32.13.3.rel1.win32_1.0.0.202411081344/tools/bin/../lib/gcc/arm-none-eabi/13.3.1/../../../../arm-none-eabi/lib/thumb/v7e-m+fp/hard\libc_nano.a(libc_a-fwalk.o)
                              C:/ST/STM32CubeIDE_1.18.1/STM32CubeIDE/plugins/com.st.stm32cube.ide.mcu.externaltools.gnu-tools-for-stm32.13.3.rel1.win32_1.0.0.202411081344/tools/bin/../lib/gcc/arm-none-eabi/13.3.1/../../../../arm-none-eabi/lib/thumb/v7e-m+fp/hard\libc_nano.a(libc_a-findfp.o) (_fwalk_sglue)
C:/ST/STM32CubeIDE_1.18.1/STM32CubeIDE/plugins/com.st.stm32cube.ide.mcu.externaltools.gnu-tools-for-stm32.13.3.rel1.win32_1.0.0.202411081344/tools/bin/../lib/gcc/arm-none-eabi/13.3.1/../../../../arm-none-eabi/lib/thumb/v7e-m+fp/hard\libc_nano.a(libc_a-stdio.o)
                              C:/ST/STM32CubeIDE_1.18.1/STM32CubeIDE/plugins/com.st.stm32cube.ide.mcu.externaltools.gnu-tools-for-stm32.13.3.rel1.win32_1.0.0.202411081344/tools/bin/../lib/gcc/arm-none-eabi/13.3.1/../../../../arm-none-eabi/lib/thumb/v7e-m+fp/hard\libc_nano.a(libc_a-findfp.o) (__sread)
C:/ST/STM32CubeIDE_1.18.1/STM32CubeIDE/plugins/com.st.stm32cube.ide.mcu.externaltools.gnu-tools-for-stm32.13.3.rel1.win32_1.0.0.202411081344/tools/bin/../lib/gcc/arm-none-eabi/13.3.1/../../../../arm-none-eabi/lib/thumb/v7e-m+fp/hard\libc_nano.a(libc_a-memset.o)
                              C:/ST/STM32CubeIDE_1.18.1/STM32CubeIDE/plugins/com.st.stm32cube.ide.mcu.externaltools.gnu-tools-for-stm32.13.3.rel1.win32_1.0.0.202411081344/tools/bin/../lib/gcc/arm-none-eabi/13.3.1/../../../../arm-none-eabi/lib/thumb/v7e-m+fp/hard/crt0.o (memset)
C:/ST/STM32CubeIDE_1.18.1/STM32CubeIDE/plugins/com.st.stm32cube.ide.mcu.externaltools.gnu-tools-for-stm32.13.3.rel1.win32_1.0.0.202411081344/tools/bin/../lib/gcc/arm-none-eabi/13.3.1/../../../../arm-none-eabi/lib/thumb/v7e-m+fp/hard\libc_nano.a(libc_a-closer.o)
                              C:/ST/STM32CubeIDE_1.18.1/STM32CubeIDE/plugins/com.st.stm32cube.ide.mcu.externaltools.gnu-tools-for-stm32.13.3.rel1.win32_1.0.0.202411081344/tools/bin/../lib/gcc/arm-none-eabi/13.3.1/../../../../arm-none-eabi/lib/thumb/v7e-m+fp/hard\libc_nano.a(libc_a-stdio.o) (_close_r)
C:/ST/STM32CubeIDE_1.18.1/STM32CubeIDE/plugins/com.st.stm32cube.ide.mcu.externaltools.gnu-tools-for-stm32.13.3.rel1.win32_1.0.0.202411081344/tools/bin/../lib/gcc/arm-none-eabi/13.3.1/../../../../arm-none-eabi/lib/thumb/v7e-m+fp/hard\libc_nano.a(libc_a-reent.o)
                              C:/ST/STM32CubeIDE_1.18.1/STM32CubeIDE/plugins/com.st.stm32cube.ide.mcu.externaltools.gnu-tools-for-stm32.13.3.rel1.win32_1.0.0.202411081344/tools/bin/../lib/gcc/arm-none-eabi/13.3.1/../../../../arm-none-eabi/lib/thumb/v7e-m+fp/hard\libc_nano.a(libc_a-closer.o) (errno)
C:/ST/STM32CubeIDE_1.18.1/STM32CubeIDE/plugins/com.st.stm32cube.ide.mcu.externaltools.gnu-tools-for-stm32.13.3.rel1.win32_1.0.0.202411081344/tools/bin/../lib/gcc/arm-none-eabi/13.3.1/../../../../arm-none-eabi/lib/thumb/v7e-m+fp/hard\libc_nano.a(libc_a-impure.o)
                              C:/ST/STM32CubeIDE_1.18.1/STM32CubeIDE/plugins/com.st.stm32cube.ide.mcu.externaltools.gnu-tools-for-stm32.13.3.rel1.win32_1.0.0.202411081344/tools/bin/../lib/gcc/arm-none-eabi/13.3.1/../../../../arm-none-eabi/lib/thumb/v7e-m+fp/hard\libc_nano.a(libc_a-reent.o) (_impure_ptr)
C:/ST/STM32CubeIDE_1.18.1/STM32CubeIDE/plugins/com.st.stm32cube.ide.mcu.externaltools.gnu-tools-for-stm32.13.3.rel1.win32_1.0.0.202411081344/tools/bin/../lib/gcc/arm-none-eabi/13.3.1/../../../../arm-none-eabi/lib/thumb/v7e-m+fp/hard\libc_nano.a(libc_a-lseekr.o)
[...]
Memory Configuration

Name             Origin             Length             Attributes
CCMRAM           0x10000000         0x00010000         xrw
RAM              0x20000000         0x00020000         xrw
FLASH            0x08000000         0x00100000         xr
*default*        0x00000000         0xffffffff

Linker script and memory map

LOAD C:/ST/STM32CubeIDE_1.18.1/STM32CubeIDE/plugins/com.st.stm32cube.ide.mcu.externaltools.gnu-tools-for-stm32.13.3.rel1.win32_1.0.0.202411081344/tools/bin/../lib/gcc/arm-none-eabi/13.3.1/thumb/v7e-m+fp/hard/crti.o
LOAD C:/ST/STM32CubeIDE_1.18.1/STM32CubeIDE/plugins/com.st.stm32cube.ide.mcu.externaltools.gnu-tools-for-stm32.13.3.rel1.win32_1.0.0.202411081344/tools/bin/../lib/gcc/arm-none-eabi/13.3.1/thumb/v7e-m+fp/hard/crtbegin.o
LOAD C:/ST/STM32CubeIDE_1.18.1/STM32CubeIDE/plugins/com.st.stm32cube.ide.mcu.externaltools.gnu-tools-for-stm32.13.3.rel1.win32_1.0.0.202411081344/tools/bin/../lib/gcc/arm-none-eabi/13.3.1/../../../../arm-none-eabi/lib/thumb/v7e-m+fp/hard/crt0.o
LOAD ./Core/Src/I2C_Codec.o
LOAD ./Core/Src/SSD1306.o
LOAD ./Core/Src/main.o
LOAD ./Core/Src/stm32f4xx_hal_msp.o
LOAD ./Core/Src/stm32f4xx_it.o
LOAD ./Core/Src/syscalls.o
LOAD ./Core/Src/sysmem.o
LOAD ./Core/Src/system_stm32f4xx.o
LOAD ./Core/Startup/startup_stm32f405rgtx.o
LOAD ./Drivers/STM32F4xx_HAL_Driver/Src/stm32f4xx_hal.o
LOAD ./Drivers/STM32F4xx_HAL_Driver/Src/stm32f4xx_hal_adc.o
LOAD ./Drivers/STM32F4xx_HAL_Driver/Src/stm32f4xx_hal_adc_ex.o
LOAD ./Drivers/STM32F4xx_HAL_Driver/Src/stm32f4xx_hal_cortex.o
LOAD ./Drivers/STM32F4xx_HAL_Driver/Src/stm32f4xx_hal_dma.o
LOAD ./Drivers/STM32F4xx_HAL_Driver/Src/stm32f4xx_hal_dma_ex.o
LOAD ./Drivers/STM32F4xx_HAL_Driver/Src/stm32f4xx_hal_exti.o
LOAD ./Drivers/STM32F4xx_HAL_Driver/Src/stm32f4xx_hal_flash.o
LOAD ./Drivers/STM32F4xx_HAL_Driver/Src/stm32f4xx_hal_flash_ex.o
LOAD ./Drivers/STM32F4xx_HAL_Driver/Src/stm32f4xx_hal_flash_ramfunc.o
LOAD ./Drivers/STM32F4xx_HAL_Driver/Src/stm32f4xx_hal_gpio.o
LOAD ./Drivers/STM32F4xx_HAL_Driver/Src/stm32f4xx_hal_i2c.o
LOAD ./Drivers/STM32F4xx_HAL_Driver/Src/stm32f4xx_hal_i2c_ex.o
LOAD ./Drivers/STM32F4xx_HAL_Driver/Src/stm32f4xx_hal_i2s.o
LOAD ./Drivers/STM32F4xx_HAL_Driver/Src/stm32f4xx_hal_i2s_ex.o
LOAD ./Drivers/STM32F4xx_HAL_Driver/Src/stm32f4xx_hal_mmc.o
LOAD ./Drivers/STM32F4xx_HAL_Driver/Src/stm32f4xx_hal_pcd.o
LOAD ./Drivers/STM32F4xx_HAL_Driver/Src/stm32f4xx_hal_pcd_ex.o
LOAD ./Drivers/STM32F4xx_HAL_Driver/Src/stm32f4xx_hal_pwr.o
LOAD ./Drivers/STM32F4xx_HAL_Driver/Src/stm32f4xx_hal_pwr_ex.o
LOAD ./Drivers/STM32F4xx_HAL_Driver/Src/stm32f4xx_hal_rcc.o
LOAD ./Drivers/STM32F4xx_HAL_Driver/Src/stm32f4xx_hal_rcc_ex.o
LOAD ./Drivers/STM32F4xx_HAL_Driver/Src/stm32f4xx_hal_sd.o
LOAD ./Drivers/STM32F4xx_HAL_Driver/Src/stm32f4xx_ll_adc.o
LOAD ./Drivers/STM32F4xx_HAL_Driver/Src/stm32f4xx_ll_sdmmc.o
LOAD ./Drivers/STM32F4xx_HAL_Driver/Src/stm32f4xx_ll_usb.o
LOAD ./FATFS/App/fatfs.o
LOAD ./FATFS/Target/bsp_driver_sd.o
LOAD ./FATFS/Target/sd_diskio.o
LOAD ./Middlewares/ST/STM32_USB_Device_Library/Class/CDC/Src/usbd_cdc.o
LOAD ./Middlewares/ST/STM32_USB_Device_Library/Core/Src/usbd_core.o
LOAD ./Middlewares/ST/STM32_USB_Device_Library/Core/Src/usbd_ctlreq.o
LOAD ./Middlewares/ST/STM32_USB_Device_Library/Core/Src/usbd_ioreq.o
LOAD ./Middlewares/Third_Party/FatFs/src/diskio.o
LOAD ./Middlewares/Third_Party/FatFs/src/ff.o
LOAD ./Middlewares/Third_Party/FatFs/src/ff_gen_drv.o
LOAD ./Middlewares/Third_Party/FatFs/src/option/syscall.o
LOAD ./USB_DEVICE/App/usb_device.o
LOAD ./USB_DEVICE/App/usbd_cdc_if.o
LOAD ./USB_DEVICE/App/usbd_desc.o
LOAD ./USB_DEVICE/Target/usbd_conf.o
START GROUP
LOAD C:/ST/STM32CubeIDE_1.18.1/STM32CubeIDE/plugins/com.st.stm32cube.ide.mcu.externaltools.gnu-tools-for-stm32.13.3.rel1.win32_1.0.0.202411081344/tools/bin/../lib/gcc/arm-none-eabi/13.3.1/../../../../arm-none-eabi/lib/thumb/v7e-m+fp/hard\libc_nano.a
LOAD C:/ST/STM32CubeIDE_1.18.1/STM32CubeIDE/plugins/com.st.stm32cube.ide.mcu.externaltools.gnu-tools-for-stm32.13.3.rel1.win32_1.0.0.202411081344/tools/bin/../lib/gcc/arm-none-eabi/13.3.1/../../../../arm-none-eabi/lib/thumb/v7e-m+fp/hard\libm.a
END GROUP
START GROUP
LOAD C:/ST/STM32CubeIDE_1.18.1/STM32CubeIDE/plugins/com.st.stm32cube.ide.mcu.externaltools.gnu-tools-for-stm32.13.3.rel1.win32_1.0.0.202411081344/tools/bin/../lib/gcc/arm-none-eabi/13.3.1/thumb/v7e-m+fp/hard\libgcc.a
LOAD C:/ST/STM32CubeIDE_1.18.1/STM32CubeIDE/plugins/com.st.stm32cube.ide.mcu.externaltools.gnu-tools-for-stm32.13.3.rel1.win32_1.0.0.202411081344/tools/bin/../lib/gcc/arm-none-eabi/13.3.1/../../../../arm-none-eabi/lib/thumb/v7e-m+fp/hard\libc_nano.a
END GROUP
START GROUP
LOAD C:/ST/STM32CubeIDE_1.18.1/STM32CubeIDE/plugins/com.st.stm32cube.ide.mcu.externaltools.gnu-tools-for-stm32.13.3.rel1.win32_1.0.0.202411081344/tools/bin/../lib/gcc/arm-none-eabi/13.3.1/thumb/v7e-m+fp/hard\libgcc.a
LOAD C:/ST/STM32CubeIDE_1.18.1/STM32CubeIDE/plugins/com.st.stm32cube.ide.mcu.externaltools.gnu-tools-for-stm32.13.3.rel1.win32_1.0.0.202411081344/tools/bin/../lib/gcc/arm-none-eabi/13.3.1/../../../../arm-none-eabi/lib/thumb/v7e-m+fp/hard\libc_nano.a
LOAD C:/ST/STM32CubeIDE_1.18.1/STM32CubeIDE/plugins/com.st.stm32cube.ide.mcu.externaltools.gnu-tools-for-stm32.13.3.rel1.win32_1.0.0.202411081344/tools/bin/../lib/gcc/arm-none-eabi/13.3.1/../../../../arm-none-eabi/lib/thumb/v7e-m+fp/hard\libnosys.a
END GROUP
START GROUP
LOAD C:/ST/STM32CubeIDE_1.18.1/STM32CubeIDE/plugins/com.st.stm32cube.ide.mcu.externaltools.gnu-tools-for-stm32.13.3.rel1.win32_1.0.0.202411081344/tools/bin/../lib/gcc/arm-none-eabi/13.3.1/thumb/v7e-m+fp/hard\libgcc.a
LOAD C:/ST/STM32CubeIDE_1.18.1/STM32CubeIDE/plugins/com.st.stm32cube.ide.mcu.externaltools.gnu-tools-for-stm32.13.3.rel1.win32_1.0.0.202411081344/tools/bin/../lib/gcc/arm-none-eabi/13.3.1/../../../../arm-none-eabi/lib/thumb/v7e-m+fp/hard\libc_nano.a
LOAD C:/ST/STM32CubeIDE_1.18.1/STM32CubeIDE/plugins/com.st.stm32cube.ide.mcu.externaltools.gnu-tools-for-stm32.13.3.rel1.win32_1.0.0.202411081344/tools/bin/../lib/gcc/arm-none-eabi/13.3.1/../../../../arm-none-eabi/lib/thumb/v7e-m+fp/hard\libnosys.a
END GROUP
LOAD C:/ST/STM32CubeIDE_1.18.1/STM32CubeIDE/plugins/com.st.stm32cube.ide.mcu.externaltools.gnu-tools-for-stm32.13.3.rel1.win32_1.0.0.202411081344/tools/bin/../lib/gcc/arm-none-eabi/13.3.1/thumb/v7e-m+fp/hard/crtend.o
LOAD C:/ST/STM32CubeIDE_1.18.1/STM32CubeIDE/plugins/com.st.stm32cube.ide.mcu.externaltools.gnu-tools-for-stm32.13.3.rel1.win32_1.0.0.202411081344/tools/bin/../lib/gcc/arm-none-eabi/13.3.1/thumb/v7e-m+fp/hard/crtn.o
                0x20020000                        _estack = (ORIGIN (RAM) + LENGTH (RAM))
                0x00000200                        _Min_Heap_Size = 0x200
                0x00000400                        _Min_Stack_Size = 0x400

.isr_vector     0x08000000      0x188
                0x08000000                        . = ALIGN (0x4)
 *(.isr_vector)
 .isr_vector    0x08000000      0x188 ./Core/Startup/startup_stm32f405rgtx.o
                0x08000000                g_pfnVectors
                0x08000188                        . = ALIGN (0x4)

.text           0x08000188     0x5684
                0x08000188                        . = ALIGN (0x4)
 *(.text)
 .text          0x08000188       0x40 C:/ST/STM32CubeIDE_1.18.1/STM32CubeIDE/plugins/com.st.stm32cube.ide.mcu.externaltools.gnu-tools-for-stm32.13.3.rel1.win32_1.0.0.202411081344/tools/bin/../lib/gcc/arm-none-eabi/13.3.1/thumb/v7e-m+fp/hard/crtbegin.o
 .text          0x080001c8       0x10 C:/ST/STM32CubeIDE_1.18.1/STM32CubeIDE/plugins/com.st.stm32cube.ide.mcu.externaltools.gnu-tools-for-stm32.13.3.rel1.win32_1.0.0.202411081344/tools/bin/../lib/gcc/arm-none-eabi/13.3.1/../../../../arm-none-eabi/lib/thumb/v7e-m+fp/hard\libc_nano.a(libc_a-strlen.o)
                0x080001c8                strlen
 .text          0x080001d8       0x30 C:/ST/STM32CubeIDE_1.18.1/STM32CubeIDE/plugins/com.st.stm32cube.ide.mcu.externaltools.gnu-tools-for-stm32.13.3.rel1.win32_1.0.0.202411081344/tools/bin/../lib/gcc/arm-none-eabi/13.3.1/thumb/v7e-m+fp/hard\libgcc.a(_aeabi_uldivmod.o)
                0x080001d8                __aeabi_uldivmod
 .text          0x08000208      0x2f8 C:/ST/STM32CubeIDE_1.18.1/STM32CubeIDE/plugins/com.st.stm32cube.ide.mcu.externaltools.gnu-tools-for-stm32.13.3.rel1.win32_1.0.0.202411081344/tools/bin/../lib/gcc/arm-none-eabi/13.3.1/thumb/v7e-m+fp/hard\libgcc.a(_udivmoddi4.o)
                0x08000208                __udivmoddi4
 .text          0x08000500        0x4 C:/ST/STM32CubeIDE_1.18.1/STM32CubeIDE/plugins/com.st.stm32cube.ide.mcu.externaltools.gnu-tools-for-stm32.13.3.rel1.win32_1.0.0.202411081344/tools/bin/../lib/gcc/arm-none-eabi/13.3.1/thumb/v7e-m+fp/hard\libgcc.a(_dvmd_tls.o)
                0x08000500                __aeabi_idiv0
                0x08000500                __aeabi_ldiv0
 *(.text*)
 .text.SystemClock_Config
                0x08000504       0xa4 ./Core/Src/main.o
                0x08000504                SystemClock_Config
 .text.startup.main
                0x080005a8      0x1f0 ./Core/Src/main.o
                0x080005a8                main
 .text.Error_Handler
                0x08000798        0x4 ./Core/Src/main.o
                0x08000798                Error_Handler
 .text.HAL_MspInit
                0x0800079c       0x38 ./Core/Src/stm32f4xx_hal_msp.o
                0x0800079c                HAL_MspInit
 .text.HAL_ADC_MspInit
                0x080007d4       0x64 ./Core/Src/stm32f4xx_hal_msp.o
                0x080007d4                HAL_ADC_MspInit
 .text.HAL_I2C_MspInit
                0x08000838       0xc4 ./Core/Src/stm32f4xx_hal_msp.o
                0x08000838                HAL_I2C_MspInit
 .text.HAL_I2S_MspInit
                0x080008fc      0x170 ./Core/Src/stm32f4xx_hal_msp.o
                0x080008fc                HAL_I2S_MspInit
 .text.HAL_SD_MspInit
                0x08000a6c       0x9c ./Core/Src/stm32f4xx_hal_msp.o
                0x08000a6c                HAL_SD_MspInit
 .text.NMI_Handler
                0x08000b08        0x2 ./Core/Src/stm32f4xx_it.o
                0x08000b08                NMI_Handler
 .text.HardFault_Handler
                0x08000b0a        0x2 ./Core/Src/stm32f4xx_it.o
                0x08000b0a                HardFault_Handler
 .text.MemManage_Handler
                0x08000b0c        0x2 ./Core/Src/stm32f4xx_it.o
                0x08000b0c                MemManage_Handler
 .text.BusFault_Handler
                0x08000b0e        0x2 ./Core/Src/stm32f4xx_it.o
                0x08000b0e                BusFault_Handler
 .text.UsageFault_Handler
                0x08000b10        0x2 ./Core/Src/stm32f4xx_it.o
                0x08000b10                UsageFault_Handler
 .text.SVC_Handler
                0x08000b12        0x2 ./Core/Src/stm32f4xx_it.o
                0x08000b12                SVC_Handler
 .text.DebugMon_Handler
                0x08000b14        0x2 ./Core/Src/stm32f4xx_it.o
                0x08000b14                DebugMon_Handler
 .text.PendSV_Handler
                0x08000b16        0x2 ./Core/Src/stm32f4xx_it.o
                0x08000b16                PendSV_Handler
 .text.SysTick_Handler
                0x08000b18        0x4 ./Core/Src/stm32f4xx_it.o
                0x08000b18                SysTick_Handler
 .text.DMA1_Stream3_IRQHandler
                0x08000b1c        0xc ./Core/Src/stm32f4xx_it.o
                0x08000b1c                DMA1_Stream3_IRQHandler
 .text.DMA1_Stream4_IRQHandler
                0x08000b28        0xc ./Core/Src/stm32f4xx_it.o
                0x08000b28                DMA1_Stream4_IRQHandler
 .text.OTG_FS_IRQHandler
                0x08000b34        0xc ./Core/Src/stm32f4xx_it.o
                0x08000b34                OTG_FS_IRQHandler
 .text.SystemInit
                0x08000b40       0x14 ./Core/Src/system_stm32f4xx.o
                0x08000b40                SystemInit
 .text.Reset_Handler
                0x08000b54       0x50 ./Core/Startup/startup_stm32f405rgtx.o
                0x08000b54                Reset_Handler
 .text.Default_Handler
                0x08000ba4        0x2 ./Core/Startup/startup_stm32f405rgtx.o
                0x08000ba4                RTC_Alarm_IRQHandler
                0x08000ba4                HASH_RNG_IRQHandler
                0x08000ba4                EXTI2_IRQHandler
                0x08000ba4                TIM8_CC_IRQHandler
                0x08000ba4                TIM1_CC_IRQHandler
                0x08000ba4                DMA2_Stream5_IRQHandler
                0x08000ba4                DMA1_Stream5_IRQHandler
                0x08000ba4                PVD_IRQHandler
                0x08000ba4                SDIO_IRQHandler
                0x08000ba4                TAMP_STAMP_IRQHandler
                0x08000ba4                CAN2_RX1_IRQHandler
                0x08000ba4                EXTI3_IRQHandler
                0x08000ba4                TIM8_TRG_COM_TIM14_IRQHandler
                0x08000ba4                TIM1_UP_TIM10_IRQHandler
                0x08000ba4                TIM8_UP_TIM13_IRQHandler
                0x08000ba4                I2C3_ER_IRQHandler
                0x08000ba4                EXTI0_IRQHandler
                0x08000ba4                I2C2_EV_IRQHandler
                0x08000ba4                DMA1_Stream2_IRQHandler
                0x08000ba4                CAN1_RX0_IRQHandler
                0x08000ba4                FPU_IRQHandler
                0x08000ba4                OTG_HS_WKUP_IRQHandler
                0x08000ba4                CAN2_SCE_IRQHandler
                0x08000ba4                DMA2_Stream2_IRQHandler
                0x08000ba4                SPI1_IRQHandler
                0x08000ba4                TIM6_DAC_IRQHandler
                0x08000ba4                TIM1_BRK_TIM9_IRQHandler
                0x08000ba4                CAN2_RX0_IRQHandler
                0x08000ba4                DMA2_Stream3_IRQHandler
                0x08000ba4                USART6_IRQHandler
                0x08000ba4                USART3_IRQHandler
                0x08000ba4                CAN1_RX1_IRQHandler
                0x08000ba4                UART5_IRQHandler
                0x08000ba4                DMA2_Stream0_IRQHandler
                0x08000ba4                TIM4_IRQHandler
                0x08000ba4                I2C1_EV_IRQHandler
                0x08000ba4                DMA1_Stream6_IRQHandler
                0x08000ba4                DMA1_Stream1_IRQHandler
                0x08000ba4                UART4_IRQHandler
                0x08000ba4                TIM3_IRQHandler
                0x08000ba4                RCC_IRQHandler
                0x08000ba4                TIM8_BRK_TIM12_IRQHandler
                0x08000ba4                Default_Handler
                0x08000ba4                EXTI15_10_IRQHandler
                0x08000ba4                ADC_IRQHandler
                0x08000ba4                DMA1_Stream7_IRQHandler
                0x08000ba4                TIM7_IRQHandler
                0x08000ba4                CAN2_TX_IRQHandler
                0x08000ba4                TIM5_IRQHandler
                0x08000ba4                DMA2_Stream7_IRQHandler
                0x08000ba4                I2C3_EV_IRQHandler
                0x08000ba4                EXTI9_5_IRQHandler
                0x08000ba4                RTC_WKUP_IRQHandler
                0x08000ba4                SPI2_IRQHandler
                0x08000ba4                OTG_HS_EP1_IN_IRQHandler
                0x08000ba4                DMA1_Stream0_IRQHandler
                0x08000ba4                CAN1_TX_IRQHandler
                0x08000ba4                EXTI4_IRQHandler
                0x08000ba4                FSMC_IRQHandler
                0x08000ba4                OTG_HS_EP1_OUT_IRQHandler
                0x08000ba4                WWDG_IRQHandler
                0x08000ba4                TIM2_IRQHandler
                0x08000ba4                OTG_FS_WKUP_IRQHandler
                0x08000ba4                TIM1_TRG_COM_TIM11_IRQHandler
                0x08000ba4                OTG_HS_IRQHandler
                0x08000ba4                EXTI1_IRQHandler
                0x08000ba4                USART2_IRQHandler
                0x08000ba4                I2C2_ER_IRQHandler
                0x08000ba4                DMA2_Stream1_IRQHandler
                0x08000ba4                CAN1_SCE_IRQHandler
                0x08000ba4                FLASH_IRQHandler
                0x08000ba4                DMA2_Stream4_IRQHandler
                0x08000ba4                USART1_IRQHandler
                0x08000ba4                SPI3_IRQHandler
                0x08000ba4                I2C1_ER_IRQHandler
                0x08000ba4                DMA2_Stream6_IRQHandler
 *fill*         0x08000ba6        0x2 
 .text.HAL_InitTick
                0x08000ba8       0x48 ./Drivers/STM32F4xx_HAL_Driver/Src/stm32f4xx_hal.o
                0x08000ba8                HAL_InitTick
 .text.HAL_Init
                0x08000bf0       0x34 ./Drivers/STM32F4xx_HAL_Driver/Src/stm32f4xx_hal.o
                0x08000bf0                HAL_Init
 .text.HAL_IncTick
                0x08000c24       0x18 ./Drivers/STM32F4xx_HAL_Driver/Src/stm32f4xx_hal.o
                0x08000c24                HAL_IncTick
 .text.HAL_GetTick
                0x08000c3c        0xc ./Drivers/STM32F4xx_HAL_Driver/Src/stm32f4xx_hal.o
                0x08000c3c                HAL_GetTick
 .text.HAL_Delay
                0x08000c48       0x28 ./Drivers/STM32F4xx_HAL_Driver/Src/stm32f4xx_hal.o
                0x08000c48                HAL_Delay
 .text.HAL_ADC_Init
                0x08000c70      0x14c ./Drivers/STM32F4xx_HAL_Driver/Src/stm32f4xx_hal_adc.o
                0x08000c70                HAL_ADC_Init
 .text.HAL_ADC_ConfigChannel
                0x08000dbc      0x120 ./Drivers/STM32F4xx_HAL_Driver/Src/stm32f4xx_hal_adc.o
                0x08000dbc                HAL_ADC_ConfigChannel
 .text.HAL_NVIC_SetPriorityGrouping
                0x08000edc       0x24 ./Drivers/STM32F4xx_HAL_Driver/Src/stm32f4xx_hal_cortex.o
                0x08000edc                HAL_NVIC_SetPriorityGrouping
 .text.HAL_NVIC_SetPriority
                0x08000f00       0x64 ./Drivers/STM32F4xx_HAL_Driver/Src/stm32f4xx_hal_cortex.o
                0x08000f00                HAL_NVIC_SetPriority
 .text.HAL_NVIC_EnableIRQ
                0x08000f64       0x1c ./Drivers/STM32F4xx_HAL_Driver/Src/stm32f4xx_hal_cortex.o
                0x08000f64                HAL_NVIC_EnableIRQ
 .text.HAL_SYSTICK_Config
                0x08000f80       0x28 ./Drivers/STM32F4xx_HAL_Driver/Src/stm32f4xx_hal_cortex.o
                0x08000f80                HAL_SYSTICK_Config
 .text.DMA_CalcBaseAndBitshift
                0x08000fa8       0x2c ./Drivers/STM32F4xx_HAL_Driver/Src/stm32f4xx_hal_dma.o
 .text.HAL_DMA_Init
                0x08000fd4       0xfc ./Drivers/STM32F4xx_HAL_Driver/Src/stm32f4xx_hal_dma.o
                0x08000fd4                HAL_DMA_Init
 .text.HAL_DMA_IRQHandler
                0x080010d0      0x17c ./Drivers/STM32F4xx_HAL_Driver/Src/stm32f4xx_hal_dma.o
                0x080010d0                HAL_DMA_IRQHandler
 .text.HAL_GPIO_Init
                0x0800124c      0x1b0 ./Drivers/STM32F4xx_HAL_Driver/Src/stm32f4xx_hal_gpio.o
                0x0800124c                HAL_GPIO_Init
 .text.HAL_GPIO_WritePin
                0x080013fc        0xa ./Drivers/STM32F4xx_HAL_Driver/Src/stm32f4xx_hal_gpio.o
                0x080013fc                HAL_GPIO_WritePin
 *fill*         0x08001406        0x2 
 .text.HAL_I2C_Init
                0x08001408      0x150 ./Drivers/STM32F4xx_HAL_Driver/Src/stm32f4xx_hal_i2c.o
                0x08001408                HAL_I2C_Init
 .text.HAL_I2S_Init
                0x08001558      0x140 ./Drivers/STM32F4xx_HAL_Driver/Src/stm32f4xx_hal_i2s.o
                0x08001558                HAL_I2S_Init
 .text.HAL_I2S_TxCpltCallback
                0x08001698        0x2 ./Drivers/STM32F4xx_HAL_Driver/Src/stm32f4xx_hal_i2s.o
                0x08001698                HAL_I2S_TxCpltCallback
 .text.HAL_I2S_RxCpltCallback
                0x0800169a        0x2 ./Drivers/STM32F4xx_HAL_Driver/Src/stm32f4xx_hal_i2s.o
                0x0800169a                HAL_I2S_RxCpltCallback
 .text.HAL_I2S_ErrorCallback
                0x0800169c        0x2 ./Drivers/STM32F4xx_HAL_Driver/Src/stm32f4xx_hal_i2s.o
                0x0800169c                HAL_I2S_ErrorCallback
 .text.I2S_IRQHandler
                0x0800169e       0xfa ./Drivers/STM32F4xx_HAL_Driver/Src/stm32f4xx_hal_i2s.o
 .text.HAL_I2SEx_TxRxCpltCallback
                0x08001798        0x2 ./Drivers/STM32F4xx_HAL_Driver/Src/stm32f4xx_hal_i2s_ex.o
                0x08001798                HAL_I2SEx_TxRxCpltCallback
 *fill*         0x0800179a        0x2 
 .text.HAL_I2SEx_FullDuplex_IRQHandler
                0x0800179c      0x248 ./Drivers/STM32F4xx_HAL_Driver/Src/stm32f4xx_hal_i2s_ex.o
                0x0800179c                HAL_I2SEx_FullDuplex_IRQHandler
 .text.HAL_PCD_Init
                0x080019e4       0xde ./Drivers/STM32F4xx_HAL_Driver/Src/stm32f4xx_hal_pcd.o
                0x080019e4                HAL_PCD_Init
 .text.HAL_PCD_Start
                0x08001ac2       0x3e ./Drivers/STM32F4xx_HAL_Driver/Src/stm32f4xx_hal_pcd.o
                0x08001ac2                HAL_PCD_Start
 .text.HAL_PCD_SetAddress
                0x08001b00       0x26 ./Drivers/STM32F4xx_HAL_Driver/Src/stm32f4xx_hal_pcd.o
                0x08001b00                HAL_PCD_SetAddress
 .text.HAL_PCD_EP_Open
                0x08001b26       0x72 ./Drivers/STM32F4xx_HAL_Driver/Src/stm32f4xx_hal_pcd.o
                0x08001b26                HAL_PCD_EP_Open
 .text.HAL_PCD_EP_Close
                0x08001b98       0x5c ./Drivers/STM32F4xx_HAL_Driver/Src/stm32f4xx_hal_pcd.o
                0x08001b98                HAL_PCD_EP_Close
 .text.HAL_PCD_EP_Receive
                0x08001bf4       0x3c ./Drivers/STM32F4xx_HAL_Driver/Src/stm32f4xx_hal_pcd.o
                0x08001bf4                HAL_PCD_EP_Receive
 .text.HAL_PCD_EP_GetRxCount
                0x08001c30       0x10 ./Drivers/STM32F4xx_HAL_Driver/Src/stm32f4xx_hal_pcd.o
                0x08001c30                HAL_PCD_EP_GetRxCount
 .text.HAL_PCD_EP_Transmit
                0x08001c40       0x36 ./Drivers/STM32F4xx_HAL_Driver/Src/stm32f4xx_hal_pcd.o
                0x08001c40                HAL_PCD_EP_Transmit
 .text.HAL_PCD_EP_SetStall
                0x08001c76       0x6e ./Drivers/STM32F4xx_HAL_Driver/Src/stm32f4xx_hal_pcd.o
                0x08001c76                HAL_PCD_EP_SetStall
 .text.HAL_PCD_EP_ClrStall
                0x08001ce4       0x6a ./Drivers/STM32F4xx_HAL_Driver/Src/stm32f4xx_hal_pcd.o
                0x08001ce4                HAL_PCD_EP_ClrStall
 .text.HAL_PCD_EP_Abort
                0x08001d4e       0x20 ./Drivers/STM32F4xx_HAL_Driver/Src/stm32f4xx_hal_pcd.o
                0x08001d4e                HAL_PCD_EP_Abort
 *fill*         0x08001d6e        0x2 
 .text.HAL_PCD_IRQHandler
                0x08001d70      0x690 ./Drivers/STM32F4xx_HAL_Driver/Src/stm32f4xx_hal_pcd.o
                0x08001d70                HAL_PCD_IRQHandler
 .text.HAL_PCDEx_SetTxFiFo
                0x08002400       0x3e ./Drivers/STM32F4xx_HAL_Driver/Src/stm32f4xx_hal_pcd_ex.o
                0x08002400                HAL_PCDEx_SetTxFiFo
 .text.HAL_PCDEx_SetRxFiFo
                0x0800243e        0x8 ./Drivers/STM32F4xx_HAL_Driver/Src/stm32f4xx_hal_pcd_ex.o
                0x0800243e                HAL_PCDEx_SetRxFiFo
 .text.HAL_PCDEx_LPM_Callback
                0x08002446        0x2 ./Drivers/STM32F4xx_HAL_Driver/Src/stm32f4xx_hal_pcd_ex.o
                0x08002446                HAL_PCDEx_LPM_Callback
 .text.HAL_RCC_OscConfig
                0x08002448      0x35c ./Drivers/STM32F4xx_HAL_Driver/Src/stm32f4xx_hal_rcc.o
                0x08002448                HAL_RCC_OscConfig
 .text.HAL_RCC_GetSysClockFreq
                0x080027a4       0x4c ./Drivers/STM32F4xx_HAL_Driver/Src/stm32f4xx_hal_rcc.o
                0x080027a4                HAL_RCC_GetSysClockFreq
 .text.HAL_RCC_ClockConfig
                0x080027f0      0x134 ./Drivers/STM32F4xx_HAL_Driver/Src/stm32f4xx_hal_rcc.o
                0x080027f0                HAL_RCC_ClockConfig
 .text.HAL_RCC_GetHCLKFreq
                0x08002924        0xc ./Drivers/STM32F4xx_HAL_Driver/Src/stm32f4xx_hal_rcc.o
                0x08002924                HAL_RCC_GetHCLKFreq
 .text.HAL_RCC_GetPCLK1Freq
                0x08002930       0x20 ./Drivers/STM32F4xx_HAL_Driver/Src/stm32f4xx_hal_rcc.o
                0x08002930                HAL_RCC_GetPCLK1Freq
 .text.HAL_RCCEx_PeriphCLKConfig
                0x08002950      0x130 ./Drivers/STM32F4xx_HAL_Driver/Src/stm32f4xx_hal_rcc_ex.o
                0x08002950                HAL_RCCEx_PeriphCLKConfig
 .text.HAL_RCCEx_GetPeriphCLKFreq
                0x08002a80       0x48 ./Drivers/STM32F4xx_HAL_Driver/Src/stm32f4xx_hal_rcc_ex.o
                0x08002a80                HAL_RCCEx_GetPeriphCLKFreq
 .text.SD_FindSCR.constprop.0
                0x08002ac8       0xd2 ./Drivers/STM32F4xx_HAL_Driver/Src/stm32f4xx_hal_sd.o
 *fill*         0x08002b9a        0x2 
 .text.HAL_SD_ReadBlocks
                0x08002b9c      0x200 ./Drivers/STM32F4xx_HAL_Driver/Src/stm32f4xx_hal_sd.o
                0x08002b9c                HAL_SD_ReadBlocks
 .text.HAL_SD_WriteBlocks
                0x08002d9c      0x198 ./Drivers/STM32F4xx_HAL_Driver/Src/stm32f4xx_hal_sd.o
                0x08002d9c                HAL_SD_WriteBlocks
 .text.HAL_SD_GetCardCSD
                0x08002f34      0x16c ./Drivers/STM32F4xx_HAL_Driver/Src/stm32f4xx_hal_sd.o
                0x08002f34                HAL_SD_GetCardCSD
 .text.HAL_SD_InitCard
                0x080030a0      0x204 ./Drivers/STM32F4xx_HAL_Driver/Src/stm32f4xx_hal_sd.o
                0x080030a0                HAL_SD_InitCard
 .text.HAL_SD_Init
                0x080032a4       0x36 ./Drivers/STM32F4xx_HAL_Driver/Src/stm32f4xx_hal_sd.o
                0x080032a4                HAL_SD_Init
 .text.HAL_SD_GetCardInfo
                0x080032da       0x24 ./Drivers/STM32F4xx_HAL_Driver/Src/stm32f4xx_hal_sd.o
                0x080032da                HAL_SD_GetCardInfo
 *fill*         0x080032fe        0x2 
 .text.HAL_SD_ConfigWideBusOperation
                0x08003300      0x114 ./Drivers/STM32F4xx_HAL_Driver/Src/stm32f4xx_hal_sd.o
                0x08003300                HAL_SD_ConfigWideBusOperation
 .text.HAL_SD_GetCardState
                0x08003414       0x28 ./Drivers/STM32F4xx_HAL_Driver/Src/stm32f4xx_hal_sd.o
                0x08003414                HAL_SD_GetCardState
 .text.SDIO_Init
                0x0800343c       0x38 ./Drivers/STM32F4xx_HAL_Driver/Src/stm32f4xx_ll_sdmmc.o
                0x0800343c                SDIO_Init
 .text.SDIO_ReadFIFO
                0x08003474        0x6 ./Drivers/STM32F4xx_HAL_Driver/Src/stm32f4xx_ll_sdmmc.o
                0x08003474                SDIO_ReadFIFO
 .text.SDIO_WriteFIFO
                0x0800347a        0xa ./Drivers/STM32F4xx_HAL_Driver/Src/stm32f4xx_ll_sdmmc.o
                0x0800347a                SDIO_WriteFIFO
 .text.SDIO_PowerState_ON
                0x08003484        0x8 ./Drivers/STM32F4xx_HAL_Driver/Src/stm32f4xx_ll_sdmmc.o
                0x08003484                SDIO_PowerState_ON
 .text.SDIO_GetPowerState
                0x0800348c        0x8 ./Drivers/STM32F4xx_HAL_Driver/Src/stm32f4xx_ll_sdmmc.o
                0x0800348c                SDIO_GetPowerState
 .text.SDIO_SendCommand
                0x08003494       0x22 ./Drivers/STM32F4xx_HAL_Driver/Src/stm32f4xx_ll_sdmmc.o
                0x08003494                SDIO_SendCommand
 .text.SDIO_GetResponse
                0x080034b6        0x6 ./Drivers/STM32F4xx_HAL_Driver/Src/stm32f4xx_ll_sdmmc.o
                0x080034b6                SDIO_GetResponse
 .text.SDIO_ConfigData
                0x080034bc       0x26 ./Drivers/STM32F4xx_HAL_Driver/Src/stm32f4xx_ll_sdmmc.o
                0x080034bc                SDIO_ConfigData
 *fill*         0x080034e2        0x2 
 .text.SDMMC_CmdGoIdleState
                0x080034e4       0x50 ./Drivers/STM32F4xx_HAL_Driver/Src/stm32f4xx_ll_sdmmc.o
                0x080034e4                SDMMC_CmdGoIdleState
 .text.SDMMC_GetCmdResp1
                0x08003534      0x11c ./Drivers/STM32F4xx_HAL_Driver/Src/stm32f4xx_ll_sdmmc.o
                0x08003534                SDMMC_GetCmdResp1
 .text.SDMMC_CmdBlockLength
                0x08003650       0x32 ./Drivers/STM32F4xx_HAL_Driver/Src/stm32f4xx_ll_sdmmc.o
                0x08003650                SDMMC_CmdBlockLength
 .text.SDMMC_CmdReadSingleBlock
                0x08003682       0x32 ./Drivers/STM32F4xx_HAL_Driver/Src/stm32f4xx_ll_sdmmc.o
                0x08003682                SDMMC_CmdReadSingleBlock
 .text.SDMMC_CmdReadMultiBlock
                0x080036b4       0x32 ./Drivers/STM32F4xx_HAL_Driver/Src/stm32f4xx_ll_sdmmc.o
                0x080036b4                SDMMC_CmdReadMultiBlock
 .text.SDMMC_CmdWriteSingleBlock
                0x080036e6       0x32 ./Drivers/STM32F4xx_HAL_Driver/Src/stm32f4xx_ll_sdmmc.o
                0x080036e6                SDMMC_CmdWriteSingleBlock
 .text.SDMMC_CmdWriteMultiBlock
                0x08003718       0x32 ./Drivers/STM32F4xx_HAL_Driver/Src/stm32f4xx_ll_sdmmc.o
                0x08003718                SDMMC_CmdWriteMultiBlock
 *fill*         0x0800374a        0x2 
 .text.SDMMC_CmdStopTransfer
                0x0800374c       0x34 ./Drivers/STM32F4xx_HAL_Driver/Src/stm32f4xx_ll_sdmmc.o
                0x0800374c                SDMMC_CmdStopTransfer
 .text.SDMMC_CmdSelDesel
                0x08003780       0x32 ./Drivers/STM32F4xx_HAL_Driver/Src/stm32f4xx_ll_sdmmc.o
                0x08003780                SDMMC_CmdSelDesel
 .text.SDMMC_CmdAppCommand
                0x080037b2       0x32 ./Drivers/STM32F4xx_HAL_Driver/Src/stm32f4xx_ll_sdmmc.o
                0x080037b2                SDMMC_CmdAppCommand
 .text.SDMMC_CmdBusWidth
                0x080037e4       0x32 ./Drivers/STM32F4xx_HAL_Driver/Src/stm32f4xx_ll_sdmmc.o
                0x080037e4                SDMMC_CmdBusWidth
 .text.SDMMC_CmdSendSCR
                0x08003816       0x32 ./Drivers/STM32F4xx_HAL_Driver/Src/stm32f4xx_ll_sdmmc.o
                0x08003816                SDMMC_CmdSendSCR
 .text.SDMMC_CmdSendStatus
                0x08003848       0x32 ./Drivers/STM32F4xx_HAL_Driver/Src/stm32f4xx_ll_sdmmc.o
                0x08003848                SDMMC_CmdSendStatus
 *fill*         0x0800387a        0x2 
 .text.SDMMC_GetCmdResp2
                0x0800387c       0x4c ./Drivers/STM32F4xx_HAL_Driver/Src/stm32f4xx_ll_sdmmc.o
                0x0800387c                SDMMC_GetCmdResp2
 .text.SDMMC_CmdSendCID
                0x080038c8       0x2c ./Drivers/STM32F4xx_HAL_Driver/Src/stm32f4xx_ll_sdmmc.o
                0x080038c8                SDMMC_CmdSendCID
 .text.SDMMC_CmdSendCSD
                0x080038f4       0x2c ./Drivers/STM32F4xx_HAL_Driver/Src/stm32f4xx_ll_sdmmc.o
                0x080038f4                SDMMC_CmdSendCSD
 .text.SDMMC_GetCmdResp3
                0x08003920       0x44 ./Drivers/STM32F4xx_HAL_Driver/Src/stm32f4xx_ll_sdmmc.o
                0x08003920                SDMMC_GetCmdResp3
 .text.SDMMC_CmdAppOperCommand
                0x08003964       0x34 ./Drivers/STM32F4xx_HAL_Driver/Src/stm32f4xx_ll_sdmmc.o
                0x08003964                SDMMC_CmdAppOperCommand
 .text.SDMMC_GetCmdResp6
                0x08003998       0x80 ./Drivers/STM32F4xx_HAL_Driver/Src/stm32f4xx_ll_sdmmc.o
                0x08003998                SDMMC_GetCmdResp6
 .text.SDMMC_CmdSetRelAdd
                0x08003a18       0x32 ./Drivers/STM32F4xx_HAL_Driver/Src/stm32f4xx_ll_sdmmc.o
                0x08003a18                SDMMC_CmdSetRelAdd
 *fill*         0x08003a4a        0x2 
 .text.SDMMC_GetCmdResp7
                0x08003a4c       0x54 ./Drivers/STM32F4xx_HAL_Driver/Src/stm32f4xx_ll_sdmmc.o
                0x08003a4c                SDMMC_GetCmdResp7
 .text.SDMMC_CmdOperCond
                0x08003aa0       0x30 ./Drivers/STM32F4xx_HAL_Driver/Src/stm32f4xx_ll_sdmmc.o
                0x08003aa0                SDMMC_CmdOperCond
 .text.USB_CoreReset
                0x08003ad0       0x50 ./Drivers/STM32F4xx_HAL_Driver/Src/stm32f4xx_ll_usb.o
 .text.USB_CoreInit
                0x08003b20       0x88 ./Drivers/STM32F4xx_HAL_Driver/Src/stm32f4xx_ll_usb.o
                0x08003b20                USB_CoreInit
 .text.USB_SetTurnaroundTime
                0x08003ba8       0xe0 ./Drivers/STM32F4xx_HAL_Driver/Src/stm32f4xx_ll_usb.o
                0x08003ba8                USB_SetTurnaroundTime
 .text.USB_EnableGlobalInt
                0x08003c88        0xc ./Drivers/STM32F4xx_HAL_Driver/Src/stm32f4xx_ll_usb.o
                0x08003c88                USB_EnableGlobalInt
 .text.USB_DisableGlobalInt
                0x08003c94        0xc ./Drivers/STM32F4xx_HAL_Driver/Src/stm32f4xx_ll_usb.o
                0x08003c94                USB_DisableGlobalInt
 .text.USB_SetCurrentMode
                0x08003ca0       0x60 ./Drivers/STM32F4xx_HAL_Driver/Src/stm32f4xx_ll_usb.o
                0x08003ca0                USB_SetCurrentMode
 .text.USB_FlushTxFifo
                0x08003d00       0x46 ./Drivers/STM32F4xx_HAL_Driver/Src/stm32f4xx_ll_usb.o
                0x08003d00                USB_FlushTxFifo
 .text.USB_FlushRxFifo
                0x08003d46       0x42 ./Drivers/STM32F4xx_HAL_Driver/Src/stm32f4xx_ll_usb.o
                0x08003d46                USB_FlushRxFifo
 .text.USB_SetDevSpeed
                0x08003d88        0xe ./Drivers/STM32F4xx_HAL_Driver/Src/stm32f4xx_ll_usb.o
                0x08003d88                USB_SetDevSpeed
 *fill*         0x08003d96        0x2 
 .text.USB_DevInit
                0x08003d98      0x174 ./Drivers/STM32F4xx_HAL_Driver/Src/stm32f4xx_ll_usb.o
                0x08003d98                USB_DevInit
 .text.USB_GetDevSpeed
                0x08003f0c       0x16 ./Drivers/STM32F4xx_HAL_Driver/Src/stm32f4xx_ll_usb.o
                0x08003f0c                USB_GetDevSpeed
 .text.USB_ActivateEndpoint
                0x08003f22       0x7e ./Drivers/STM32F4xx_HAL_Driver/Src/stm32f4xx_ll_usb.o
                0x08003f22                USB_ActivateEndpoint
 .text.USB_DeactivateEndpoint
                0x08003fa0       0xac ./Drivers/STM32F4xx_HAL_Driver/Src/stm32f4xx_ll_usb.o
                0x08003fa0                USB_DeactivateEndpoint
 .text.USB_EPStopXfer
                0x0800404c       0x84 ./Drivers/STM32F4xx_HAL_Driver/Src/stm32f4xx_ll_usb.o
                0x0800404c                USB_EPStopXfer
 .text.USB_WritePacket
                0x080040d0       0x26 ./Drivers/STM32F4xx_HAL_Driver/Src/stm32f4xx_ll_usb.o
                0x080040d0                USB_WritePacket
 *fill*         0x080040f6        0x2 
 .text.USB_EPStartXfer
                0x080040f8      0x204 ./Drivers/STM32F4xx_HAL_Driver/Src/stm32f4xx_ll_usb.o
                0x080040f8                USB_EPStartXfer
 .text.USB_ReadPacket
                0x080042fc       0x40 ./Drivers/STM32F4xx_HAL_Driver/Src/stm32f4xx_ll_usb.o
                0x080042fc                USB_ReadPacket
 .text.USB_EPSetStall
                0x0800433c       0x56 ./Drivers/STM32F4xx_HAL_Driver/Src/stm32f4xx_ll_usb.o
                0x0800433c                USB_EPSetStall
 .text.USB_EPClearStall
                0x08004392       0x52 ./Drivers/STM32F4xx_HAL_Driver/Src/stm32f4xx_ll_usb.o
                0x08004392                USB_EPClearStall
 .text.USB_SetDevAddress
                0x080043e4       0x20 ./Drivers/STM32F4xx_HAL_Driver/Src/stm32f4xx_ll_usb.o
                0x080043e4                USB_SetDevAddress
 .text.USB_DevConnect
                0x08004404       0x1c ./Drivers/STM32F4xx_HAL_Driver/Src/stm32f4xx_ll_usb.o
                0x08004404                USB_DevConnect
 .text.USB_DevDisconnect
                0x08004420       0x1c ./Drivers/STM32F4xx_HAL_Driver/Src/stm32f4xx_ll_usb.o
                0x08004420                USB_DevDisconnect
 .text.USB_ReadInterrupts
                0x0800443c        0x8 ./Drivers/STM32F4xx_HAL_Driver/Src/stm32f4xx_ll_usb.o
                0x0800443c                USB_ReadInterrupts
 .text.USB_ReadDevAllOutEpInterrupt
                0x08004444       0x10 ./Drivers/STM32F4xx_HAL_Driver/Src/stm32f4xx_ll_usb.o
                0x08004444                USB_ReadDevAllOutEpInterrupt
 .text.USB_ReadDevAllInEpInterrupt
                0x08004454       0x10 ./Drivers/STM32F4xx_HAL_Driver/Src/stm32f4xx_ll_usb.o
                0x08004454                USB_ReadDevAllInEpInterrupt
 .text.USB_ReadDevOutEPInterrupt
                0x08004464       0x12 ./Drivers/STM32F4xx_HAL_Driver/Src/stm32f4xx_ll_usb.o
                0x08004464                USB_ReadDevOutEPInterrupt
 .text.USB_ReadDevInEPInterrupt
                0x08004476       0x22 ./Drivers/STM32F4xx_HAL_Driver/Src/stm32f4xx_ll_usb.o
                0x08004476                USB_ReadDevInEPInterrupt
 .text.USB_GetMode
                0x08004498        0x8 ./Drivers/STM32F4xx_HAL_Driver/Src/stm32f4xx_ll_usb.o
                0x08004498                USB_GetMode
 .text.USB_ActivateSetup
                0x080044a0       0x1c ./Drivers/STM32F4xx_HAL_Driver/Src/stm32f4xx_ll_usb.o
                0x080044a0                USB_ActivateSetup
 .text.USB_EP0_OutStart
                0x080044bc       0x4c ./Drivers/STM32F4xx_HAL_Driver/Src/stm32f4xx_ll_usb.o
                0x080044bc                USB_EP0_OutStart
 .text.MX_FATFS_Init
                0x08004508       0x1c ./FATFS/App/fatfs.o
                0x08004508                MX_FATFS_Init
 .text.BSP_SD_ReadBlocks
                0x08004524       0x20 ./FATFS/Target/bsp_driver_sd.o
                0x08004524                BSP_SD_ReadBlocks
 .text.BSP_SD_WriteBlocks
                0x08004544       0x20 ./FATFS/Target/bsp_driver_sd.o
                0x08004544                BSP_SD_WriteBlocks
 .text.BSP_SD_GetCardState
                0x08004564       0x14 ./FATFS/Target/bsp_driver_sd.o
                0x08004564                BSP_SD_GetCardState
 .text.BSP_SD_GetCardInfo
                0x08004578        0xc ./FATFS/Target/bsp_driver_sd.o
                0x08004578                BSP_SD_GetCardInfo
 .text.BSP_SD_IsDetected
                0x08004584       0x10 ./FATFS/Target/bsp_driver_sd.o
                0x08004584                BSP_SD_IsDetected
 .text.BSP_SD_Init
                0x08004594       0x2c ./FATFS/Target/bsp_driver_sd.o
                0x08004594                BSP_SD_Init
 .text.SD_ioctl
                0x080045c0       0x50 ./FATFS/Target/sd_diskio.o
                0x080045c0                SD_ioctl
 .text.SD_read  0x08004610       0x20 ./FATFS/Target/sd_diskio.o
                0x08004610                SD_read
 .text.SD_status
                0x08004630       0x20 ./FATFS/Target/sd_diskio.o
                0x08004630                SD_status
 .text.SD_write
                0x08004650       0x20 ./FATFS/Target/sd_diskio.o
                0x08004650                SD_write
 .text.SD_initialize
                0x08004670       0x2c ./FATFS/Target/sd_diskio.o
                0x08004670                SD_initialize
 .text.USBD_CDC_EP0_RxReady
                0x0800469c       0x38 ./Middlewares/ST/STM32_USB_Device_Library/Class/CDC/Src/usbd_cdc.o
 .text.USBD_CDC_GetDeviceQualifierDescriptor
                0x080046d4        0xc ./Middlewares/ST/STM32_USB_Device_Library/Class/CDC/Src/usbd_cdc.o
                0x080046d4                USBD_CDC_GetDeviceQualifierDescriptor
 .text.USBD_CDC_GetFSCfgDesc
                0x080046e0       0x48 ./Middlewares/ST/STM32_USB_Device_Library/Class/CDC/Src/usbd_cdc.o
 .text.USBD_CDC_GetOtherSpeedCfgDesc
                0x08004728        0x4 ./Middlewares/ST/STM32_USB_Device_Library/Class/CDC/Src/usbd_cdc.o
 .text.USBD_CDC_GetHSCfgDesc
                0x0800472c       0x48 ./Middlewares/ST/STM32_USB_Device_Library/Class/CDC/Src/usbd_cdc.o
 .text.USBD_CDC_DataOut
                0x08004774       0x38 ./Middlewares/ST/STM32_USB_Device_Library/Class/CDC/Src/usbd_cdc.o
 .text.USBD_CDC_DataIn
                0x080047ac       0x64 ./Middlewares/ST/STM32_USB_Device_Library/Class/CDC/Src/usbd_cdc.o
 .text.USBD_CDC_Setup
                0x08004810       0xf0 ./Middlewares/ST/STM32_USB_Device_Library/Class/CDC/Src/usbd_cdc.o
 .text.USBD_CDC_DeInit
                0x08004900       0x60 ./Middlewares/ST/STM32_USB_Device_Library/Class/CDC/Src/usbd_cdc.o
 .text.USBD_CDC_Init
                0x08004960       0xc8 ./Middlewares/ST/STM32_USB_Device_Library/Class/CDC/Src/usbd_cdc.o
 .text.USBD_CDC_RegisterInterface
                0x08004a28       0x16 ./Middlewares/ST/STM32_USB_Device_Library/Class/CDC/Src/usbd_cdc.o
                0x08004a28                USBD_CDC_RegisterInterface
 .text.USBD_CDC_SetTxBuffer
                0x08004a3e       0x1c ./Middlewares/ST/STM32_USB_Device_Library/Class/CDC/Src/usbd_cdc.o
                0x08004a3e                USBD_CDC_SetTxBuffer
 .text.USBD_CDC_SetRxBuffer
                0x08004a5a       0x18 ./Middlewares/ST/STM32_USB_Device_Library/Class/CDC/Src/usbd_cdc.o
                0x08004a5a                USBD_CDC_SetRxBuffer
 .text.USBD_CDC_ReceivePacket
                0x08004a72       0x2c ./Middlewares/ST/STM32_USB_Device_Library/Class/CDC/Src/usbd_cdc.o
                0x08004a72                USBD_CDC_ReceivePacket
 .text.USBD_Init
                0x08004a9e       0x26 ./Middlewares/ST/STM32_USB_Device_Library/Core/Src/usbd_core.o
                0x08004a9e                USBD_Init
 .text.USBD_RegisterClass
                0x08004ac4       0x32 ./Middlewares/ST/STM32_USB_Device_Library/Core/Src/usbd_core.o
                0x08004ac4                USBD_RegisterClass
 .text.USBD_Start
                0x08004af6        0x4 ./Middlewares/ST/STM32_USB_Device_Library/Core/Src/usbd_core.o
                0x08004af6                USBD_Start
 .text.USBD_SetClassConfig
                0x08004afa        0xe ./Middlewares/ST/STM32_USB_Device_Library/Core/Src/usbd_core.o
                0x08004afa                USBD_SetClassConfig
 .text.USBD_ClrClassConfig
                0x08004b08       0x12 ./Middlewares/ST/STM32_USB_Device_Library/Core/Src/usbd_core.o
                0x08004b08                USBD_ClrClassConfig
 .text.USBD_LL_SetupStage
                0x08004b1a       0x60 ./Middlewares/ST/STM32_USB_Device_Library/Core/Src/usbd_core.o
                0x08004b1a                USBD_LL_SetupStage
 .text.USBD_LL_DataOutStage
                0x08004b7a       0x74 ./Middlewares/ST/STM32_USB_Device_Library/Core/Src/usbd_core.o
                0x08004b7a                USBD_LL_DataOutStage
 .text.USBD_LL_DataInStage
                0x08004bee       0xa8 ./Middlewares/ST/STM32_USB_Device_Library/Core/Src/usbd_core.o
                0x08004bee                USBD_LL_DataInStage
 .text.USBD_LL_Reset
                0x08004c96       0x60 ./Middlewares/ST/STM32_USB_Device_Library/Core/Src/usbd_core.o
                0x08004c96                USBD_LL_Reset
 .text.USBD_LL_SetSpeed
                0x08004cf6        0x6 ./Middlewares/ST/STM32_USB_Device_Library/Core/Src/usbd_core.o
                0x08004cf6                USBD_LL_SetSpeed
 .text.USBD_LL_Suspend
                0x08004cfc       0x1c ./Middlewares/ST/STM32_USB_Device_Library/Core/Src/usbd_core.o
                0x08004cfc                USBD_LL_Suspend
 .text.USBD_LL_Resume
                0x08004d18       0x16 ./Middlewares/ST/STM32_USB_Device_Library/Core/Src/usbd_core.o
                0x08004d18                USBD_LL_Resume
 .text.USBD_LL_SOF
                0x08004d2e       0x1a ./Middlewares/ST/STM32_USB_Device_Library/Core/Src/usbd_core.o
                0x08004d2e                USBD_LL_SOF
 .text.USBD_LL_IsoINIncomplete
                0x08004d48       0x26 ./Middlewares/ST/STM32_USB_Device_Library/Core/Src/usbd_core.o
                0x08004d48                USBD_LL_IsoINIncomplete
 .text.USBD_LL_IsoOUTIncomplete
                0x08004d6e       0x26 ./Middlewares/ST/STM32_USB_Device_Library/Core/Src/usbd_core.o
                0x08004d6e                USBD_LL_IsoOUTIncomplete
 .text.USBD_LL_DevConnected
                0x08004d94        0x4 ./Middlewares/ST/STM32_USB_Device_Library/Core/Src/usbd_core.o
                0x08004d94                USBD_LL_DevConnected
 .text.USBD_LL_DevDisconnected
                0x08004d98       0x20 ./Middlewares/ST/STM32_USB_Device_Library/Core/Src/usbd_core.o
                0x08004d98                USBD_LL_DevDisconnected
 .text.USBD_CoreFindIF
                0x08004db8        0x4 ./Middlewares/ST/STM32_USB_Device_Library/Core/Src/usbd_core.o
                0x08004db8                USBD_CoreFindIF
 .text.USBD_CoreFindEP
                0x08004dbc        0x4 ./Middlewares/ST/STM32_USB_Device_Library/Core/Src/usbd_core.o
                0x08004dbc                USBD_CoreFindEP
 .text.USBD_GetEpDesc
                0x08004dc0       0x24 ./Middlewares/ST/STM32_USB_Device_Library/Core/Src/usbd_core.o
                0x08004dc0                USBD_GetEpDesc
 .text.USBD_CtlError.constprop.0
                0x08004de4       0x16 ./Middlewares/ST/STM32_USB_Device_Library/Core/Src/usbd_ctlreq.o
 *fill*         0x08004dfa        0x2 
 .text.USBD_StdDevReq
                0x08004dfc      0x2c8 ./Middlewares/ST/STM32_USB_Device_Library/Core/Src/usbd_ctlreq.o
                0x08004dfc                USBD_StdDevReq
 .text.USBD_StdItfReq
                0x080050c4       0x5e ./Middlewares/ST/STM32_USB_Device_Library/Core/Src/usbd_ctlreq.o
                0x080050c4                USBD_StdItfReq
 .text.USBD_StdEPReq
                0x08005122      0x148 ./Middlewares/ST/STM32_USB_Device_Library/Core/Src/usbd_ctlreq.o
                0x08005122                USBD_StdEPReq
 .text.USBD_ParseSetupRequest
                0x0800526a       0x16 ./Middlewares/ST/STM32_USB_Device_Library/Core/Src/usbd_ctlreq.o
                0x0800526a                USBD_ParseSetupRequest
 .text.USBD_CtlError
                0x08005280       0x16 ./Middlewares/ST/STM32_USB_Device_Library/Core/Src/usbd_ctlreq.o
                0x08005280                USBD_CtlError
 .text.USBD_GetString
                0x08005296       0x38 ./Middlewares/ST/STM32_USB_Device_Library/Core/Src/usbd_ctlreq.o
                0x08005296                USBD_GetString
 .text.USBD_CtlSendData
                0x080052ce       0x1c ./Middlewares/ST/STM32_USB_Device_Library/Core/Src/usbd_ioreq.o
                0x080052ce                USBD_CtlSendData
 .text.USBD_CtlContinueSendData
                0x080052ea       0x10 ./Middlewares/ST/STM32_USB_Device_Library/Core/Src/usbd_ioreq.o
                0x080052ea                USBD_CtlContinueSendData
 .text.USBD_CtlPrepareRx
                0x080052fa       0x22 ./Middlewares/ST/STM32_USB_Device_Library/Core/Src/usbd_ioreq.o
                0x080052fa                USBD_CtlPrepareRx
 .text.USBD_CtlContinueRx
                0x0800531c       0x10 ./Middlewares/ST/STM32_USB_Device_Library/Core/Src/usbd_ioreq.o
                0x0800531c                USBD_CtlContinueRx
 .text.USBD_CtlSendStatus
                0x0800532c       0x16 ./Middlewares/ST/STM32_USB_Device_Library/Core/Src/usbd_ioreq.o
                0x0800532c                USBD_CtlSendStatus
 .text.USBD_CtlReceiveStatus
                0x08005342       0x16 ./Middlewares/ST/STM32_USB_Device_Library/Core/Src/usbd_ioreq.o
                0x08005342                USBD_CtlReceiveStatus
 .text.FATFS_LinkDriverEx
                0x08005358       0x40 ./Middlewares/Third_Party/FatFs/src/ff_gen_drv.o
                0x08005358                FATFS_LinkDriverEx
 .text.FATFS_LinkDriver
                0x08005398        0x6 ./Middlewares/Third_Party/FatFs/src/ff_gen_drv.o
                0x08005398                FATFS_LinkDriver
 *fill*         0x0800539e        0x2 
 .text.MX_USB_DEVICE_Init
                0x080053a0       0x50 ./USB_DEVICE/App/usb_device.o
                0x080053a0                MX_USB_DEVICE_Init
 .text.CDC_DeInit_FS
                0x080053f0        0x4 ./USB_DEVICE/App/usbd_cdc_if.o
 .text.CDC_Control_FS
                0x080053f4        0x4 ./USB_DEVICE/App/usbd_cdc_if.o
 .text.CDC_TransmitCplt_FS
                0x080053f8        0x4 ./USB_DEVICE/App/usbd_cdc_if.o
 .text.CDC_Receive_FS
                0x080053fc       0x1c ./USB_DEVICE/App/usbd_cdc_if.o
 .text.CDC_Init_FS
                0x08005418       0x28 ./USB_DEVICE/App/usbd_cdc_if.o
 .text.USBD_FS_DeviceDescriptor
                0x08005440        0xc ./USB_DEVICE/App/usbd_desc.o
                0x08005440                USBD_FS_DeviceDescriptor
 .text.USBD_FS_LangIDStrDescriptor
                0x0800544c        0xc ./USB_DEVICE/App/usbd_desc.o
                0x0800544c                USBD_FS_LangIDStrDescriptor
 .text.IntToUnicode
                0x08005458       0x2a ./USB_DEVICE/App/usbd_desc.o
 *fill*         0x08005482        0x2 
 .text.USBD_FS_SerialStrDescriptor
                0x08005484       0x3c ./USB_DEVICE/App/usbd_desc.o
                0x08005484                USBD_FS_SerialStrDescriptor
 .text.USBD_FS_ManufacturerStrDescriptor
                0x080054c0       0x1c ./USB_DEVICE/App/usbd_desc.o
                0x080054c0                USBD_FS_ManufacturerStrDescriptor
 .text.USBD_FS_ProductStrDescriptor
                0x080054dc       0x1c ./USB_DEVICE/App/usbd_desc.o
                0x080054dc                USBD_FS_ProductStrDescriptor
 .text.USBD_FS_ConfigStrDescriptor
                0x080054f8       0x1c ./USB_DEVICE/App/usbd_desc.o
                0x080054f8                USBD_FS_ConfigStrDescriptor
 .text.USBD_FS_InterfaceStrDescriptor
                0x08005514       0x1c ./USB_DEVICE/App/usbd_desc.o
                0x08005514                USBD_FS_InterfaceStrDescriptor
 .text.HAL_PCD_MspInit
                0x08005530       0x84 ./USB_DEVICE/Target/usbd_conf.o
                0x08005530                HAL_PCD_MspInit
 .text.HAL_PCD_SetupStageCallback
                0x080055b4        0xc ./USB_DEVICE/Target/usbd_conf.o
                0x080055b4                HAL_PCD_SetupStageCallback
 .text.HAL_PCD_DataOutStageCallback
                0x080055c0       0x12 ./USB_DEVICE/Target/usbd_conf.o
                0x080055c0                HAL_PCD_DataOutStageCallback
 .text.HAL_PCD_DataInStageCallback
                0x080055d2       0x10 ./USB_DEVICE/Target/usbd_conf.o
                0x080055d2                HAL_PCD_DataInStageCallback
 .text.HAL_PCD_SOFCallback
                0x080055e2        0x8 ./USB_DEVICE/Target/usbd_conf.o
                0x080055e2                HAL_PCD_SOFCallback
 .text.HAL_PCD_ResetCallback
                0x080055ea       0x26 ./USB_DEVICE/Target/usbd_conf.o
                0x080055ea                HAL_PCD_ResetCallback
 .text.HAL_PCD_SuspendCallback
                0x08005610       0x30 ./USB_DEVICE/Target/usbd_conf.o
                0x08005610                HAL_PCD_SuspendCallback
 .text.HAL_PCD_ResumeCallback
                0x08005640        0x8 ./USB_DEVICE/Target/usbd_conf.o
                0x08005640                HAL_PCD_ResumeCallback
 .text.HAL_PCD_ISOOUTIncompleteCallback
                0x08005648        0x8 ./USB_DEVICE/Target/usbd_conf.o
                0x08005648                HAL_PCD_ISOOUTIncompleteCallback
 .text.HAL_PCD_ISOINIncompleteCallback
                0x08005650        0x8 ./USB_DEVICE/Target/usbd_conf.o
                0x08005650                HAL_PCD_ISOINIncompleteCallback
 .text.HAL_PCD_ConnectCallback
                0x08005658        0x8 ./USB_DEVICE/Target/usbd_conf.o
                0x08005658                HAL_PCD_ConnectCallback
 .text.HAL_PCD_DisconnectCallback
                0x08005660        0x8 ./USB_DEVICE/Target/usbd_conf.o
                0x08005660                HAL_PCD_DisconnectCallback
 .text.USBD_LL_Init
                0x08005668       0x5c ./USB_DEVICE/Target/usbd_conf.o
                0x08005668                USBD_LL_Init
 .text.USBD_LL_IsStallEP
                0x080056c4       0x24 ./USB_DEVICE/Target/usbd_conf.o
                0x080056c4                USBD_LL_IsStallEP
 .text.USBD_LL_GetRxDataSize
                0x080056e8        0x8 ./USB_DEVICE/Target/usbd_conf.o
                0x080056e8                USBD_LL_GetRxDataSize
 .text.USBD_static_malloc
                0x080056f0        0x8 ./USB_DEVICE/Target/usbd_conf.o
                0x080056f0                USBD_static_malloc
 .text.USBD_static_free
                0x080056f8        0x2 ./USB_DEVICE/Target/usbd_conf.o
                0x080056f8                USBD_static_free
 .text.USBD_Get_USB_Status
                0x080056fa        0xc ./USB_DEVICE/Target/usbd_conf.o
                0x080056fa                USBD_Get_USB_Status
 .text.USBD_LL_Start
                0x08005706       0x12 ./USB_DEVICE/Target/usbd_conf.o
                0x08005706                USBD_LL_Start
 .text.USBD_LL_OpenEP
                0x08005718       0x18 ./USB_DEVICE/Target/usbd_conf.o
                0x08005718                USBD_LL_OpenEP
 .text.USBD_LL_CloseEP
                0x08005730       0x12 ./USB_DEVICE/Target/usbd_conf.o
                0x08005730                USBD_LL_CloseEP
 .text.USBD_LL_StallEP
                0x08005742       0x12 ./USB_DEVICE/Target/usbd_conf.o
                0x08005742                USBD_LL_StallEP
 .text.USBD_LL_ClearStallEP
                0x08005754       0x12 ./USB_DEVICE/Target/usbd_conf.o
                0x08005754                USBD_LL_ClearStallEP
 .text.USBD_LL_SetUSBAddress
                0x08005766       0x12 ./USB_DEVICE/Target/usbd_conf.o
                0x08005766                USBD_LL_SetUSBAddress
 .text.USBD_LL_Transmit
                0x08005778       0x12 ./USB_DEVICE/Target/usbd_conf.o
                0x08005778                USBD_LL_Transmit
 .text.USBD_LL_PrepareReceive
                0x0800578a       0x12 ./USB_DEVICE/Target/usbd_conf.o
                0x0800578a                USBD_LL_PrepareReceive
 .text.memset   0x0800579c       0x10 C:/ST/STM32CubeIDE_1.18.1/STM32CubeIDE/plugins/com.st.stm32cube.ide.mcu.externaltools.gnu-tools-for-stm32.13.3.rel1.win32_1.0.0.202411081344/tools/bin/../lib/gcc/arm-none-eabi/13.3.1/../../../../arm-none-eabi/lib/thumb/v7e-m+fp/hard\libc_nano.a(libc_a-memset.o)
                0x0800579c                memset
 .text.__libc_init_array
                0x080057ac       0x48 C:/ST/STM32CubeIDE_1.18.1/STM32CubeIDE/plugins/com.st.stm32cube.ide.mcu.externaltools.gnu-tools-for-stm32.13.3.rel1.win32_1.0.0.202411081344/tools/bin/../lib/gcc/arm-none-eabi/13.3.1/../../../../arm-none-eabi/lib/thumb/v7e-m+fp/hard\libc_nano.a(libc_a-init.o)
                0x080057ac                __libc_init_array
 *(.glue_7)
 .glue_7        0x080057f4        0x0 linker stubs
 *(.glue_7t)
 .glue_7t       0x080057f4        0x0 linker stubs
 *(.eh_frame)
 .eh_frame      0x080057f4        0x0 C:/ST/STM32CubeIDE_1.18.1/STM32CubeIDE/plugins/com.st.stm32cube.ide.mcu.externaltools.gnu-tools-for-stm32.13.3.rel1.win32_1.0.0.202411081344/tools/bin/../lib/gcc/arm-none-eabi/13.3.1/thumb/v7e-m+fp/hard/crtbegin.o
 *(.init)
 .init          0x080057f4        0x4 C:/ST/STM32CubeIDE_1.18.1/STM32CubeIDE/plugins/com.st.stm32cube.ide.mcu.externaltools.gnu-tools-for-stm32.13.3.rel1.win32_1.0.0.202411081344/tools/bin/../lib/gcc/arm-none-eabi/13.3.1/thumb/v7e-m+fp/hard/crti.o
                0x080057f4                _init
 .init          0x080057f8        0x8 C:/ST/STM32CubeIDE_1.18.1/STM32CubeIDE/plugins/com.st.stm32cube.ide.mcu.externaltools.gnu-tools-for-stm32.13.3.rel1.win32_1.0.0.202411081344/tools/bin/../lib/gcc/arm-none-eabi/13.3.1/thumb/v7e-m+fp/hard/crtn.o
 *(.fini)
 .fini          0x08005800        0x4 C:/ST/STM32CubeIDE_1.18.1/STM32CubeIDE/plugins/com.st.stm32cube.ide.mcu.externaltools.gnu-tools-for-stm32.13.3.rel1.win32_1.0.0.202411081344/tools/bin/../lib/gcc/arm-none-eabi/13.3.1/thumb/v7e-m+fp/hard/crti.o
                0x08005800                _fini
 .fini          0x08005804        0x8 C:/ST/STM32CubeIDE_1.18.1/STM32CubeIDE/plugins/com.st.stm32cube.ide.mcu.externaltools.gnu-tools-for-stm32.13.3.rel1.win32_1.0.0.202411081344/tools/bin/../lib/gcc/arm-none-eabi/13.3.1/thumb/v7e-m+fp/hard/crtn.o
                0x0800580c                        . = ALIGN (0x4)
                0x0800580c                        _etext = .

.vfp11_veneer   0x0800580c        0x0
 .vfp11_veneer  0x0800580c        0x0 linker stubs

.v4_bx          0x0800580c        0x0
 .v4_bx         0x0800580c        0x0 linker stubs

.iplt           0x0800580c        0x0
 .iplt          0x0800580c        0x0 C:/ST/STM32CubeIDE_1.18.1/STM32CubeIDE/plugins/com.st.stm32cube.ide.mcu.externaltools.gnu-tools-for-stm32.13.3.rel1.win32_1.0.0.202411081344/tools/bin/../lib/gcc/arm-none-eabi/13.3.1/thumb/v7e-m+fp/hard/crtbegin.o

.rodata         0x0800580c       0x78
                0x0800580c                        . = ALIGN (0x4)
 *(.rodata)
 *(.rodata*)
 .rodata.APBPrescTable
                0x0800580c        0x8 ./Core/Src/system_stm32f4xx.o
                0x0800580c                APBPrescTable
 .rodata.AHBPrescTable
                0x08005814       0x10 ./Core/Src/system_stm32f4xx.o
                0x08005814                AHBPrescTable
 .rodata.flagBitshiftOffset.0
                0x08005824        0x8 ./Drivers/STM32F4xx_HAL_Driver/Src/stm32f4xx_hal_dma.o
 .rodata.SD_Driver
                0x0800582c       0x14 ./FATFS/Target/sd_diskio.o
                0x0800582c                SD_Driver
 .rodata.USBD_FS_ManufacturerStrDescriptor.str1.1
                0x08005840       0x42 ./USB_DEVICE/App/usbd_desc.o
                                 0x13 (size before relaxing)
 .rodata.USBD_FS_ProductStrDescriptor.str1.1
                0x08005882       0x16 ./USB_DEVICE/App/usbd_desc.o
 .rodata.USBD_FS_ConfigStrDescriptor.str1.1
                0x08005882        0xb ./USB_DEVICE/App/usbd_desc.o
 .rodata.USBD_FS_InterfaceStrDescriptor.str1.1
                0x08005882        0xe ./USB_DEVICE/App/usbd_desc.o
                0x08005898                        . = ALIGN (0x4)
 *fill*         0x08005882        0x2 

.ARM.extab      0x08005884        0x0
                0x08005884                        . = ALIGN (0x4)
 *(.ARM.extab* .gnu.linkonce.armextab.*)
                0x08005884                        . = ALIGN (0x4)

.ARM            0x08005884        0x8
                0x08005884                        . = ALIGN (0x4)
                0x08005884                        __exidx_start = .
 *(.ARM.exidx*)
 .ARM.exidx     0x08005884        0x8 C:/ST/STM32CubeIDE_1.18.1/STM32CubeIDE/plugins/com.st.stm32cube.ide.mcu.externaltools.gnu-tools-for-stm32.13.3.rel1.win32_1.0.0.202411081344/tools/bin/../lib/gcc/arm-none-eabi/13.3.1/../../../../arm-none-eabi/lib/thumb/v7e-m+fp/hard\libc_nano.a(libc_a-strlen.o)
 .ARM.exidx     0x0800588c        0x0 C:/ST/STM32CubeIDE_1.18.1/STM32CubeIDE/plugins/com.st.stm32cube.ide.mcu.externaltools.gnu-tools-for-stm32.13.3.rel1.win32_1.0.0.202411081344/tools/bin/../lib/gcc/arm-none-eabi/13.3.1/thumb/v7e-m+fp/hard\libgcc.a(_udivmoddi4.o)
                                  0x8 (size before relaxing)
                0x0800588c                        __exidx_end = .
                0x0800588c                        . = ALIGN (0x4)

.preinit_array  0x0800588c        0x0
                0x0800588c                        . = ALIGN (0x4)
                0x0800588c                        PROVIDE (__preinit_array_start = .)
 *(.preinit_array*)
                0x0800588c                        PROVIDE (__preinit_array_end = .)
                0x0800588c                        . = ALIGN (0x4)

.init_array     0x0800588c        0x4
                0x0800588c                        . = ALIGN (0x4)
                0x0800588c                        PROVIDE (__init_array_start = .)
 *(SORT_BY_NAME(.init_array.*))
 *(.init_array*)
 .init_array    0x0800588c        0x4 C:/ST/STM32CubeIDE_1.18.1/STM32CubeIDE/plugins/com.st.stm32cube.ide.mcu.externaltools.gnu-tools-for-stm32.13.3.rel1.win32_1.0.0.202411081344/tools/bin/../lib/gcc/arm-none-eabi/13.3.1/thumb/v7e-m+fp/hard/crtbegin.o
                0x08005890                        PROVIDE (__init_array_end = .)
                0x08005890                        . = ALIGN (0x4)

.fini_array     0x08005890        0x4
                0x08005890                        . = ALIGN (0x4)
                [!provide]                        PROVIDE (__fini_array_start = .)
 *(SORT_BY_NAME(.fini_array.*))
 *(.fini_array*)
 .fini_array    0x08005890        0x4 C:/ST/STM32CubeIDE_1.18.1/STM32CubeIDE/plugins/com.st.stm32cube.ide.mcu.externaltools.gnu-tools-for-stm32.13.3.rel1.win32_1.0.0.202411081344/tools/bin/../lib/gcc/arm-none-eabi/13.3.1/thumb/v7e-m+fp/hard/crtbegin.o
                [!provide]                        PROVIDE (__fini_array_end = .)
                0x08005894                        . = ALIGN (0x4)
                0x08005894                        _sidata = LOADADDR (.data)

.rel.dyn        0x08005894        0x0
 .rel.iplt      0x08005894        0x0 C:/ST/STM32CubeIDE_1.18.1/STM32CubeIDE/plugins/com.st.stm32cube.ide.mcu.externaltools.gnu-tools-for-stm32.13.3.rel1.win32_1.0.0.202411081344/tools/bin/../lib/gcc/arm-none-eabi/13.3.1/thumb/v7e-m+fp/hard/crtbegin.o

.data           0x20000000       0xfc load address 0x08005894
                0x20000000                        . = ALIGN (0x4)
                0x20000000                        _sdata = .
 *(.data)
 *(.data*)
 .data.SystemCoreClock
                0x20000000        0x4 ./Core/Src/system_stm32f4xx.o
                0x20000000                SystemCoreClock
 .data.uwTickFreq
                0x20000004        0x1 ./Drivers/STM32F4xx_HAL_Driver/Src/stm32f4xx_hal.o
                0x20000004                uwTickFreq
 *fill*         0x20000005        0x3 
 .data.uwTickPrio
                0x20000008        0x4 ./Drivers/STM32F4xx_HAL_Driver/Src/stm32f4xx_hal.o
                0x20000008                uwTickPrio
 .data.Stat     0x2000000c        0x1 ./FATFS/Target/sd_diskio.o
 *fill*         0x2000000d        0x3 
 .data.USBD_CDC_CfgDesc
                0x20000010       0x43 ./Middlewares/ST/STM32_USB_Device_Library/Class/CDC/Src/usbd_cdc.o
 *fill*         0x20000053        0x1 
 .data.USBD_CDC
                0x20000054       0x38 ./Middlewares/ST/STM32_USB_Device_Library/Class/CDC/Src/usbd_cdc.o
                0x20000054                USBD_CDC
 .data.USBD_CDC_DeviceQualifierDesc
                0x2000008c        0xa ./Middlewares/ST/STM32_USB_Device_Library/Class/CDC/Src/usbd_cdc.o
 *fill*         0x20000096        0x2 
 .data.USBD_Interface_fops_FS
                0x20000098       0x14 ./USB_DEVICE/App/usbd_cdc_if.o
                0x20000098                USBD_Interface_fops_FS
 .data.USBD_StringSerial
                0x200000ac       0x1a ./USB_DEVICE/App/usbd_desc.o
                0x200000ac                USBD_StringSerial
 *fill*         0x200000c6        0x2 
 .data.USBD_LangIDDesc
                0x200000c8        0x4 ./USB_DEVICE/App/usbd_desc.o
                0x200000c8                USBD_LangIDDesc
 .data.USBD_FS_DeviceDesc
                0x200000cc       0x12 ./USB_DEVICE/App/usbd_desc.o
                0x200000cc                USBD_FS_DeviceDesc
 *fill*         0x200000de        0x2 
 .data.FS_Desc  0x200000e0       0x1c ./USB_DEVICE/App/usbd_desc.o
                0x200000e0                FS_Desc
 *(.RamFunc)
 *(.RamFunc*)
                0x200000fc                        . = ALIGN (0x4)
                0x200000fc                        _edata = .
                0x08005990                        _siccmram = LOADADDR (.ccmram)

.igot.plt       0x200000fc        0x0 load address 0x08005990
 .igot.plt      0x200000fc        0x0 C:/ST/STM32CubeIDE_1.18.1/STM32CubeIDE/plugins/com.st.stm32cube.ide.mcu.externaltools.gnu-tools-for-stm32.13.3.rel1.win32_1.0.0.202411081344/tools/bin/../lib/gcc/arm-none-eabi/13.3.1/thumb/v7e-m+fp/hard/crtbegin.o

.ccmram         0x10000000        0x0 load address 0x08005990
                0x10000000                        . = ALIGN (0x4)
                0x10000000                        _sccmram = .
 *(.ccmram)
 *(.ccmram*)
                0x10000000                        . = ALIGN (0x4)
                0x10000000                        _eccmram = .
                0x10000000                        . = ALIGN (0x4)

.bss            0x200000fc     0x1e90
                0x200000fc                        _sbss = .
                0x200000fc                        __bss_start__ = _sbss
 *(.bss)
 .bss           0x200000fc       0x1c C:/ST/STM32CubeIDE_1.18.1/STM32CubeIDE/plugins/com.st.stm32cube.ide.mcu.externaltools.gnu-tools-for-stm32.13.3.rel1.win32_1.0.0.202411081344/tools/bin/../lib/gcc/arm-none-eabi/13.3.1/thumb/v7e-m+fp/hard/crtbegin.o
 *(.bss*)
 .bss.hsd       0x20000118       0x84 ./Core/Src/main.o
                0x20000118                hsd
 .bss.hdma_i2s2_ext_rx
                0x2000019c       0x60 ./Core/Src/main.o
                0x2000019c                hdma_i2s2_ext_rx
 .bss.hdma_spi2_tx
                0x200001fc       0x60 ./Core/Src/main.o
                0x200001fc                hdma_spi2_tx
 .bss.hi2s2     0x2000025c       0x48 ./Core/Src/main.o
                0x2000025c                hi2s2
 .bss.hi2c2     0x200002a4       0x54 ./Core/Src/main.o
                0x200002a4                hi2c2
 .bss.hi2c1     0x200002f8       0x54 ./Core/Src/main.o
                0x200002f8                hi2c1
 .bss.hadc1     0x2000034c       0x48 ./Core/Src/main.o
                0x2000034c                hadc1
 .bss.uwTick    0x20000394        0x4 ./Drivers/STM32F4xx_HAL_Driver/Src/stm32f4xx_hal.o
                0x20000394                uwTick
 .bss.SDPath    0x20000398        0x4 ./FATFS/App/fatfs.o
                0x20000398                SDPath
 .bss.retSD     0x2000039c        0x1 ./FATFS/App/fatfs.o
                0x2000039c                retSD
 .bss.cfgidx.0  0x2000039d        0x1 ./Middlewares/ST/STM32_USB_Device_Library/Core/Src/usbd_ctlreq.o
 *fill*         0x2000039e        0x2 
 .bss.disk      0x200003a0        0xc ./Middlewares/Third_Party/FatFs/src/ff_gen_drv.o
                0x200003a0                disk
 .bss.hUsbDeviceFS
                0x200003ac      0x2dc ./USB_DEVICE/App/usb_device.o
                0x200003ac                hUsbDeviceFS
 .bss.UserTxBufferFS
                0x20000688      0x800 ./USB_DEVICE/App/usbd_cdc_if.o
                0x20000688                UserTxBufferFS
 .bss.UserRxBufferFS
                0x20000e88      0x800 ./USB_DEVICE/App/usbd_cdc_if.o
                0x20000e88                UserRxBufferFS
 .bss.USBD_StrDesc
                0x20001688      0x200 ./USB_DEVICE/App/usbd_desc.o
                0x20001688                USBD_StrDesc
 .bss.mem.0     0x20001888      0x220 ./USB_DEVICE/Target/usbd_conf.o
 .bss.hpcd_USB_OTG_FS
                0x20001aa8      0x4e4 ./USB_DEVICE/Target/usbd_conf.o
                0x20001aa8                hpcd_USB_OTG_FS
 *(COMMON)
                0x20001f8c                        . = ALIGN (0x4)
                0x20001f8c                        _ebss = .
                0x20001f8c                        __bss_end__ = _ebss

._user_heap_stack
                0x20001f8c      0x604
                0x20001f90                        . = ALIGN (0x8)
 *fill*         0x20001f8c        0x4 
                [!provide]                        PROVIDE (end = .)
                0x20001f90                        PROVIDE (_end = .)
                0x20002190                        . = (. + _Min_Heap_Size)
 *fill*         0x20001f90      0x200 
                0x20002590                        . = (. + _Min_Stack_Size)
 *fill*         0x20002190      0x400 
                0x20002590                        . = ALIGN (0x8)

/DISCARD/
 libc.a(*)
 libm.a(*)
 libgcc.a(*)

.ARM.attributes
                0x00000000       0x30
 *(.ARM.attributes)
 .ARM.attributes
                0x00000000       0x22 C:/ST/STM32CubeIDE_1.18.1/STM32CubeIDE/plugins/com.st.stm32cube.ide.mcu.externaltools.gnu-tools-for-stm32.13.3.rel1.win32_1.0.0.202411081344/tools/bin/../lib/gcc/arm-none-eabi/13.3.1/thumb/v7e-m+fp/hard/crti.o
 .ARM.attributes
                0x00000022       0x34 C:/ST/STM32CubeIDE_1.18.1/STM32CubeIDE/plugins/com.st.stm32cube.ide.mcu.externaltools.gnu-tools-for-stm32.13.3.rel1.win32_1.0.0.202411081344/tools/bin/../lib/gcc/arm-none-eabi/13.3.1/thumb/v7e-m+fp/hard/crtbegin.o
 .ARM.attributes
                0x00000056       0x34 ./Core/Src/main.o
 .ARM.attributes
                0x0000008a       0x34 ./Core/Src/stm32f4xx_hal_msp.o
 .ARM.attributes
                0x000000be       0x34 ./Core/Src/stm32f4xx_it.o
 .ARM.attributes
                0x000000f2       0x34 ./Core/Src/system_stm32f4xx.o
 .ARM.attributes
                0x00000126       0x21 ./Core/Startup/startup_stm32f405rgtx.o
 .ARM.attributes
                0x00000147       0x34 ./Drivers/STM32F4xx_HAL_Driver/Src/stm32f4xx_hal.o
 .ARM.attributes
                0x0000017b       0x34 ./Drivers/STM32F4xx_HAL_Driver/Src/stm32f4xx_hal_adc.o
 .ARM.attributes
                0x000001af       0x34 ./Drivers/STM32F4xx_HAL_Driver/Src/stm32f4xx_hal_cortex.o
 .ARM.attributes
                0x000001e3       0x34 ./Drivers/STM32F4xx_HAL_Driver/Src/stm32f4xx_hal_dma.o
 .ARM.attributes
                0x00000217       0x34 ./Drivers/STM32F4xx_HAL_Driver/Src/stm32f4xx_hal_gpio.o
 .ARM.attributes
                0x0000024b       0x34 ./Drivers/STM32F4xx_HAL_Driver/Src/stm32f4xx_hal_i2c.o
 .ARM.attributes
                0x0000027f       0x34 ./Drivers/STM32F4xx_HAL_Driver/Src/stm32f4xx_hal_i2s.o
 .ARM.attributes
                0x000002b3       0x34 ./Drivers/STM32F4xx_HAL_Driver/Src/stm32f4xx_hal_i2s_ex.o
 .ARM.attributes
                0x000002e7       0x34 ./Drivers/STM32F4xx_HAL_Driver/Src/stm32f4xx_hal_pcd.o
 .ARM.attributes
                0x0000031b       0x34 ./Drivers/STM32F4xx_HAL_Driver/Src/stm32f4xx_hal_pcd_ex.o
 .ARM.attributes
                0x0000034f       0x34 ./Drivers/STM32F4xx_HAL_Driver/Src/stm32f4xx_hal_rcc.o
 .ARM.attributes
                0x00000383       0x34 ./Drivers/STM32F4xx_HAL_Driver/Src/stm32f4xx_hal_rcc_ex.o
 .ARM.attributes
                0x000003b7       0x34 ./Drivers/STM32F4xx_HAL_Driver/Src/stm32f4xx_hal_sd.o
 .ARM.attributes
                0x000003eb       0x34 ./Drivers/STM32F4xx_HAL_Driver/Src/stm32f4xx_ll_sdmmc.o
 .ARM.attributes
                0x0000041f       0x34 ./Drivers/STM32F4xx_HAL_Driver/Src/stm32f4xx_ll_usb.o
 .ARM.attributes
                0x00000453       0x34 ./FATFS/App/fatfs.o
 .ARM.attributes
                0x00000487       0x34 ./FATFS/Target/bsp_driver_sd.o
 .ARM.attributes
                0x000004bb       0x34 ./FATFS/Target/sd_diskio.o
 .ARM.attributes
                0x000004ef       0x34 ./Middlewares/ST/STM32_USB_Device_Library/Class/CDC/Src/usbd_cdc.o
 .ARM.attributes
                0x00000523       0x34 ./Middlewares/ST/STM32_USB_Device_Library/Core/Src/usbd_core.o
 .ARM.attributes
                0x00000557       0x34 ./Middlewares/ST/STM32_USB_Device_Library/Core/Src/usbd_ctlreq.o
 .ARM.attributes
                0x0000058b       0x34 ./Middlewares/ST/STM32_USB_Device_Library/Core/Src/usbd_ioreq.o
 .ARM.attributes
                0x000005bf       0x34 ./Middlewares/Third_Party/FatFs/src/ff_gen_drv.o
 .ARM.attributes
                0x000005f3       0x34 ./USB_DEVICE/App/usb_device.o
 .ARM.attributes
                0x00000627       0x34 ./USB_DEVICE/App/usbd_cdc_if.o
 .ARM.attributes
                0x0000065b       0x34 ./USB_DEVICE/App/usbd_desc.o
 .ARM.attributes
                0x0000068f       0x34 ./USB_DEVICE/Target/usbd_conf.o
 .ARM.attributes
                0x000006c3       0x34 C:/ST/STM32CubeIDE_1.18.1/STM32CubeIDE/plugins/com.st.stm32cube.ide.mcu.externaltools.gnu-tools-for-stm32.13.3.rel1.win32_1.0.0.202411081344/tools/bin/../lib/gcc/arm-none-eabi/13.3.1/../../../../arm-none-eabi/lib/thumb/v7e-m+fp/hard\libc_nano.a(libc_a-memset.o)
 .ARM.attributes
                0x000006f7       0x34 C:/ST/STM32CubeIDE_1.18.1/STM32CubeIDE/plugins/com.st.stm32cube.ide.mcu.externaltools.gnu-tools-for-stm32.13.3.rel1.win32_1.0.0.202411081344/tools/bin/../lib/gcc/arm-none-eabi/13.3.1/../../../../arm-none-eabi/lib/thumb/v7e-m+fp/hard\libc_nano.a(libc_a-init.o)
 .ARM.attributes
                0x0000072b       0x17 C:/ST/STM32CubeIDE_1.18.1/STM32CubeIDE/plugins/com.st.stm32cube.ide.mcu.externaltools.gnu-tools-for-stm32.13.3.rel1.win32_1.0.0.202411081344/tools/bin/../lib/gcc/arm-none-eabi/13.3.1/../../../../arm-none-eabi/lib/thumb/v7e-m+fp/hard\libc_nano.a(libc_a-strlen.o)
 .ARM.attributes
                0x00000742       0x22 C:/ST/STM32CubeIDE_1.18.1/STM32CubeIDE/plugins/com.st.stm32cube.ide.mcu.externaltools.gnu-tools-for-stm32.13.3.rel1.win32_1.0.0.202411081344/tools/bin/../lib/gcc/arm-none-eabi/13.3.1/thumb/v7e-m+fp/hard\libgcc.a(_aeabi_uldivmod.o)
 .ARM.attributes
                0x00000764       0x34 C:/ST/STM32CubeIDE_1.18.1/STM32CubeIDE/plugins/com.st.stm32cube.ide.mcu.externaltools.gnu-tools-for-stm32.13.3.rel1.win32_1.0.0.202411081344/tools/bin/../lib/gcc/arm-none-eabi/13.3.1/thumb/v7e-m+fp/hard\libgcc.a(_udivmoddi4.o)
 .ARM.attributes
                0x00000798       0x22 C:/ST/STM32CubeIDE_1.18.1/STM32CubeIDE/plugins/com.st.stm32cube.ide.mcu.externaltools.gnu-tools-for-stm32.13.3.rel1.win32_1.0.0.202411081344/tools/bin/../lib/gcc/arm-none-eabi/13.3.1/thumb/v7e-m+fp/hard\libgcc.a(_dvmd_tls.o)
 .ARM.attributes
                0x000007ba       0x22 C:/ST/STM32CubeIDE_1.18.1/STM32CubeIDE/plugins/com.st.stm32cube.ide.mcu.externaltools.gnu-tools-for-stm32.13.3.rel1.win32_1.0.0.202411081344/tools/bin/../lib/gcc/arm-none-eabi/13.3.1/thumb/v7e-m+fp/hard/crtn.o
OUTPUT(LOFI_SAMPLER.elf elf32-littlearm)
LOAD linker stubs
LOAD C:/ST/STM32CubeIDE_1.18.1/STM32CubeIDE/plugins/com.st.stm32cube.ide.mcu.externaltools.gnu-tools-for-stm32.13.3.rel1.win32_1.0.0.202411081344/tools/bin/../lib/gcc/arm-none-eabi/13.3.1/../../../../arm-none-eabi/lib/thumb/v7e-m+fp/hard\libc.a
LOAD C:/ST/STM32CubeIDE_1.18.1/STM32CubeIDE/plugins/com.st.stm32cube.ide.mcu.externaltools.gnu-tools-for-stm32.13.3.rel1.win32_1.0.0.202411081344/tools/bin/../lib/gcc/arm-none-eabi/13.3.1/../../../../arm-none-eabi/lib/thumb/v7e-m+fp/hard\libm.a
LOAD C:/ST/STM32CubeIDE_1.18.1/STM32CubeIDE/plugins/com.st.stm32cube.ide.mcu.externaltools.gnu-tools-for-stm32.13.3.rel1.win32_1.0.0.202411081344/tools/bin/../lib/gcc/arm-none-eabi/13.3.1/thumb/v7e-m+fp/hard\libgcc.a

.comment        0x00000000       0x43
 .comment       0x00000000       0x43 ./Core/Src/main.o
                                 0x44 (size before relaxing)
 .comment       0x00000043       0x44 ./Core/Src/stm32f4xx_hal_msp.o
 .comment       0x00000043       0x44 ./Core/Src/stm32f4xx_it.o
 .comment       0x00000043       0x44 ./Core/Src/system_stm32f4xx.o
 .comment       0x00000043       0x44 ./Drivers/STM32F4xx_HAL_Driver/Src/stm32f4xx_hal.o
 .comment       0x00000043       0x44 ./Drivers/STM32F4xx_HAL_Driver/Src/stm32f4xx_hal_adc.o
 .comment       0x00000043       0x44 ./Drivers/STM32F4xx_HAL_Driver/Src/stm32f4xx_hal_cortex.o
 .comment       0x00000043       0x44 ./Drivers/STM32F4xx_HAL_Driver/Src/stm32f4xx_hal_dma.o
 .comment       0x00000043       0x44 ./Drivers/STM32F4xx_HAL_Driver/Src/stm32f4xx_hal_gpio.o
 .comment       0x00000043       0x44 ./Drivers/STM32F4xx_HAL_Driver/Src/stm32f4xx_hal_i2c.o
 .comment       0x00000043       0x44 ./Drivers/STM32F4xx_HAL_Driver/Src/stm32f4xx_hal_i2s.o
 .comment       0x00000043       0x44 ./Drivers/STM32F4xx_HAL_Driver/Src/stm32f4xx_hal_i2s_ex.o
 .comment       0x00000043       0x44 ./Drivers/STM32F4xx_HAL_Driver/Src/stm32f4xx_hal_pcd.o
 .comment       0x00000043       0x44 ./Drivers/STM32F4xx_HAL_Driver/Src/stm32f4xx_hal_pcd_ex.o
 .comment       0x00000043       0x44 ./Drivers/STM32F4xx_HAL_Driver/Src/stm32f4xx_hal_rcc.o
 .comment       0x00000043       0x44 ./Drivers/STM32F4xx_HAL_Driver/Src/stm32f4xx_hal_rcc_ex.o
 .comment       0x00000043       0x44 ./Drivers/STM32F4xx_HAL_Driver/Src/stm32f4xx_hal_sd.o
 .comment       0x00000043       0x44 ./Drivers/STM32F4xx_HAL_Driver/Src/stm32f4xx_ll_sdmmc.o
 .comment       0x00000043       0x44 ./Drivers/STM32F4xx_HAL_Driver/Src/stm32f4xx_ll_usb.o
 .comment       0x00000043       0x44 ./FATFS/App/fatfs.o
 .comment       0x00000043       0x44 ./FATFS/Target/bsp_driver_sd.o
 .comment       0x00000043       0x44 ./FATFS/Target/sd_diskio.o
 .comment       0x00000043       0x44 ./Middlewares/ST/STM32_USB_Device_Library/Class/CDC/Src/usbd_cdc.o
 .comment       0x00000043       0x44 ./Middlewares/ST/STM32_USB_Device_Library/Core/Src/usbd_core.o
 .comment       0x00000043       0x44 ./Middlewares/ST/STM32_USB_Device_Library/Core/Src/usbd_ctlreq.o
 .comment       0x00000043       0x44 ./Middlewares/ST/STM32_USB_Device_Library/Core/Src/usbd_ioreq.o
 .comment       0x00000043       0x44 ./Middlewares/Third_Party/FatFs/src/ff_gen_drv.o
 .comment       0x00000043       0x44 ./USB_DEVICE/App/usb_device.o
 .comment       0x00000043       0x44 ./USB_DEVICE/App/usbd_cdc_if.o
 .comment       0x00000043       0x44 ./USB_DEVICE/App/usbd_desc.o
 .comment       0x00000043       0x44 ./USB_DEVICE/Target/usbd_conf.o

.debug_frame    0x00000000       0xac
 .debug_frame   0x00000000       0x20 C:/ST/STM32CubeIDE_1.18.1/STM32CubeIDE/plugins/com.st.stm32cube.ide.mcu.externaltools.gnu-tools-for-stm32.13.3.rel1.win32_1.0.0.202411081344/tools/bin/../lib/gcc/arm-none-eabi/13.3.1/../../../../arm-none-eabi/lib/thumb/v7e-m+fp/hard\libc_nano.a(libc_a-memset.o)
 .debug_frame   0x00000020       0x2c C:/ST/STM32CubeIDE_1.18.1/STM32CubeIDE/plugins/com.st.stm32cube.ide.mcu.externaltools.gnu-tools-for-stm32.13.3.rel1.win32_1.0.0.202411081344/tools/bin/../lib/gcc/arm-none-eabi/13.3.1/../../../../arm-none-eabi/lib/thumb/v7e-m+fp/hard\libc_nano.a(libc_a-init.o)
 .debug_frame   0x0000004c       0x2c C:/ST/STM32CubeIDE_1.18.1/STM32CubeIDE/plugins/com.st.stm32cube.ide.mcu.externaltools.gnu-tools-for-stm32.13.3.rel1.win32_1.0.0.202411081344/tools/bin/../lib/gcc/arm-none-eabi/13.3.1/thumb/v7e-m+fp/hard\libgcc.a(_aeabi_uldivmod.o)
 .debug_frame   0x00000078       0x34 C:/ST/STM32CubeIDE_1.18.1/STM32CubeIDE/plugins/com.st.stm32cube.ide.mcu.externaltools.gnu-tools-for-stm32.13.3.rel1.win32_1.0.0.202411081344/tools/bin/../lib/gcc/arm-none-eabi/13.3.1/thumb/v7e-m+fp/hard\libgcc.a(_udivmoddi4.o)
