../Core/Src/stm32f4xx_hal_msp.c:66:6:HAL_MspInit	8	static
../Core/Src/stm32f4xx_hal_msp.c:89:6:HAL_ADC_MspInit	40	static
../Core/Src/stm32f4xx_hal_msp.c:125:6:HAL_ADC_MspDeInit	0	static
../Core/Src/stm32f4xx_hal_msp.c:155:6:HAL_I2C_MspInit	56	static
../Core/Src/stm32f4xx_hal_msp.c:215:6:HAL_I2C_MspDeInit	8	static
../Core/Src/stm32f4xx_hal_msp.c:266:6:HAL_I2S_MspInit	72	static
../Core/Src/stm32f4xx_hal_msp.c:370:6:HAL_I2S_MspDeInit	8	static
../Core/Src/stm32f4xx_hal_msp.c:407:6:HAL_SD_MspInit	56	static
../Core/Src/stm32f4xx_hal_msp.c:457:6:HAL_SD_MspDeInit	8	static
