../Core/Src/main.c:96:6:DisplayPotBars	56	static
../Core/Src/main.c:137:6:HAL_I2SEx_TxRxHalfCpltCallback	16	static
../Core/Src/main.c:143:6:HAL_I2SEx_TxRxCpltCallback	16	static
../Core/Src/main.c:151:6:ProcessData	16	static
../Core/Src/main.c:196:5:main	32	static
../Core/Src/main.c:322:6:SystemClock_Config	88	static
../Core/Src/main.c:368:13:MX_ADC1_Init	24	static
../Core/Src/main.c:438:13:MX_I2C1_Init	8	static
../Core/Src/main.c:472:13:MX_I2C2_Init	8	static
../Core/Src/main.c:506:13:MX_I2S2_Init	8	static
../Core/Src/main.c:540:13:MX_TIM2_Init	64	static
../Core/Src/main.c:596:13:MX_DMA_Init	16	static
../Core/Src/main.c:621:13:MX_GPIO_Init	48	static
../Core/Src/main.c:695:6:Error_Handler	4	static,ignoring_inline_asm
